[0.007s] Invoking command in '/home/trungbao/cyberrunner_ws/build/cyberrunner_cpp': CMAKE_PREFIX_PATH=${CMAKE_PREFIX_PATH}:/home/trungbao/cyberrunner_ws/install/cyberrunner_vision:/home/trungbao/cyberrunner_ws/install/cyberrunner_state_estimation:/home/trungbao/cyberrunner_ws/install/cyberrunner_pid:/home/trungbao/cyberrunner_ws/install/cyberrunner_dreamer:/home/trungbao/cyberrunner_ws/install/cyberrunner_hiwonder:/opt/ros/humble /usr/bin/cmake --build /home/trungbao/cyberrunner_ws/build/cyberrunner_cpp -- -j24 -l24
[0.041s] Consolidate compiler generated dependencies of target ri_node
[0.049s] [ 33%] Built target path_progress_node
[0.049s] [ 27%] Built target controller_node
[0.049s] [ 27%] Built target hiwonder_node
[0.050s] [ 44%] Built target tuner_node
[0.050s] [ 50%] Building CXX object CMakeFiles/ri_node.dir/src/ri_node.cpp.o
[0.051s] [ 66%] Built target path_node
[0.051s] [ 72%] Built target camera_node
[0.051s] [ 88%] Built target marble_node
[0.051s] [ 94%] Built target estimator_node
[12.938s] [100%] Linking CXX executable ri_node
[13.093s] [100%] Built target ri_node
[13.102s] Invoked command in '/home/trungbao/cyberrunner_ws/build/cyberrunner_cpp' returned '0': CMAKE_PREFIX_PATH=${CMAKE_PREFIX_PATH}:/home/trungbao/cyberrunner_ws/install/cyberrunner_vision:/home/trungbao/cyberrunner_ws/install/cyberrunner_state_estimation:/home/trungbao/cyberrunner_ws/install/cyberrunner_pid:/home/trungbao/cyberrunner_ws/install/cyberrunner_dreamer:/home/trungbao/cyberrunner_ws/install/cyberrunner_hiwonder:/opt/ros/humble /usr/bin/cmake --build /home/trungbao/cyberrunner_ws/build/cyberrunner_cpp -- -j24 -l24
[13.109s] Invoking command in '/home/trungbao/cyberrunner_ws/build/cyberrunner_cpp': CMAKE_PREFIX_PATH=${CMAKE_PREFIX_PATH}:/home/trungbao/cyberrunner_ws/install/cyberrunner_vision:/home/trungbao/cyberrunner_ws/install/cyberrunner_state_estimation:/home/trungbao/cyberrunner_ws/install/cyberrunner_pid:/home/trungbao/cyberrunner_ws/install/cyberrunner_dreamer:/home/trungbao/cyberrunner_ws/install/cyberrunner_hiwonder:/opt/ros/humble /usr/bin/cmake --install /home/trungbao/cyberrunner_ws/build/cyberrunner_cpp
[13.115s] -- Install configuration: "Release"
[13.115s] -- Up-to-date: /home/trungbao/cyberrunner_ws/install/cyberrunner_cpp/lib/cyberrunner_cpp/camera_node
[13.115s] -- Up-to-date: /home/trungbao/cyberrunner_ws/install/cyberrunner_cpp/lib/cyberrunner_cpp/estimator_node
[13.115s] -- Up-to-date: /home/trungbao/cyberrunner_ws/install/cyberrunner_cpp/lib/cyberrunner_cpp/marble_node
[13.115s] -- Up-to-date: /home/trungbao/cyberrunner_ws/install/cyberrunner_cpp/lib/cyberrunner_cpp/path_node
[13.115s] -- Up-to-date: /home/trungbao/cyberrunner_ws/install/cyberrunner_cpp/lib/cyberrunner_cpp/path_progress_node
[13.115s] -- Installing: /home/trungbao/cyberrunner_ws/install/cyberrunner_cpp/lib/cyberrunner_cpp/ri_node
[13.117s] -- Set runtime path of "/home/trungbao/cyberrunner_ws/install/cyberrunner_cpp/lib/cyberrunner_cpp/ri_node" to ""
[13.117s] -- Up-to-date: /home/trungbao/cyberrunner_ws/install/cyberrunner_cpp/lib/cyberrunner_cpp/controller_node
[13.117s] -- Up-to-date: /home/trungbao/cyberrunner_ws/install/cyberrunner_cpp/lib/cyberrunner_cpp/hiwonder_node
[13.117s] -- Up-to-date: /home/trungbao/cyberrunner_ws/install/cyberrunner_cpp/lib/cyberrunner_cpp/tuner_node
[13.117s] -- Up-to-date: /home/trungbao/cyberrunner_ws/install/cyberrunner_cpp/share/cyberrunner_cpp/launch
[13.117s] -- Installing: /home/trungbao/cyberrunner_ws/install/cyberrunner_cpp/share/cyberrunner_cpp/launch/cyberrunner.launch.py
[13.117s] -- Up-to-date: /home/trungbao/cyberrunner_ws/install/cyberrunner_cpp/include
[13.117s] -- Up-to-date: /home/trungbao/cyberrunner_ws/install/cyberrunner_cpp/include/cyberrunner
[13.117s] -- Up-to-date: /home/trungbao/cyberrunner_ws/install/cyberrunner_cpp/include/cyberrunner/linear_path.hpp
[13.117s] -- Up-to-date: /home/trungbao/cyberrunner_ws/install/cyberrunner_cpp/include/cyberrunner/ocam_model.hpp
[13.117s] -- Up-to-date: /home/trungbao/cyberrunner_ws/install/cyberrunner_cpp/share/ament_index/resource_index/package_run_dependencies/cyberrunner_cpp
[13.117s] -- Up-to-date: /home/trungbao/cyberrunner_ws/install/cyberrunner_cpp/share/ament_index/resource_index/parent_prefix_path/cyberrunner_cpp
[13.117s] -- Up-to-date: /home/trungbao/cyberrunner_ws/install/cyberrunner_cpp/share/cyberrunner_cpp/environment/ament_prefix_path.sh
[13.117s] -- Up-to-date: /home/trungbao/cyberrunner_ws/install/cyberrunner_cpp/share/cyberrunner_cpp/environment/ament_prefix_path.dsv
[13.117s] -- Up-to-date: /home/trungbao/cyberrunner_ws/install/cyberrunner_cpp/share/cyberrunner_cpp/environment/path.sh
[13.117s] -- Up-to-date: /home/trungbao/cyberrunner_ws/install/cyberrunner_cpp/share/cyberrunner_cpp/environment/path.dsv
[13.118s] -- Up-to-date: /home/trungbao/cyberrunner_ws/install/cyberrunner_cpp/share/cyberrunner_cpp/local_setup.bash
[13.118s] -- Up-to-date: /home/trungbao/cyberrunner_ws/install/cyberrunner_cpp/share/cyberrunner_cpp/local_setup.sh
[13.118s] -- Up-to-date: /home/trungbao/cyberrunner_ws/install/cyberrunner_cpp/share/cyberrunner_cpp/local_setup.zsh
[13.118s] -- Up-to-date: /home/trungbao/cyberrunner_ws/install/cyberrunner_cpp/share/cyberrunner_cpp/local_setup.dsv
[13.118s] -- Installing: /home/trungbao/cyberrunner_ws/install/cyberrunner_cpp/share/cyberrunner_cpp/package.dsv
[13.118s] -- Up-to-date: /home/trungbao/cyberrunner_ws/install/cyberrunner_cpp/share/ament_index/resource_index/packages/cyberrunner_cpp
[13.118s] -- Up-to-date: /home/trungbao/cyberrunner_ws/install/cyberrunner_cpp/share/cyberrunner_cpp/cmake/cyberrunner_cppConfig.cmake
[13.118s] -- Up-to-date: /home/trungbao/cyberrunner_ws/install/cyberrunner_cpp/share/cyberrunner_cpp/cmake/cyberrunner_cppConfig-version.cmake
[13.118s] -- Up-to-date: /home/trungbao/cyberrunner_ws/install/cyberrunner_cpp/share/cyberrunner_cpp/package.xml
[13.119s] Invoked command in '/home/trungbao/cyberrunner_ws/build/cyberrunner_cpp' returned '0': CMAKE_PREFIX_PATH=${CMAKE_PREFIX_PATH}:/home/trungbao/cyberrunner_ws/install/cyberrunner_vision:/home/trungbao/cyberrunner_ws/install/cyberrunner_state_estimation:/home/trungbao/cyberrunner_ws/install/cyberrunner_pid:/home/trungbao/cyberrunner_ws/install/cyberrunner_dreamer:/home/trungbao/cyberrunner_ws/install/cyberrunner_hiwonder:/opt/ros/humble /usr/bin/cmake --install /home/trungbao/cyberrunner_ws/build/cyberrunner_cpp
