[0.593s] Invoking command in '/home/trungbao/cyberrunner_ws/build/cyberrunner_state_estimation': PYTHONPATH=/home/trungbao/cyberrunner_ws/build/cyberrunner_state_estimation/prefix_override:/usr/lib/python3/dist-packages/colcon_core/task/python/colcon_distutils_commands:/home/trungbao/cyberrunner_ws/install/cyberrunner_state_estimation/lib/python3.10/site-packages:${PYTHONPATH} /usr/bin/python3 -W ignore:setup.py install is deprecated -W ignore:easy_install command is deprecated setup.py develop --uninstall --editable --build-directory /home/trungbao/cyberrunner_ws/build/cyberrunner_state_estimation/build
[0.700s] /home/trungbao/.local/lib/python3.10/site-packages/setuptools/_distutils/dist.py:289: UserWarning: Unknown distribution option: 'tests_require'
[0.700s]   warnings.warn(msg)
[0.770s] running develop
[0.860s] Removing /home/trungbao/cyberrunner_ws/install/cyberrunner_state_estimation/lib/python3.10/site-packages/cyberrunner-state-estimation.egg-link (link to .)
[0.876s] Invoked command in '/home/trungbao/cyberrunner_ws/build/cyberrunner_state_estimation' returned '0': PYTHONPATH=/home/trungbao/cyberrunner_ws/build/cyberrunner_state_estimation/prefix_override:/usr/lib/python3/dist-packages/colcon_core/task/python/colcon_distutils_commands:/home/trungbao/cyberrunner_ws/install/cyberrunner_state_estimation/lib/python3.10/site-packages:${PYTHONPATH} /usr/bin/python3 -W ignore:setup.py install is deprecated -W ignore:easy_install command is deprecated setup.py develop --uninstall --editable --build-directory /home/trungbao/cyberrunner_ws/build/cyberrunner_state_estimation/build
[0.877s] Invoking command in '/home/trungbao/cyberrunner_ws/src/cyberrunner/cyberrunner_state_estimation': PYTHONPATH=/home/trungbao/cyberrunner_ws/build/cyberrunner_state_estimation/prefix_override:/usr/lib/python3/dist-packages/colcon_core/task/python/colcon_distutils_commands:/home/trungbao/cyberrunner_ws/install/cyberrunner_state_estimation/lib/python3.10/site-packages:${PYTHONPATH} /usr/bin/python3 -W ignore:setup.py install is deprecated -W ignore:easy_install command is deprecated setup.py egg_info --egg-base ../../../build/cyberrunner_state_estimation build --build-base /home/trungbao/cyberrunner_ws/build/cyberrunner_state_estimation/build install --record /home/trungbao/cyberrunner_ws/build/cyberrunner_state_estimation/install.log --single-version-externally-managed install_data --force
[0.964s] /home/trungbao/.local/lib/python3.10/site-packages/setuptools/_distutils/dist.py:289: UserWarning: Unknown distribution option: 'tests_require'
[0.964s]   warnings.warn(msg)
[1.008s] running egg_info
[1.015s] writing ../../../build/cyberrunner_state_estimation/cyberrunner_state_estimation.egg-info/PKG-INFO
[1.015s] writing dependency_links to ../../../build/cyberrunner_state_estimation/cyberrunner_state_estimation.egg-info/dependency_links.txt
[1.015s] writing entry points to ../../../build/cyberrunner_state_estimation/cyberrunner_state_estimation.egg-info/entry_points.txt
[1.015s] writing requirements to ../../../build/cyberrunner_state_estimation/cyberrunner_state_estimation.egg-info/requires.txt
[1.015s] writing top-level names to ../../../build/cyberrunner_state_estimation/cyberrunner_state_estimation.egg-info/top_level.txt
[1.030s] reading manifest file '../../../build/cyberrunner_state_estimation/cyberrunner_state_estimation.egg-info/SOURCES.txt'
[1.031s] writing manifest file '../../../build/cyberrunner_state_estimation/cyberrunner_state_estimation.egg-info/SOURCES.txt'
[1.031s] running build
[1.031s] running build_py
[1.031s] copying cyberrunner_state_estimation/__init__.py -> /home/trungbao/cyberrunner_ws/build/cyberrunner_state_estimation/build/lib/cyberrunner_state_estimation
[1.031s] copying cyberrunner_state_estimation/cyberrunner_state_estimation_node.py -> /home/trungbao/cyberrunner_ws/build/cyberrunner_state_estimation/build/lib/cyberrunner_state_estimation
[1.032s] copying cyberrunner_state_estimation/select_markers.py -> /home/trungbao/cyberrunner_ws/build/cyberrunner_state_estimation/build/lib/cyberrunner_state_estimation
[1.032s] copying cyberrunner_state_estimation/cyberrunner_state_estimation_subimg.py -> /home/trungbao/cyberrunner_ws/build/cyberrunner_state_estimation/build/lib/cyberrunner_state_estimation
[1.032s] copying cyberrunner_state_estimation/core/masking.py -> /home/trungbao/cyberrunner_ws/build/cyberrunner_state_estimation/build/lib/cyberrunner_state_estimation/core
[1.032s] copying cyberrunner_state_estimation/core/__init__.py -> /home/trungbao/cyberrunner_ws/build/cyberrunner_state_estimation/build/lib/cyberrunner_state_estimation/core
[1.032s] copying cyberrunner_state_estimation/core/plate_pose.py -> /home/trungbao/cyberrunner_ws/build/cyberrunner_state_estimation/build/lib/cyberrunner_state_estimation/core
[1.032s] copying cyberrunner_state_estimation/core/detection.py -> /home/trungbao/cyberrunner_ws/build/cyberrunner_state_estimation/build/lib/cyberrunner_state_estimation/core
[1.032s] copying cyberrunner_state_estimation/core/measurements.py -> /home/trungbao/cyberrunner_ws/build/cyberrunner_state_estimation/build/lib/cyberrunner_state_estimation/core
[1.032s] copying cyberrunner_state_estimation/core/estimation_pipeline.py -> /home/trungbao/cyberrunner_ws/build/cyberrunner_state_estimation/build/lib/cyberrunner_state_estimation/core
[1.032s] copying cyberrunner_state_estimation/core/estimator.py -> /home/trungbao/cyberrunner_ws/build/cyberrunner_state_estimation/build/lib/cyberrunner_state_estimation/core
[1.032s] copying cyberrunner_state_estimation/core/gaussian_robust.py -> /home/trungbao/cyberrunner_ws/build/cyberrunner_state_estimation/build/lib/cyberrunner_state_estimation/core
[1.032s] copying cyberrunner_state_estimation/utils/__init__.py -> /home/trungbao/cyberrunner_ws/build/cyberrunner_state_estimation/build/lib/cyberrunner_state_estimation/utils
[1.032s] copying cyberrunner_state_estimation/utils/divers.py -> /home/trungbao/cyberrunner_ws/build/cyberrunner_state_estimation/build/lib/cyberrunner_state_estimation/utils
[1.032s] copying cyberrunner_state_estimation/utils/ocam_model.py -> /home/trungbao/cyberrunner_ws/build/cyberrunner_state_estimation/build/lib/cyberrunner_state_estimation/utils
[1.033s] copying cyberrunner_state_estimation/utils/camera_pose_visualizer.py -> /home/trungbao/cyberrunner_ws/build/cyberrunner_state_estimation/build/lib/cyberrunner_state_estimation/utils
[1.033s] copying cyberrunner_state_estimation/utils/profiler_file.py -> /home/trungbao/cyberrunner_ws/build/cyberrunner_state_estimation/build/lib/cyberrunner_state_estimation/utils
[1.033s] copying cyberrunner_state_estimation/utils/anim_3d.py -> /home/trungbao/cyberrunner_ws/build/cyberrunner_state_estimation/build/lib/cyberrunner_state_estimation/utils
[1.033s] running install
[1.035s] running install_lib
[1.042s] copying /home/trungbao/cyberrunner_ws/build/cyberrunner_state_estimation/build/lib/cyberrunner_state_estimation/__init__.py -> /home/trungbao/cyberrunner_ws/install/cyberrunner_state_estimation/lib/python3.10/site-packages/cyberrunner_state_estimation
[1.043s] copying /home/trungbao/cyberrunner_ws/build/cyberrunner_state_estimation/build/lib/cyberrunner_state_estimation/cyberrunner_state_estimation_node.py -> /home/trungbao/cyberrunner_ws/install/cyberrunner_state_estimation/lib/python3.10/site-packages/cyberrunner_state_estimation
[1.043s] copying /home/trungbao/cyberrunner_ws/build/cyberrunner_state_estimation/build/lib/cyberrunner_state_estimation/select_markers.py -> /home/trungbao/cyberrunner_ws/install/cyberrunner_state_estimation/lib/python3.10/site-packages/cyberrunner_state_estimation
[1.043s] copying /home/trungbao/cyberrunner_ws/build/cyberrunner_state_estimation/build/lib/cyberrunner_state_estimation/cyberrunner_state_estimation_subimg.py -> /home/trungbao/cyberrunner_ws/install/cyberrunner_state_estimation/lib/python3.10/site-packages/cyberrunner_state_estimation
[1.043s] copying /home/trungbao/cyberrunner_ws/build/cyberrunner_state_estimation/build/lib/cyberrunner_state_estimation/core/masking.py -> /home/trungbao/cyberrunner_ws/install/cyberrunner_state_estimation/lib/python3.10/site-packages/cyberrunner_state_estimation/core
[1.043s] copying /home/trungbao/cyberrunner_ws/build/cyberrunner_state_estimation/build/lib/cyberrunner_state_estimation/core/__init__.py -> /home/trungbao/cyberrunner_ws/install/cyberrunner_state_estimation/lib/python3.10/site-packages/cyberrunner_state_estimation/core
[1.043s] copying /home/trungbao/cyberrunner_ws/build/cyberrunner_state_estimation/build/lib/cyberrunner_state_estimation/core/plate_pose.py -> /home/trungbao/cyberrunner_ws/install/cyberrunner_state_estimation/lib/python3.10/site-packages/cyberrunner_state_estimation/core
[1.043s] copying /home/trungbao/cyberrunner_ws/build/cyberrunner_state_estimation/build/lib/cyberrunner_state_estimation/core/detection.py -> /home/trungbao/cyberrunner_ws/install/cyberrunner_state_estimation/lib/python3.10/site-packages/cyberrunner_state_estimation/core
[1.043s] copying /home/trungbao/cyberrunner_ws/build/cyberrunner_state_estimation/build/lib/cyberrunner_state_estimation/core/measurements.py -> /home/trungbao/cyberrunner_ws/install/cyberrunner_state_estimation/lib/python3.10/site-packages/cyberrunner_state_estimation/core
[1.043s] copying /home/trungbao/cyberrunner_ws/build/cyberrunner_state_estimation/build/lib/cyberrunner_state_estimation/core/estimation_pipeline.py -> /home/trungbao/cyberrunner_ws/install/cyberrunner_state_estimation/lib/python3.10/site-packages/cyberrunner_state_estimation/core
[1.043s] copying /home/trungbao/cyberrunner_ws/build/cyberrunner_state_estimation/build/lib/cyberrunner_state_estimation/core/estimator.py -> /home/trungbao/cyberrunner_ws/install/cyberrunner_state_estimation/lib/python3.10/site-packages/cyberrunner_state_estimation/core
[1.043s] copying /home/trungbao/cyberrunner_ws/build/cyberrunner_state_estimation/build/lib/cyberrunner_state_estimation/core/gaussian_robust.py -> /home/trungbao/cyberrunner_ws/install/cyberrunner_state_estimation/lib/python3.10/site-packages/cyberrunner_state_estimation/core
[1.043s] copying /home/trungbao/cyberrunner_ws/build/cyberrunner_state_estimation/build/lib/cyberrunner_state_estimation/utils/__init__.py -> /home/trungbao/cyberrunner_ws/install/cyberrunner_state_estimation/lib/python3.10/site-packages/cyberrunner_state_estimation/utils
[1.043s] copying /home/trungbao/cyberrunner_ws/build/cyberrunner_state_estimation/build/lib/cyberrunner_state_estimation/utils/divers.py -> /home/trungbao/cyberrunner_ws/install/cyberrunner_state_estimation/lib/python3.10/site-packages/cyberrunner_state_estimation/utils
[1.044s] copying /home/trungbao/cyberrunner_ws/build/cyberrunner_state_estimation/build/lib/cyberrunner_state_estimation/utils/ocam_model.py -> /home/trungbao/cyberrunner_ws/install/cyberrunner_state_estimation/lib/python3.10/site-packages/cyberrunner_state_estimation/utils
[1.044s] copying /home/trungbao/cyberrunner_ws/build/cyberrunner_state_estimation/build/lib/cyberrunner_state_estimation/utils/camera_pose_visualizer.py -> /home/trungbao/cyberrunner_ws/install/cyberrunner_state_estimation/lib/python3.10/site-packages/cyberrunner_state_estimation/utils
[1.044s] copying /home/trungbao/cyberrunner_ws/build/cyberrunner_state_estimation/build/lib/cyberrunner_state_estimation/utils/profiler_file.py -> /home/trungbao/cyberrunner_ws/install/cyberrunner_state_estimation/lib/python3.10/site-packages/cyberrunner_state_estimation/utils
[1.044s] copying /home/trungbao/cyberrunner_ws/build/cyberrunner_state_estimation/build/lib/cyberrunner_state_estimation/utils/anim_3d.py -> /home/trungbao/cyberrunner_ws/install/cyberrunner_state_estimation/lib/python3.10/site-packages/cyberrunner_state_estimation/utils
[1.044s] running install_data
[1.044s] copying resource/cyberrunner_state_estimation -> /home/trungbao/cyberrunner_ws/install/cyberrunner_state_estimation/share/ament_index/resource_index/packages
[1.044s] copying package.xml -> /home/trungbao/cyberrunner_ws/install/cyberrunner_state_estimation/share/cyberrunner_state_estimation
[1.044s] copying calib/calib_results_cyberrunner.txt -> /home/trungbao/cyberrunner_ws/install/cyberrunner_state_estimation/share/cyberrunner_state_estimation
[1.044s] running install_egg_info
[1.052s] Copying ../../../build/cyberrunner_state_estimation/cyberrunner_state_estimation.egg-info to /home/trungbao/cyberrunner_ws/install/cyberrunner_state_estimation/lib/python3.10/site-packages/cyberrunner_state_estimation-0.0.0-py3.10.egg-info
[1.052s] running install_scripts
[1.123s] Installing estimator script to /home/trungbao/cyberrunner_ws/install/cyberrunner_state_estimation/lib/cyberrunner_state_estimation
[1.123s] Installing estimator_sub script to /home/trungbao/cyberrunner_ws/install/cyberrunner_state_estimation/lib/cyberrunner_state_estimation
[1.123s] Installing select_markers script to /home/trungbao/cyberrunner_ws/install/cyberrunner_state_estimation/lib/cyberrunner_state_estimation
[1.123s] Installing state_estimation_node script to /home/trungbao/cyberrunner_ws/install/cyberrunner_state_estimation/lib/cyberrunner_state_estimation
[1.123s] writing list of installed files to '/home/trungbao/cyberrunner_ws/build/cyberrunner_state_estimation/install.log'
[1.137s] Invoked command in '/home/trungbao/cyberrunner_ws/src/cyberrunner/cyberrunner_state_estimation' returned '0': PYTHONPATH=/home/trungbao/cyberrunner_ws/build/cyberrunner_state_estimation/prefix_override:/usr/lib/python3/dist-packages/colcon_core/task/python/colcon_distutils_commands:/home/trungbao/cyberrunner_ws/install/cyberrunner_state_estimation/lib/python3.10/site-packages:${PYTHONPATH} /usr/bin/python3 -W ignore:setup.py install is deprecated -W ignore:easy_install command is deprecated setup.py egg_info --egg-base ../../../build/cyberrunner_state_estimation build --build-base /home/trungbao/cyberrunner_ws/build/cyberrunner_state_estimation/build install --record /home/trungbao/cyberrunner_ws/build/cyberrunner_state_estimation/install.log --single-version-externally-managed install_data --force
