[0.006s] Invoking command in '/home/trungbao/cyberrunner_ws/build/cyberrunner_cpp': CMAKE_PREFIX_PATH=${CMAKE_PREFIX_PATH}:/home/trungbao/cyberrunner_ws/install/cyberrunner_vision:/home/trungbao/cyberrunner_ws/install/cyberrunner_state_estimation:/home/trungbao/cyberrunner_ws/install/cyberrunner_pid:/home/trungbao/cyberrunner_ws/install/cyberrunner_dreamer:/home/trungbao/cyberrunner_ws/install/cyberrunner_hiwonder:/opt/ros/humble /usr/bin/cmake /home/trungbao/cyberrunner_ws/src/cyberrunner_cpp -DCMAKE_INSTALL_PREFIX=/home/trungbao/cyberrunner_ws/install/cyberrunner_cpp
[0.014s] -- Found ament_cmake: 1.3.12 (/opt/ros/humble/share/ament_cmake/cmake)
[0.092s] -- Found rclcpp: 16.0.17 (/opt/ros/humble/share/rclcpp/cmake)
[0.105s] -- Found rosidl_generator_c: 3.1.8 (/opt/ros/humble/share/rosidl_generator_c/cmake)
[0.106s] -- Found rosidl_adapter: 3.1.8 (/opt/ros/humble/share/rosidl_adapter/cmake)
[0.109s] -- Found rosidl_generator_cpp: 3.1.8 (/opt/ros/humble/share/rosidl_generator_cpp/cmake)
[0.114s] -- Using all available rosidl_typesupport_c: rosidl_typesupport_fastrtps_c;rosidl_typesupport_introspection_c
[0.120s] -- Using all available rosidl_typesupport_cpp: rosidl_typesupport_fastrtps_cpp;rosidl_typesupport_introspection_cpp
[0.136s] -- Found rmw_implementation_cmake: 6.1.2 (/opt/ros/humble/share/rmw_implementation_cmake/cmake)
[0.136s] -- Found rmw_fastrtps_cpp: 6.2.9 (/opt/ros/humble/share/rmw_fastrtps_cpp/cmake)
[0.195s] -- Using RMW implementation 'rmw_fastrtps_cpp' as default
[0.219s] -- Found std_srvs: 4.9.0 (/opt/ros/humble/share/std_srvs/cmake)
[0.223s] -- Found sensor_msgs: 4.9.0 (/opt/ros/humble/share/sensor_msgs/cmake)
[0.237s] -- Found cv_bridge: 3.2.1 (/opt/ros/humble/share/cv_bridge/cmake)
[0.314s] -- Configuring done
[0.316s] CMake Error at CMakeLists.txt:48 (add_executable):
[0.316s]   Cannot find source file:
[0.316s] 
[0.316s]     src/camera_node.cpp
[0.316s] 
[0.316s]   Tried extensions .c .C .c++ .cc .cpp .cxx .cu .mpp .m .M .mm .ixx .cppm .h
[0.316s]   .hh .h++ .hm .hpp .hxx .in .txx .f .F .for .f77 .f90 .f95 .f03 .hip .ispc
[0.316s] 
[0.316s] 
[0.317s] CMake Error at CMakeLists.txt:60 (add_executable):
[0.317s]   Cannot find source file:
[0.317s] 
[0.317s]     src/marble_node.cpp
[0.317s] 
[0.317s]   Tried extensions .c .C .c++ .cc .cpp .cxx .cu .mpp .m .M .mm .ixx .cppm .h
[0.317s]   .hh .h++ .hm .hpp .hxx .in .txx .f .F .for .f77 .f90 .f95 .f03 .hip .ispc
[0.317s] 
[0.317s] 
[0.317s] CMake Error at CMakeLists.txt:80 (add_executable):
[0.317s]   Cannot find source file:
[0.317s] 
[0.317s]     src/controller_node.cpp
[0.317s] 
[0.317s]   Tried extensions .c .C .c++ .cc .cpp .cxx .cu .mpp .m .M .mm .ixx .cppm .h
[0.317s]   .hh .h++ .hm .hpp .hxx .in .txx .f .F .for .f77 .f90 .f95 .f03 .hip .ispc
[0.317s] 
[0.317s] 
[0.317s] CMake Error at CMakeLists.txt:85 (add_executable):
[0.317s]   Cannot find source file:
[0.317s] 
[0.317s]     src/hiwonder_node.cpp
[0.317s] 
[0.317s]   Tried extensions .c .C .c++ .cc .cpp .cxx .cu .mpp .m .M .mm .ixx .cppm .h
[0.317s]   .hh .h++ .hm .hpp .hxx .in .txx .f .F .for .f77 .f90 .f95 .f03 .hip .ispc
[0.317s] 
[0.317s] 
[0.319s] CMake Error at CMakeLists.txt:48 (add_executable):
[0.319s]   No SOURCES given to target: camera_node
[0.319s] 
[0.319s] 
[0.319s] CMake Error at CMakeLists.txt:60 (add_executable):
[0.319s]   No SOURCES given to target: marble_node
[0.319s] 
[0.319s] 
[0.319s] CMake Error at CMakeLists.txt:80 (add_executable):
[0.319s]   No SOURCES given to target: controller_node
[0.319s] 
[0.319s] 
[0.319s] CMake Error at CMakeLists.txt:85 (add_executable):
[0.319s]   No SOURCES given to target: hiwonder_node
[0.319s] 
[0.319s] 
[0.319s] CMake Generate step failed.  Build files cannot be regenerated correctly.
[0.323s] Invoked command in '/home/trungbao/cyberrunner_ws/build/cyberrunner_cpp' returned '1': CMAKE_PREFIX_PATH=${CMAKE_PREFIX_PATH}:/home/trungbao/cyberrunner_ws/install/cyberrunner_vision:/home/trungbao/cyberrunner_ws/install/cyberrunner_state_estimation:/home/trungbao/cyberrunner_ws/install/cyberrunner_pid:/home/trungbao/cyberrunner_ws/install/cyberrunner_dreamer:/home/trungbao/cyberrunner_ws/install/cyberrunner_hiwonder:/opt/ros/humble /usr/bin/cmake /home/trungbao/cyberrunner_ws/src/cyberrunner_cpp -DCMAKE_INSTALL_PREFIX=/home/trungbao/cyberrunner_ws/install/cyberrunner_cpp
