[0.013s] Invoking command in '/home/trungbao/cyberrunner_ws/build/cyberrunner_interfaces': CMAKE_PREFIX_PATH=${CMAKE_PREFIX_PATH}:/home/trungbao/cyberrunner_ws/install/cyberrunner_vision:/home/trungbao/cyberrunner_ws/install/cyberrunner_state_estimation:/home/trungbao/cyberrunner_ws/install/cyberrunner_pid:/home/trungbao/cyberrunner_ws/install/cyberrunner_dreamer:/home/trungbao/cyberrunner_ws/install/cyberrunner_hiwonder:/opt/ros/humble /usr/bin/cmake /home/trungbao/cyberrunner_ws/src/cyberrunner/cyberrunner_interfaces -DCMAKE_INSTALL_PREFIX=/home/trungbao/cyberrunner_ws/install/cyberrunner_interfaces
[0.132s] -- Found ament_cmake: 1.3.12 (/opt/ros/humble/share/ament_cmake/cmake)
[0.132s] -- Override CMake install command with custom implementation using symlinks instead of copying resources
[0.132s] -- Found rosidl_default_generators: 1.2.0 (/opt/ros/humble/share/rosidl_default_generators/cmake)
[0.132s] -- Using all available rosidl_typesupport_c: rosidl_typesupport_fastrtps_c;rosidl_typesupport_introspection_c
[0.132s] -- Found rosidl_adapter: 3.1.8 (/opt/ros/humble/share/rosidl_adapter/cmake)
[0.132s] -- Using all available rosidl_typesupport_cpp: rosidl_typesupport_fastrtps_cpp;rosidl_typesupport_introspection_cpp
[0.252s] -- Found sensor_msgs: 4.9.0 (/opt/ros/humble/share/sensor_msgs/cmake)
[0.371s] -- Found ament_cmake_ros: 0.10.0 (/opt/ros/humble/share/ament_cmake_ros/cmake)
[0.558s] -- Using all available rosidl_typesupport_c: rosidl_typesupport_fastrtps_c;rosidl_typesupport_introspection_c
[0.823s] -- Using all available rosidl_typesupport_cpp: rosidl_typesupport_fastrtps_cpp;rosidl_typesupport_introspection_cpp
[0.840s] -- Found python_cmake_module: 0.10.0 (/opt/ros/humble/share/python_cmake_module/cmake)
[0.864s] -- Using PYTHON_EXECUTABLE: /usr/bin/python3
[0.864s] -- Using PYTHON_INCLUDE_DIRS: /usr/include/python3.10
[0.864s] -- Using PYTHON_LIBRARIES: /usr/lib/x86_64-linux-gnu/libpython3.10.so
[0.901s] -- Found ament_lint_auto: 0.12.14 (/opt/ros/humble/share/ament_lint_auto/cmake)
[0.908s] -- Added test 'copyright' to check source files copyright and LICENSE
[0.909s] -- Added test 'lint_cmake' to check CMake code style
[0.910s] -- Added test 'xmllint' to check XML markup files
[0.911s] -- Configuring done
[0.940s] -- Generating done
[0.947s] -- Build files have been written to: /home/trungbao/cyberrunner_ws/build/cyberrunner_interfaces
[0.951s] Invoked command in '/home/trungbao/cyberrunner_ws/build/cyberrunner_interfaces' returned '0': CMAKE_PREFIX_PATH=${CMAKE_PREFIX_PATH}:/home/trungbao/cyberrunner_ws/install/cyberrunner_vision:/home/trungbao/cyberrunner_ws/install/cyberrunner_state_estimation:/home/trungbao/cyberrunner_ws/install/cyberrunner_pid:/home/trungbao/cyberrunner_ws/install/cyberrunner_dreamer:/home/trungbao/cyberrunner_ws/install/cyberrunner_hiwonder:/opt/ros/humble /usr/bin/cmake /home/trungbao/cyberrunner_ws/src/cyberrunner/cyberrunner_interfaces -DCMAKE_INSTALL_PREFIX=/home/trungbao/cyberrunner_ws/install/cyberrunner_interfaces
[0.952s] Invoking command in '/home/trungbao/cyberrunner_ws/build/cyberrunner_interfaces': CMAKE_PREFIX_PATH=${CMAKE_PREFIX_PATH}:/home/trungbao/cyberrunner_ws/install/cyberrunner_vision:/home/trungbao/cyberrunner_ws/install/cyberrunner_state_estimation:/home/trungbao/cyberrunner_ws/install/cyberrunner_pid:/home/trungbao/cyberrunner_ws/install/cyberrunner_dreamer:/home/trungbao/cyberrunner_ws/install/cyberrunner_hiwonder:/opt/ros/humble /usr/bin/cmake --build /home/trungbao/cyberrunner_ws/build/cyberrunner_interfaces -- -j24 -l24
[0.980s] Consolidate compiler generated dependencies of target cyberrunner_interfaces__rosidl_generator_c
[0.989s] [  5%] Built target cyberrunner_interfaces__cpp
[0.989s] [ 12%] Built target cyberrunner_interfaces__rosidl_generator_c
[0.991s] [ 12%] Built target ament_cmake_python_symlink_cyberrunner_interfaces
[0.996s] Consolidate compiler generated dependencies of target cyberrunner_interfaces__rosidl_typesupport_introspection_cpp
[0.997s] Consolidate compiler generated dependencies of target cyberrunner_interfaces__rosidl_typesupport_fastrtps_cpp
[0.997s] Consolidate compiler generated dependencies of target cyberrunner_interfaces__rosidl_typesupport_c
[0.998s] Consolidate compiler generated dependencies of target cyberrunner_interfaces__rosidl_typesupport_introspection_c
[0.999s] Consolidate compiler generated dependencies of target cyberrunner_interfaces__rosidl_typesupport_cpp
[1.002s] Consolidate compiler generated dependencies of target cyberrunner_interfaces__rosidl_typesupport_fastrtps_c
[1.002s] [ 23%] Built target cyberrunner_interfaces__rosidl_typesupport_introspection_cpp
[1.003s] [ 34%] Built target cyberrunner_interfaces__rosidl_typesupport_fastrtps_cpp
[1.003s] [ 45%] Built target cyberrunner_interfaces__rosidl_typesupport_introspection_c
[1.004s] [ 56%] Built target cyberrunner_interfaces__rosidl_typesupport_cpp
[1.005s] [ 67%] Built target cyberrunner_interfaces__rosidl_typesupport_c
[1.012s] [ 78%] Built target cyberrunner_interfaces__rosidl_typesupport_fastrtps_c
[1.026s] [ 78%] Built target cyberrunner_interfaces
[1.045s] [ 80%] Built target cyberrunner_interfaces__py
[1.055s] Consolidate compiler generated dependencies of target cyberrunner_interfaces__rosidl_generator_py
[1.066s] [ 89%] Built target cyberrunner_interfaces__rosidl_generator_py
[1.071s] Consolidate compiler generated dependencies of target cyberrunner_interfaces__rosidl_typesupport_c__pyext
[1.074s] Consolidate compiler generated dependencies of target cyberrunner_interfaces__rosidl_typesupport_fastrtps_c__pyext
[1.074s] Consolidate compiler generated dependencies of target cyberrunner_interfaces__rosidl_typesupport_introspection_c__pyext
[1.077s] [ 92%] Built target cyberrunner_interfaces__rosidl_typesupport_c__pyext
[1.081s] [ 96%] Built target cyberrunner_interfaces__rosidl_typesupport_introspection_c__pyext
[1.082s] [100%] Built target cyberrunner_interfaces__rosidl_typesupport_fastrtps_c__pyext
[1.110s] running egg_info
[1.118s] writing cyberrunner_interfaces.egg-info/PKG-INFO
[1.118s] writing dependency_links to cyberrunner_interfaces.egg-info/dependency_links.txt
[1.118s] writing top-level names to cyberrunner_interfaces.egg-info/top_level.txt
[1.141s] reading manifest file 'cyberrunner_interfaces.egg-info/SOURCES.txt'
[1.141s] writing manifest file 'cyberrunner_interfaces.egg-info/SOURCES.txt'
[1.157s] [100%] Built target ament_cmake_python_build_cyberrunner_interfaces_egg
[1.164s] Invoked command in '/home/trungbao/cyberrunner_ws/build/cyberrunner_interfaces' returned '0': CMAKE_PREFIX_PATH=${CMAKE_PREFIX_PATH}:/home/trungbao/cyberrunner_ws/install/cyberrunner_vision:/home/trungbao/cyberrunner_ws/install/cyberrunner_state_estimation:/home/trungbao/cyberrunner_ws/install/cyberrunner_pid:/home/trungbao/cyberrunner_ws/install/cyberrunner_dreamer:/home/trungbao/cyberrunner_ws/install/cyberrunner_hiwonder:/opt/ros/humble /usr/bin/cmake --build /home/trungbao/cyberrunner_ws/build/cyberrunner_interfaces -- -j24 -l24
[1.166s] Invoking command in '/home/trungbao/cyberrunner_ws/build/cyberrunner_interfaces': CMAKE_PREFIX_PATH=${CMAKE_PREFIX_PATH}:/home/trungbao/cyberrunner_ws/install/cyberrunner_vision:/home/trungbao/cyberrunner_ws/install/cyberrunner_state_estimation:/home/trungbao/cyberrunner_ws/install/cyberrunner_pid:/home/trungbao/cyberrunner_ws/install/cyberrunner_dreamer:/home/trungbao/cyberrunner_ws/install/cyberrunner_hiwonder:/opt/ros/humble /usr/bin/cmake --install /home/trungbao/cyberrunner_ws/build/cyberrunner_interfaces
[1.170s] -- Install configuration: ""
[1.170s] -- Execute custom install script
[1.170s] -- Up-to-date symlink: /home/trungbao/cyberrunner_ws/install/cyberrunner_interfaces/share/ament_index/resource_index/rosidl_interfaces/cyberrunner_interfaces
[1.170s] -- Up-to-date symlink: /home/trungbao/cyberrunner_ws/install/cyberrunner_interfaces/include/cyberrunner_interfaces/cyberrunner_interfaces/msg/detail/dynamixel_vel__functions.h
[1.170s] -- Up-to-date symlink: /home/trungbao/cyberrunner_ws/install/cyberrunner_interfaces/include/cyberrunner_interfaces/cyberrunner_interfaces/msg/detail/dynamixel_vel__struct.h
[1.170s] -- Up-to-date symlink: /home/trungbao/cyberrunner_ws/install/cyberrunner_interfaces/include/cyberrunner_interfaces/cyberrunner_interfaces/msg/detail/dynamixel_vel__type_support.h
[1.171s] -- Up-to-date symlink: /home/trungbao/cyberrunner_ws/install/cyberrunner_interfaces/include/cyberrunner_interfaces/cyberrunner_interfaces/msg/detail/state_estimate__functions.h
[1.171s] -- Up-to-date symlink: /home/trungbao/cyberrunner_ws/install/cyberrunner_interfaces/include/cyberrunner_interfaces/cyberrunner_interfaces/msg/detail/state_estimate__struct.h
[1.171s] -- Up-to-date symlink: /home/trungbao/cyberrunner_ws/install/cyberrunner_interfaces/include/cyberrunner_interfaces/cyberrunner_interfaces/msg/detail/state_estimate__type_support.h
[1.171s] -- Up-to-date symlink: /home/trungbao/cyberrunner_ws/install/cyberrunner_interfaces/include/cyberrunner_interfaces/cyberrunner_interfaces/msg/detail/state_estimate_sub__functions.h
[1.171s] -- Up-to-date symlink: /home/trungbao/cyberrunner_ws/install/cyberrunner_interfaces/include/cyberrunner_interfaces/cyberrunner_interfaces/msg/detail/state_estimate_sub__struct.h
[1.171s] -- Up-to-date symlink: /home/trungbao/cyberrunner_ws/install/cyberrunner_interfaces/include/cyberrunner_interfaces/cyberrunner_interfaces/msg/detail/state_estimate_sub__type_support.h
[1.171s] -- Up-to-date symlink: /home/trungbao/cyberrunner_ws/install/cyberrunner_interfaces/include/cyberrunner_interfaces/cyberrunner_interfaces/msg/dynamixel_vel.h
[1.171s] -- Up-to-date symlink: /home/trungbao/cyberrunner_ws/install/cyberrunner_interfaces/include/cyberrunner_interfaces/cyberrunner_interfaces/msg/rosidl_generator_c__visibility_control.h
[1.171s] -- Up-to-date symlink: /home/trungbao/cyberrunner_ws/install/cyberrunner_interfaces/include/cyberrunner_interfaces/cyberrunner_interfaces/msg/state_estimate.h
[1.171s] -- Up-to-date symlink: /home/trungbao/cyberrunner_ws/install/cyberrunner_interfaces/include/cyberrunner_interfaces/cyberrunner_interfaces/msg/state_estimate_sub.h
[1.171s] -- Up-to-date symlink: /home/trungbao/cyberrunner_ws/install/cyberrunner_interfaces/include/cyberrunner_interfaces/cyberrunner_interfaces/srv/detail/dynamixel_reset__functions.h
[1.171s] -- Up-to-date symlink: /home/trungbao/cyberrunner_ws/install/cyberrunner_interfaces/include/cyberrunner_interfaces/cyberrunner_interfaces/srv/detail/dynamixel_reset__struct.h
[1.171s] -- Up-to-date symlink: /home/trungbao/cyberrunner_ws/install/cyberrunner_interfaces/include/cyberrunner_interfaces/cyberrunner_interfaces/srv/detail/dynamixel_reset__type_support.h
[1.171s] -- Up-to-date symlink: /home/trungbao/cyberrunner_ws/install/cyberrunner_interfaces/include/cyberrunner_interfaces/cyberrunner_interfaces/srv/dynamixel_reset.h
[1.171s] -- Up-to-date symlink: /home/trungbao/cyberrunner_ws/install/cyberrunner_interfaces/share/cyberrunner_interfaces/environment/library_path.sh
[1.171s] -- Up-to-date symlink: /home/trungbao/cyberrunner_ws/install/cyberrunner_interfaces/share/cyberrunner_interfaces/environment/library_path.dsv
[1.171s] -- Up-to-date symlink: /home/trungbao/cyberrunner_ws/install/cyberrunner_interfaces/include/cyberrunner_interfaces/cyberrunner_interfaces/msg/detail/dynamixel_vel__rosidl_typesupport_fastrtps_c.h
[1.171s] -- Up-to-date symlink: /home/trungbao/cyberrunner_ws/install/cyberrunner_interfaces/include/cyberrunner_interfaces/cyberrunner_interfaces/msg/detail/state_estimate__rosidl_typesupport_fastrtps_c.h
[1.171s] -- Up-to-date symlink: /home/trungbao/cyberrunner_ws/install/cyberrunner_interfaces/include/cyberrunner_interfaces/cyberrunner_interfaces/msg/detail/state_estimate_sub__rosidl_typesupport_fastrtps_c.h
[1.172s] -- Up-to-date symlink: /home/trungbao/cyberrunner_ws/install/cyberrunner_interfaces/include/cyberrunner_interfaces/cyberrunner_interfaces/msg/rosidl_typesupport_fastrtps_c__visibility_control.h
[1.172s] -- Up-to-date symlink: /home/trungbao/cyberrunner_ws/install/cyberrunner_interfaces/include/cyberrunner_interfaces/cyberrunner_interfaces/srv/detail/dynamixel_reset__rosidl_typesupport_fastrtps_c.h
[1.172s] -- Up-to-date symlink: /home/trungbao/cyberrunner_ws/install/cyberrunner_interfaces/include/cyberrunner_interfaces/cyberrunner_interfaces/msg/detail/dynamixel_vel__rosidl_typesupport_introspection_c.h
[1.172s] -- Up-to-date symlink: /home/trungbao/cyberrunner_ws/install/cyberrunner_interfaces/include/cyberrunner_interfaces/cyberrunner_interfaces/msg/detail/state_estimate__rosidl_typesupport_introspection_c.h
[1.172s] -- Up-to-date symlink: /home/trungbao/cyberrunner_ws/install/cyberrunner_interfaces/include/cyberrunner_interfaces/cyberrunner_interfaces/msg/detail/state_estimate_sub__rosidl_typesupport_introspection_c.h
[1.172s] -- Up-to-date symlink: /home/trungbao/cyberrunner_ws/install/cyberrunner_interfaces/include/cyberrunner_interfaces/cyberrunner_interfaces/msg/rosidl_typesupport_introspection_c__visibility_control.h
[1.172s] -- Up-to-date symlink: /home/trungbao/cyberrunner_ws/install/cyberrunner_interfaces/include/cyberrunner_interfaces/cyberrunner_interfaces/srv/detail/dynamixel_reset__rosidl_typesupport_introspection_c.h
[1.172s] -- Up-to-date symlink: /home/trungbao/cyberrunner_ws/install/cyberrunner_interfaces/include/cyberrunner_interfaces/cyberrunner_interfaces/msg/detail/dynamixel_vel__builder.hpp
[1.172s] -- Up-to-date symlink: /home/trungbao/cyberrunner_ws/install/cyberrunner_interfaces/include/cyberrunner_interfaces/cyberrunner_interfaces/msg/detail/dynamixel_vel__struct.hpp
[1.172s] -- Up-to-date symlink: /home/trungbao/cyberrunner_ws/install/cyberrunner_interfaces/include/cyberrunner_interfaces/cyberrunner_interfaces/msg/detail/dynamixel_vel__traits.hpp
[1.172s] -- Up-to-date symlink: /home/trungbao/cyberrunner_ws/install/cyberrunner_interfaces/include/cyberrunner_interfaces/cyberrunner_interfaces/msg/detail/dynamixel_vel__type_support.hpp
[1.172s] -- Up-to-date symlink: /home/trungbao/cyberrunner_ws/install/cyberrunner_interfaces/include/cyberrunner_interfaces/cyberrunner_interfaces/msg/detail/state_estimate__builder.hpp
[1.172s] -- Up-to-date symlink: /home/trungbao/cyberrunner_ws/install/cyberrunner_interfaces/include/cyberrunner_interfaces/cyberrunner_interfaces/msg/detail/state_estimate__struct.hpp
[1.172s] -- Up-to-date symlink: /home/trungbao/cyberrunner_ws/install/cyberrunner_interfaces/include/cyberrunner_interfaces/cyberrunner_interfaces/msg/detail/state_estimate__traits.hpp
[1.172s] -- Up-to-date symlink: /home/trungbao/cyberrunner_ws/install/cyberrunner_interfaces/include/cyberrunner_interfaces/cyberrunner_interfaces/msg/detail/state_estimate__type_support.hpp
[1.172s] -- Up-to-date symlink: /home/trungbao/cyberrunner_ws/install/cyberrunner_interfaces/include/cyberrunner_interfaces/cyberrunner_interfaces/msg/detail/state_estimate_sub__builder.hpp
[1.172s] -- Up-to-date symlink: /home/trungbao/cyberrunner_ws/install/cyberrunner_interfaces/include/cyberrunner_interfaces/cyberrunner_interfaces/msg/detail/state_estimate_sub__struct.hpp
[1.173s] -- Up-to-date symlink: /home/trungbao/cyberrunner_ws/install/cyberrunner_interfaces/include/cyberrunner_interfaces/cyberrunner_interfaces/msg/detail/state_estimate_sub__traits.hpp
[1.173s] -- Up-to-date symlink: /home/trungbao/cyberrunner_ws/install/cyberrunner_interfaces/include/cyberrunner_interfaces/cyberrunner_interfaces/msg/detail/state_estimate_sub__type_support.hpp
[1.173s] -- Up-to-date symlink: /home/trungbao/cyberrunner_ws/install/cyberrunner_interfaces/include/cyberrunner_interfaces/cyberrunner_interfaces/msg/dynamixel_vel.hpp
[1.173s] -- Up-to-date symlink: /home/trungbao/cyberrunner_ws/install/cyberrunner_interfaces/include/cyberrunner_interfaces/cyberrunner_interfaces/msg/rosidl_generator_cpp__visibility_control.hpp
[1.173s] -- Up-to-date symlink: /home/trungbao/cyberrunner_ws/install/cyberrunner_interfaces/include/cyberrunner_interfaces/cyberrunner_interfaces/msg/state_estimate.hpp
[1.173s] -- Up-to-date symlink: /home/trungbao/cyberrunner_ws/install/cyberrunner_interfaces/include/cyberrunner_interfaces/cyberrunner_interfaces/msg/state_estimate_sub.hpp
[1.173s] -- Up-to-date symlink: /home/trungbao/cyberrunner_ws/install/cyberrunner_interfaces/include/cyberrunner_interfaces/cyberrunner_interfaces/srv/detail/dynamixel_reset__builder.hpp
[1.173s] -- Up-to-date symlink: /home/trungbao/cyberrunner_ws/install/cyberrunner_interfaces/include/cyberrunner_interfaces/cyberrunner_interfaces/srv/detail/dynamixel_reset__struct.hpp
[1.173s] -- Up-to-date symlink: /home/trungbao/cyberrunner_ws/install/cyberrunner_interfaces/include/cyberrunner_interfaces/cyberrunner_interfaces/srv/detail/dynamixel_reset__traits.hpp
[1.173s] -- Up-to-date symlink: /home/trungbao/cyberrunner_ws/install/cyberrunner_interfaces/include/cyberrunner_interfaces/cyberrunner_interfaces/srv/detail/dynamixel_reset__type_support.hpp
[1.173s] -- Up-to-date symlink: /home/trungbao/cyberrunner_ws/install/cyberrunner_interfaces/include/cyberrunner_interfaces/cyberrunner_interfaces/srv/dynamixel_reset.hpp
[1.173s] -- Up-to-date symlink: /home/trungbao/cyberrunner_ws/install/cyberrunner_interfaces/include/cyberrunner_interfaces/cyberrunner_interfaces/msg/detail/dynamixel_vel__rosidl_typesupport_fastrtps_cpp.hpp
[1.173s] -- Up-to-date symlink: /home/trungbao/cyberrunner_ws/install/cyberrunner_interfaces/include/cyberrunner_interfaces/cyberrunner_interfaces/msg/detail/state_estimate__rosidl_typesupport_fastrtps_cpp.hpp
[1.173s] -- Up-to-date symlink: /home/trungbao/cyberrunner_ws/install/cyberrunner_interfaces/include/cyberrunner_interfaces/cyberrunner_interfaces/msg/detail/state_estimate_sub__rosidl_typesupport_fastrtps_cpp.hpp
[1.173s] -- Up-to-date symlink: /home/trungbao/cyberrunner_ws/install/cyberrunner_interfaces/include/cyberrunner_interfaces/cyberrunner_interfaces/msg/rosidl_typesupport_fastrtps_cpp__visibility_control.h
[1.173s] -- Up-to-date symlink: /home/trungbao/cyberrunner_ws/install/cyberrunner_interfaces/include/cyberrunner_interfaces/cyberrunner_interfaces/srv/detail/dynamixel_reset__rosidl_typesupport_fastrtps_cpp.hpp
[1.173s] -- Up-to-date symlink: /home/trungbao/cyberrunner_ws/install/cyberrunner_interfaces/include/cyberrunner_interfaces/cyberrunner_interfaces/msg/detail/dynamixel_vel__rosidl_typesupport_introspection_cpp.hpp
[1.173s] -- Up-to-date symlink: /home/trungbao/cyberrunner_ws/install/cyberrunner_interfaces/include/cyberrunner_interfaces/cyberrunner_interfaces/msg/detail/state_estimate__rosidl_typesupport_introspection_cpp.hpp
[1.174s] -- Up-to-date symlink: /home/trungbao/cyberrunner_ws/install/cyberrunner_interfaces/include/cyberrunner_interfaces/cyberrunner_interfaces/msg/detail/state_estimate_sub__rosidl_typesupport_introspection_cpp.hpp
[1.174s] -- Up-to-date symlink: /home/trungbao/cyberrunner_ws/install/cyberrunner_interfaces/include/cyberrunner_interfaces/cyberrunner_interfaces/srv/detail/dynamixel_reset__rosidl_typesupport_introspection_cpp.hpp
[1.174s] -- Up-to-date symlink: /home/trungbao/cyberrunner_ws/install/cyberrunner_interfaces/share/cyberrunner_interfaces/environment/pythonpath.sh
[1.174s] -- Up-to-date symlink: /home/trungbao/cyberrunner_ws/install/cyberrunner_interfaces/share/cyberrunner_interfaces/environment/pythonpath.dsv
[1.174s] -- Up-to-date symlink: /home/trungbao/cyberrunner_ws/install/cyberrunner_interfaces/local/lib/python3.10/dist-packages/cyberrunner_interfaces-0.0.0-py3.10.egg-info/PKG-INFO
[1.174s] -- Up-to-date symlink: /home/trungbao/cyberrunner_ws/install/cyberrunner_interfaces/local/lib/python3.10/dist-packages/cyberrunner_interfaces-0.0.0-py3.10.egg-info/SOURCES.txt
[1.174s] -- Up-to-date symlink: /home/trungbao/cyberrunner_ws/install/cyberrunner_interfaces/local/lib/python3.10/dist-packages/cyberrunner_interfaces-0.0.0-py3.10.egg-info/dependency_links.txt
[1.174s] -- Up-to-date symlink: /home/trungbao/cyberrunner_ws/install/cyberrunner_interfaces/local/lib/python3.10/dist-packages/cyberrunner_interfaces-0.0.0-py3.10.egg-info/top_level.txt
[1.174s] -- Up-to-date symlink: /home/trungbao/cyberrunner_ws/install/cyberrunner_interfaces/local/lib/python3.10/dist-packages/cyberrunner_interfaces/__init__.py
[1.174s] -- Up-to-date symlink: /home/trungbao/cyberrunner_ws/install/cyberrunner_interfaces/local/lib/python3.10/dist-packages/cyberrunner_interfaces/_cyberrunner_interfaces_s.ep.rosidl_typesupport_c.c
[1.174s] -- Up-to-date symlink: /home/trungbao/cyberrunner_ws/install/cyberrunner_interfaces/local/lib/python3.10/dist-packages/cyberrunner_interfaces/_cyberrunner_interfaces_s.ep.rosidl_typesupport_fastrtps_c.c
[1.174s] -- Up-to-date symlink: /home/trungbao/cyberrunner_ws/install/cyberrunner_interfaces/local/lib/python3.10/dist-packages/cyberrunner_interfaces/_cyberrunner_interfaces_s.ep.rosidl_typesupport_introspection_c.c
[1.174s] -- Up-to-date symlink: /home/trungbao/cyberrunner_ws/install/cyberrunner_interfaces/local/lib/python3.10/dist-packages/cyberrunner_interfaces/cyberrunner_interfaces_s__rosidl_typesupport_c.cpython-310-x86_64-linux-gnu.so
[1.174s] -- Up-to-date symlink: /home/trungbao/cyberrunner_ws/install/cyberrunner_interfaces/local/lib/python3.10/dist-packages/cyberrunner_interfaces/cyberrunner_interfaces_s__rosidl_typesupport_fastrtps_c.cpython-310-x86_64-linux-gnu.so
[1.174s] -- Up-to-date symlink: /home/trungbao/cyberrunner_ws/install/cyberrunner_interfaces/local/lib/python3.10/dist-packages/cyberrunner_interfaces/cyberrunner_interfaces_s__rosidl_typesupport_introspection_c.cpython-310-x86_64-linux-gnu.so
[1.175s] -- Up-to-date symlink: /home/trungbao/cyberrunner_ws/install/cyberrunner_interfaces/local/lib/python3.10/dist-packages/cyberrunner_interfaces/libcyberrunner_interfaces__rosidl_generator_py.so
[1.175s] -- Up-to-date symlink: /home/trungbao/cyberrunner_ws/install/cyberrunner_interfaces/local/lib/python3.10/dist-packages/cyberrunner_interfaces/msg/__init__.py
[1.175s] -- Up-to-date symlink: /home/trungbao/cyberrunner_ws/install/cyberrunner_interfaces/local/lib/python3.10/dist-packages/cyberrunner_interfaces/msg/_dynamixel_vel.py
[1.175s] -- Up-to-date symlink: /home/trungbao/cyberrunner_ws/install/cyberrunner_interfaces/local/lib/python3.10/dist-packages/cyberrunner_interfaces/msg/_dynamixel_vel_s.c
[1.175s] -- Up-to-date symlink: /home/trungbao/cyberrunner_ws/install/cyberrunner_interfaces/local/lib/python3.10/dist-packages/cyberrunner_interfaces/msg/_state_estimate.py
[1.175s] -- Up-to-date symlink: /home/trungbao/cyberrunner_ws/install/cyberrunner_interfaces/local/lib/python3.10/dist-packages/cyberrunner_interfaces/msg/_state_estimate_s.c
[1.175s] -- Up-to-date symlink: /home/trungbao/cyberrunner_ws/install/cyberrunner_interfaces/local/lib/python3.10/dist-packages/cyberrunner_interfaces/msg/_state_estimate_sub.py
[1.175s] -- Up-to-date symlink: /home/trungbao/cyberrunner_ws/install/cyberrunner_interfaces/local/lib/python3.10/dist-packages/cyberrunner_interfaces/msg/_state_estimate_sub_s.c
[1.175s] -- Up-to-date symlink: /home/trungbao/cyberrunner_ws/install/cyberrunner_interfaces/local/lib/python3.10/dist-packages/cyberrunner_interfaces/srv/__init__.py
[1.175s] -- Up-to-date symlink: /home/trungbao/cyberrunner_ws/install/cyberrunner_interfaces/local/lib/python3.10/dist-packages/cyberrunner_interfaces/srv/_dynamixel_reset.py
[1.175s] -- Up-to-date symlink: /home/trungbao/cyberrunner_ws/install/cyberrunner_interfaces/local/lib/python3.10/dist-packages/cyberrunner_interfaces/srv/_dynamixel_reset_s.c
[1.175s] -- Up-to-date symlink: /home/trungbao/cyberrunner_ws/install/cyberrunner_interfaces/local/lib/python3.10/dist-packages/cyberrunner_interfaces/cyberrunner_interfaces_s__rosidl_typesupport_fastrtps_c.cpython-310-x86_64-linux-gnu.so
[1.175s] -- Up-to-date symlink: /home/trungbao/cyberrunner_ws/install/cyberrunner_interfaces/local/lib/python3.10/dist-packages/cyberrunner_interfaces/cyberrunner_interfaces_s__rosidl_typesupport_introspection_c.cpython-310-x86_64-linux-gnu.so
[1.175s] -- Up-to-date symlink: /home/trungbao/cyberrunner_ws/install/cyberrunner_interfaces/local/lib/python3.10/dist-packages/cyberrunner_interfaces/cyberrunner_interfaces_s__rosidl_typesupport_c.cpython-310-x86_64-linux-gnu.so
[1.175s] -- Up-to-date symlink: /home/trungbao/cyberrunner_ws/install/cyberrunner_interfaces/share/cyberrunner_interfaces/msg/DynamixelVel.idl
[1.175s] -- Up-to-date symlink: /home/trungbao/cyberrunner_ws/install/cyberrunner_interfaces/share/cyberrunner_interfaces/msg/StateEstimate.idl
[1.175s] -- Up-to-date symlink: /home/trungbao/cyberrunner_ws/install/cyberrunner_interfaces/share/cyberrunner_interfaces/msg/StateEstimateSub.idl
[1.175s] -- Up-to-date symlink: /home/trungbao/cyberrunner_ws/install/cyberrunner_interfaces/share/cyberrunner_interfaces/srv/DynamixelReset.idl
[1.175s] -- Up-to-date symlink: /home/trungbao/cyberrunner_ws/install/cyberrunner_interfaces/share/cyberrunner_interfaces/msg/DynamixelVel.msg
[1.176s] -- Up-to-date symlink: /home/trungbao/cyberrunner_ws/install/cyberrunner_interfaces/share/cyberrunner_interfaces/msg/StateEstimate.msg
[1.176s] -- Up-to-date symlink: /home/trungbao/cyberrunner_ws/install/cyberrunner_interfaces/share/cyberrunner_interfaces/msg/StateEstimateSub.msg
[1.176s] -- Up-to-date symlink: /home/trungbao/cyberrunner_ws/install/cyberrunner_interfaces/share/cyberrunner_interfaces/srv/DynamixelReset.srv
[1.176s] -- Up-to-date symlink: /home/trungbao/cyberrunner_ws/install/cyberrunner_interfaces/share/cyberrunner_interfaces/srv/DynamixelReset_Request.msg
[1.176s] -- Up-to-date symlink: /home/trungbao/cyberrunner_ws/install/cyberrunner_interfaces/share/cyberrunner_interfaces/srv/DynamixelReset_Response.msg
[1.176s] -- Up-to-date symlink: /home/trungbao/cyberrunner_ws/install/cyberrunner_interfaces/share/ament_index/resource_index/package_run_dependencies/cyberrunner_interfaces
[1.176s] -- Up-to-date symlink: /home/trungbao/cyberrunner_ws/install/cyberrunner_interfaces/share/ament_index/resource_index/parent_prefix_path/cyberrunner_interfaces
[1.176s] -- Up-to-date symlink: /home/trungbao/cyberrunner_ws/install/cyberrunner_interfaces/share/cyberrunner_interfaces/environment/ament_prefix_path.sh
[1.176s] -- Up-to-date symlink: /home/trungbao/cyberrunner_ws/install/cyberrunner_interfaces/share/cyberrunner_interfaces/environment/ament_prefix_path.dsv
[1.176s] -- Up-to-date symlink: /home/trungbao/cyberrunner_ws/install/cyberrunner_interfaces/share/cyberrunner_interfaces/environment/path.sh
[1.176s] -- Up-to-date symlink: /home/trungbao/cyberrunner_ws/install/cyberrunner_interfaces/share/cyberrunner_interfaces/environment/path.dsv
[1.176s] -- Up-to-date symlink: /home/trungbao/cyberrunner_ws/install/cyberrunner_interfaces/share/cyberrunner_interfaces/local_setup.bash
[1.176s] -- Up-to-date symlink: /home/trungbao/cyberrunner_ws/install/cyberrunner_interfaces/share/cyberrunner_interfaces/local_setup.sh
[1.176s] -- Up-to-date symlink: /home/trungbao/cyberrunner_ws/install/cyberrunner_interfaces/share/cyberrunner_interfaces/local_setup.zsh
[1.176s] -- Up-to-date symlink: /home/trungbao/cyberrunner_ws/install/cyberrunner_interfaces/share/cyberrunner_interfaces/local_setup.dsv
[1.176s] -- Symlinking: /home/trungbao/cyberrunner_ws/install/cyberrunner_interfaces/share/cyberrunner_interfaces/package.dsv
[1.181s] -- Up-to-date symlink: /home/trungbao/cyberrunner_ws/install/cyberrunner_interfaces/share/ament_index/resource_index/packages/cyberrunner_interfaces
[1.181s] -- Up-to-date symlink: /home/trungbao/cyberrunner_ws/install/cyberrunner_interfaces/share/cyberrunner_interfaces/cmake/rosidl_cmake-extras.cmake
[1.181s] -- Up-to-date symlink: /home/trungbao/cyberrunner_ws/install/cyberrunner_interfaces/share/cyberrunner_interfaces/cmake/ament_cmake_export_dependencies-extras.cmake
[1.181s] -- Up-to-date symlink: /home/trungbao/cyberrunner_ws/install/cyberrunner_interfaces/share/cyberrunner_interfaces/cmake/ament_cmake_export_include_directories-extras.cmake
[1.181s] -- Up-to-date symlink: /home/trungbao/cyberrunner_ws/install/cyberrunner_interfaces/share/cyberrunner_interfaces/cmake/ament_cmake_export_libraries-extras.cmake
[1.181s] -- Up-to-date symlink: /home/trungbao/cyberrunner_ws/install/cyberrunner_interfaces/share/cyberrunner_interfaces/cmake/ament_cmake_export_targets-extras.cmake
[1.181s] -- Up-to-date symlink: /home/trungbao/cyberrunner_ws/install/cyberrunner_interfaces/share/cyberrunner_interfaces/cmake/rosidl_cmake_export_typesupport_targets-extras.cmake
[1.181s] -- Up-to-date symlink: /home/trungbao/cyberrunner_ws/install/cyberrunner_interfaces/share/cyberrunner_interfaces/cmake/rosidl_cmake_export_typesupport_libraries-extras.cmake
[1.181s] -- Up-to-date symlink: /home/trungbao/cyberrunner_ws/install/cyberrunner_interfaces/share/cyberrunner_interfaces/cmake/cyberrunner_interfacesConfig.cmake
[1.182s] -- Up-to-date symlink: /home/trungbao/cyberrunner_ws/install/cyberrunner_interfaces/share/cyberrunner_interfaces/cmake/cyberrunner_interfacesConfig-version.cmake
[1.182s] -- Up-to-date symlink: /home/trungbao/cyberrunner_ws/install/cyberrunner_interfaces/share/cyberrunner_interfaces/package.xml
[1.182s] -- Up-to-date: /home/trungbao/cyberrunner_ws/install/cyberrunner_interfaces/lib/libcyberrunner_interfaces__rosidl_generator_c.so
[1.182s] -- Up-to-date: /home/trungbao/cyberrunner_ws/install/cyberrunner_interfaces/lib/libcyberrunner_interfaces__rosidl_typesupport_fastrtps_c.so
[1.182s] -- Up-to-date: /home/trungbao/cyberrunner_ws/install/cyberrunner_interfaces/lib/libcyberrunner_interfaces__rosidl_typesupport_introspection_c.so
[1.182s] -- Up-to-date: /home/trungbao/cyberrunner_ws/install/cyberrunner_interfaces/lib/libcyberrunner_interfaces__rosidl_typesupport_c.so
[1.182s] -- Up-to-date: /home/trungbao/cyberrunner_ws/install/cyberrunner_interfaces/lib/libcyberrunner_interfaces__rosidl_typesupport_fastrtps_cpp.so
[1.182s] -- Up-to-date: /home/trungbao/cyberrunner_ws/install/cyberrunner_interfaces/lib/libcyberrunner_interfaces__rosidl_typesupport_introspection_cpp.so
[1.182s] -- Up-to-date: /home/trungbao/cyberrunner_ws/install/cyberrunner_interfaces/lib/libcyberrunner_interfaces__rosidl_typesupport_cpp.so
[1.205s] Listing '/home/trungbao/cyberrunner_ws/install/cyberrunner_interfaces/local/lib/python3.10/dist-packages/cyberrunner_interfaces'...
[1.205s] Compiling '/home/trungbao/cyberrunner_ws/install/cyberrunner_interfaces/local/lib/python3.10/dist-packages/cyberrunner_interfaces/__init__.py'...
[1.205s] Listing '/home/trungbao/cyberrunner_ws/install/cyberrunner_interfaces/local/lib/python3.10/dist-packages/cyberrunner_interfaces/msg'...
[1.205s] Listing '/home/trungbao/cyberrunner_ws/install/cyberrunner_interfaces/local/lib/python3.10/dist-packages/cyberrunner_interfaces/srv'...
[1.208s] -- Up-to-date: /home/trungbao/cyberrunner_ws/install/cyberrunner_interfaces/lib/libcyberrunner_interfaces__rosidl_generator_py.so
[1.208s] -- Up-to-date: /home/trungbao/cyberrunner_ws/install/cyberrunner_interfaces/share/cyberrunner_interfaces/cmake/export_cyberrunner_interfaces__rosidl_generator_cExport.cmake
[1.208s] -- Up-to-date: /home/trungbao/cyberrunner_ws/install/cyberrunner_interfaces/share/cyberrunner_interfaces/cmake/export_cyberrunner_interfaces__rosidl_generator_cExport-noconfig.cmake
[1.208s] -- Up-to-date: /home/trungbao/cyberrunner_ws/install/cyberrunner_interfaces/share/cyberrunner_interfaces/cmake/export_cyberrunner_interfaces__rosidl_typesupport_fastrtps_cExport.cmake
[1.208s] -- Up-to-date: /home/trungbao/cyberrunner_ws/install/cyberrunner_interfaces/share/cyberrunner_interfaces/cmake/export_cyberrunner_interfaces__rosidl_typesupport_fastrtps_cExport-noconfig.cmake
[1.208s] -- Up-to-date: /home/trungbao/cyberrunner_ws/install/cyberrunner_interfaces/share/cyberrunner_interfaces/cmake/cyberrunner_interfaces__rosidl_typesupport_introspection_cExport.cmake
[1.208s] -- Up-to-date: /home/trungbao/cyberrunner_ws/install/cyberrunner_interfaces/share/cyberrunner_interfaces/cmake/cyberrunner_interfaces__rosidl_typesupport_introspection_cExport-noconfig.cmake
[1.208s] -- Up-to-date: /home/trungbao/cyberrunner_ws/install/cyberrunner_interfaces/share/cyberrunner_interfaces/cmake/cyberrunner_interfaces__rosidl_typesupport_cExport.cmake
[1.208s] -- Up-to-date: /home/trungbao/cyberrunner_ws/install/cyberrunner_interfaces/share/cyberrunner_interfaces/cmake/cyberrunner_interfaces__rosidl_typesupport_cExport-noconfig.cmake
[1.208s] -- Up-to-date: /home/trungbao/cyberrunner_ws/install/cyberrunner_interfaces/share/cyberrunner_interfaces/cmake/export_cyberrunner_interfaces__rosidl_generator_cppExport.cmake
[1.208s] -- Up-to-date: /home/trungbao/cyberrunner_ws/install/cyberrunner_interfaces/share/cyberrunner_interfaces/cmake/export_cyberrunner_interfaces__rosidl_typesupport_fastrtps_cppExport.cmake
[1.208s] -- Up-to-date: /home/trungbao/cyberrunner_ws/install/cyberrunner_interfaces/share/cyberrunner_interfaces/cmake/export_cyberrunner_interfaces__rosidl_typesupport_fastrtps_cppExport-noconfig.cmake
[1.208s] -- Up-to-date: /home/trungbao/cyberrunner_ws/install/cyberrunner_interfaces/share/cyberrunner_interfaces/cmake/cyberrunner_interfaces__rosidl_typesupport_introspection_cppExport.cmake
[1.208s] -- Up-to-date: /home/trungbao/cyberrunner_ws/install/cyberrunner_interfaces/share/cyberrunner_interfaces/cmake/cyberrunner_interfaces__rosidl_typesupport_introspection_cppExport-noconfig.cmake
[1.208s] -- Up-to-date: /home/trungbao/cyberrunner_ws/install/cyberrunner_interfaces/share/cyberrunner_interfaces/cmake/cyberrunner_interfaces__rosidl_typesupport_cppExport.cmake
[1.208s] -- Up-to-date: /home/trungbao/cyberrunner_ws/install/cyberrunner_interfaces/share/cyberrunner_interfaces/cmake/cyberrunner_interfaces__rosidl_typesupport_cppExport-noconfig.cmake
[1.208s] -- Up-to-date: /home/trungbao/cyberrunner_ws/install/cyberrunner_interfaces/share/cyberrunner_interfaces/cmake/export_cyberrunner_interfaces__rosidl_generator_pyExport.cmake
[1.208s] -- Up-to-date: /home/trungbao/cyberrunner_ws/install/cyberrunner_interfaces/share/cyberrunner_interfaces/cmake/export_cyberrunner_interfaces__rosidl_generator_pyExport-noconfig.cmake
[1.210s] Invoked command in '/home/trungbao/cyberrunner_ws/build/cyberrunner_interfaces' returned '0': CMAKE_PREFIX_PATH=${CMAKE_PREFIX_PATH}:/home/trungbao/cyberrunner_ws/install/cyberrunner_vision:/home/trungbao/cyberrunner_ws/install/cyberrunner_state_estimation:/home/trungbao/cyberrunner_ws/install/cyberrunner_pid:/home/trungbao/cyberrunner_ws/install/cyberrunner_dreamer:/home/trungbao/cyberrunner_ws/install/cyberrunner_hiwonder:/opt/ros/humble /usr/bin/cmake --install /home/trungbao/cyberrunner_ws/build/cyberrunner_interfaces
