[0.611s] Invoking command in '/home/trungbao/cyberrunner_ws/src/cyberrunner/cyberrunner_state_estimation': PYTHONPATH=/home/trungbao/cyberrunner_ws/build/cyberrunner_state_estimation/prefix_override:/usr/lib/python3/dist-packages/colcon_core/task/python/colcon_distutils_commands:/home/trungbao/cyberrunner_ws/install/cyberrunner_state_estimation/lib/python3.10/site-packages:${PYTHONPATH} /usr/bin/python3 -W ignore:setup.py install is deprecated -W ignore:easy_install command is deprecated setup.py egg_info --egg-base ../../../build/cyberrunner_state_estimation build --build-base /home/trungbao/cyberrunner_ws/build/cyberrunner_state_estimation/build install --record /home/trungbao/cyberrunner_ws/build/cyberrunner_state_estimation/install.log --single-version-externally-managed install_data
[0.699s] /home/trungbao/.local/lib/python3.10/site-packages/setuptools/_distutils/dist.py:289: UserWarning: Unknown distribution option: 'tests_require'
[0.699s]   warnings.warn(msg)
[0.746s] running egg_info
[0.754s] writing ../../../build/cyberrunner_state_estimation/cyberrunner_state_estimation.egg-info/PKG-INFO
[0.754s] writing dependency_links to ../../../build/cyberrunner_state_estimation/cyberrunner_state_estimation.egg-info/dependency_links.txt
[0.754s] writing entry points to ../../../build/cyberrunner_state_estimation/cyberrunner_state_estimation.egg-info/entry_points.txt
[0.754s] writing requirements to ../../../build/cyberrunner_state_estimation/cyberrunner_state_estimation.egg-info/requires.txt
[0.754s] writing top-level names to ../../../build/cyberrunner_state_estimation/cyberrunner_state_estimation.egg-info/top_level.txt
[0.771s] reading manifest file '../../../build/cyberrunner_state_estimation/cyberrunner_state_estimation.egg-info/SOURCES.txt'
[0.773s] writing manifest file '../../../build/cyberrunner_state_estimation/cyberrunner_state_estimation.egg-info/SOURCES.txt'
[0.773s] running build
[0.773s] running build_py
[0.773s] copying cyberrunner_state_estimation/__init__.py -> /home/trungbao/cyberrunner_ws/build/cyberrunner_state_estimation/build/lib/cyberrunner_state_estimation
[0.773s] copying cyberrunner_state_estimation/cyberrunner_state_estimation_node.py -> /home/trungbao/cyberrunner_ws/build/cyberrunner_state_estimation/build/lib/cyberrunner_state_estimation
[0.773s] copying cyberrunner_state_estimation/select_markers.py -> /home/trungbao/cyberrunner_ws/build/cyberrunner_state_estimation/build/lib/cyberrunner_state_estimation
[0.773s] copying cyberrunner_state_estimation/cyberrunner_state_estimation_subimg.py -> /home/trungbao/cyberrunner_ws/build/cyberrunner_state_estimation/build/lib/cyberrunner_state_estimation
[0.774s] copying cyberrunner_state_estimation/core/masking.py -> /home/trungbao/cyberrunner_ws/build/cyberrunner_state_estimation/build/lib/cyberrunner_state_estimation/core
[0.774s] copying cyberrunner_state_estimation/core/__init__.py -> /home/trungbao/cyberrunner_ws/build/cyberrunner_state_estimation/build/lib/cyberrunner_state_estimation/core
[0.774s] copying cyberrunner_state_estimation/core/plate_pose.py -> /home/trungbao/cyberrunner_ws/build/cyberrunner_state_estimation/build/lib/cyberrunner_state_estimation/core
[0.774s] copying cyberrunner_state_estimation/core/detection.py -> /home/trungbao/cyberrunner_ws/build/cyberrunner_state_estimation/build/lib/cyberrunner_state_estimation/core
[0.774s] copying cyberrunner_state_estimation/core/measurements.py -> /home/trungbao/cyberrunner_ws/build/cyberrunner_state_estimation/build/lib/cyberrunner_state_estimation/core
[0.774s] copying cyberrunner_state_estimation/core/estimation_pipeline.py -> /home/trungbao/cyberrunner_ws/build/cyberrunner_state_estimation/build/lib/cyberrunner_state_estimation/core
[0.774s] copying cyberrunner_state_estimation/core/estimator.py -> /home/trungbao/cyberrunner_ws/build/cyberrunner_state_estimation/build/lib/cyberrunner_state_estimation/core
[0.774s] copying cyberrunner_state_estimation/core/gaussian_robust.py -> /home/trungbao/cyberrunner_ws/build/cyberrunner_state_estimation/build/lib/cyberrunner_state_estimation/core
[0.774s] copying cyberrunner_state_estimation/utils/__init__.py -> /home/trungbao/cyberrunner_ws/build/cyberrunner_state_estimation/build/lib/cyberrunner_state_estimation/utils
[0.774s] copying cyberrunner_state_estimation/utils/divers.py -> /home/trungbao/cyberrunner_ws/build/cyberrunner_state_estimation/build/lib/cyberrunner_state_estimation/utils
[0.775s] copying cyberrunner_state_estimation/utils/ocam_model.py -> /home/trungbao/cyberrunner_ws/build/cyberrunner_state_estimation/build/lib/cyberrunner_state_estimation/utils
[0.775s] copying cyberrunner_state_estimation/utils/camera_pose_visualizer.py -> /home/trungbao/cyberrunner_ws/build/cyberrunner_state_estimation/build/lib/cyberrunner_state_estimation/utils
[0.775s] copying cyberrunner_state_estimation/utils/profiler_file.py -> /home/trungbao/cyberrunner_ws/build/cyberrunner_state_estimation/build/lib/cyberrunner_state_estimation/utils
[0.775s] copying cyberrunner_state_estimation/utils/anim_3d.py -> /home/trungbao/cyberrunner_ws/build/cyberrunner_state_estimation/build/lib/cyberrunner_state_estimation/utils
[0.775s] running install
[0.777s] running install_lib
[0.787s] running install_data
[0.787s] copying resource/cyberrunner_state_estimation -> /home/trungbao/cyberrunner_ws/install/cyberrunner_state_estimation/share/ament_index/resource_index/packages
[0.787s] copying package.xml -> /home/trungbao/cyberrunner_ws/install/cyberrunner_state_estimation/share/cyberrunner_state_estimation
[0.787s] copying calib/calib_results_cyberrunner.txt -> /home/trungbao/cyberrunner_ws/install/cyberrunner_state_estimation/share/cyberrunner_state_estimation
[0.787s] running install_egg_info
[0.796s] removing '/home/trungbao/cyberrunner_ws/install/cyberrunner_state_estimation/lib/python3.10/site-packages/cyberrunner_state_estimation-0.0.0-py3.10.egg-info' (and everything under it)
[0.796s] Copying ../../../build/cyberrunner_state_estimation/cyberrunner_state_estimation.egg-info to /home/trungbao/cyberrunner_ws/install/cyberrunner_state_estimation/lib/python3.10/site-packages/cyberrunner_state_estimation-0.0.0-py3.10.egg-info
[0.798s] running install_scripts
[0.861s] Installing estimator script to /home/trungbao/cyberrunner_ws/install/cyberrunner_state_estimation/lib/cyberrunner_state_estimation
[0.861s] Installing estimator_sub script to /home/trungbao/cyberrunner_ws/install/cyberrunner_state_estimation/lib/cyberrunner_state_estimation
[0.861s] Installing select_markers script to /home/trungbao/cyberrunner_ws/install/cyberrunner_state_estimation/lib/cyberrunner_state_estimation
[0.861s] Installing state_estimation_node script to /home/trungbao/cyberrunner_ws/install/cyberrunner_state_estimation/lib/cyberrunner_state_estimation
[0.862s] writing list of installed files to '/home/trungbao/cyberrunner_ws/build/cyberrunner_state_estimation/install.log'
[0.876s] Invoked command in '/home/trungbao/cyberrunner_ws/src/cyberrunner/cyberrunner_state_estimation' returned '0': PYTHONPATH=/home/trungbao/cyberrunner_ws/build/cyberrunner_state_estimation/prefix_override:/usr/lib/python3/dist-packages/colcon_core/task/python/colcon_distutils_commands:/home/trungbao/cyberrunner_ws/install/cyberrunner_state_estimation/lib/python3.10/site-packages:${PYTHONPATH} /usr/bin/python3 -W ignore:setup.py install is deprecated -W ignore:easy_install command is deprecated setup.py egg_info --egg-base ../../../build/cyberrunner_state_estimation build --build-base /home/trungbao/cyberrunner_ws/build/cyberrunner_state_estimation/build install --record /home/trungbao/cyberrunner_ws/build/cyberrunner_state_estimation/install.log --single-version-externally-managed install_data
