[0.008s] Invoking command in '/home/trungbao/cyberrunner_ws/build/cyberrunner_cpp': CMAKE_PREFIX_PATH=${CMAKE_PREFIX_PATH}:/home/trungbao/cyberrunner_ws/install/cyberrunner_vision:/home/trungbao/cyberrunner_ws/install/cyberrunner_state_estimation:/home/trungbao/cyberrunner_ws/install/cyberrunner_pid:/home/trungbao/cyberrunner_ws/install/cyberrunner_dreamer:/home/trungbao/cyberrunner_ws/install/cyberrunner_hiwonder:/opt/ros/humble /usr/bin/cmake --build /home/trungbao/cyberrunner_ws/build/cyberrunner_cpp -- -j24 -l24
[0.025s] -- Found ament_cmake: 1.3.12 (/opt/ros/humble/share/ament_cmake/cmake)
[0.113s] -- Found rclcpp: 16.0.17 (/opt/ros/humble/share/rclcpp/cmake)
[0.134s] -- Found rosidl_generator_c: 3.1.8 (/opt/ros/humble/share/rosidl_generator_c/cmake)
[0.135s] -- Found rosidl_adapter: 3.1.8 (/opt/ros/humble/share/rosidl_adapter/cmake)
[0.138s] -- Found rosidl_generator_cpp: 3.1.8 (/opt/ros/humble/share/rosidl_generator_cpp/cmake)
[0.143s] -- Using all available rosidl_typesupport_c: rosidl_typesupport_fastrtps_c;rosidl_typesupport_introspection_c
[0.150s] -- Using all available rosidl_typesupport_cpp: rosidl_typesupport_fastrtps_cpp;rosidl_typesupport_introspection_cpp
[0.168s] -- Found rmw_implementation_cmake: 6.1.2 (/opt/ros/humble/share/rmw_implementation_cmake/cmake)
[0.169s] -- Found rmw_fastrtps_cpp: 6.2.9 (/opt/ros/humble/share/rmw_fastrtps_cpp/cmake)
[0.226s] -- Using RMW implementation 'rmw_fastrtps_cpp' as default
[0.255s] -- Found std_srvs: 4.9.0 (/opt/ros/humble/share/std_srvs/cmake)
[0.260s] -- Found sensor_msgs: 4.9.0 (/opt/ros/humble/share/sensor_msgs/cmake)
[0.276s] -- Found cv_bridge: 3.2.1 (/opt/ros/humble/share/cv_bridge/cmake)
[0.364s] -- Configuring done
[0.392s] -- Generating done
[0.404s] -- Build files have been written to: /home/trungbao/cyberrunner_ws/build/cyberrunner_cpp
[0.422s] [35m[1mConsolidate compiler generated dependencies of target camera_node[0m
[0.422s] [35m[1mConsolidate compiler generated dependencies of target marble_node[0m
[0.422s] [35m[1mConsolidate compiler generated dependencies of target estimator_node[0m
[0.422s] [35m[1mConsolidate compiler generated dependencies of target ri_node[0m
[0.422s] [35m[1mConsolidate compiler generated dependencies of target hiwonder_node[0m
[0.422s] [35m[1mConsolidate compiler generated dependencies of target path_node[0m
[0.423s] [35m[1mConsolidate compiler generated dependencies of target tuner_node[0m
[0.424s] [35m[1mConsolidate compiler generated dependencies of target path_progress_node[0m
[0.425s] [35m[1mConsolidate compiler generated dependencies of target controller_node[0m
[0.435s] [ 11%] Built target hiwonder_node
[0.435s] [ 22%] Built target camera_node
[0.435s] [ 33%] Built target ri_node
[0.435s] [ 44%] Built target tuner_node
[0.435s] [ 55%] Built target estimator_node
[0.436s] [ 66%] Built target path_progress_node
[0.436s] [ 77%] Built target controller_node
[0.437s] [ 88%] Built target marble_node
[0.438s] [100%] Built target path_node
[0.447s] Invoked command in '/home/trungbao/cyberrunner_ws/build/cyberrunner_cpp' returned '0': CMAKE_PREFIX_PATH=${CMAKE_PREFIX_PATH}:/home/trungbao/cyberrunner_ws/install/cyberrunner_vision:/home/trungbao/cyberrunner_ws/install/cyberrunner_state_estimation:/home/trungbao/cyberrunner_ws/install/cyberrunner_pid:/home/trungbao/cyberrunner_ws/install/cyberrunner_dreamer:/home/trungbao/cyberrunner_ws/install/cyberrunner_hiwonder:/opt/ros/humble /usr/bin/cmake --build /home/trungbao/cyberrunner_ws/build/cyberrunner_cpp -- -j24 -l24
[0.453s] Invoking command in '/home/trungbao/cyberrunner_ws/build/cyberrunner_cpp': CMAKE_PREFIX_PATH=${CMAKE_PREFIX_PATH}:/home/trungbao/cyberrunner_ws/install/cyberrunner_vision:/home/trungbao/cyberrunner_ws/install/cyberrunner_state_estimation:/home/trungbao/cyberrunner_ws/install/cyberrunner_pid:/home/trungbao/cyberrunner_ws/install/cyberrunner_dreamer:/home/trungbao/cyberrunner_ws/install/cyberrunner_hiwonder:/opt/ros/humble /usr/bin/cmake --install /home/trungbao/cyberrunner_ws/build/cyberrunner_cpp
[0.458s] -- Install configuration: ""
[0.458s] -- Up-to-date: /home/trungbao/cyberrunner_ws/install/cyberrunner_cpp/lib/cyberrunner_cpp/camera_node
[0.458s] -- Up-to-date: /home/trungbao/cyberrunner_ws/install/cyberrunner_cpp/lib/cyberrunner_cpp/estimator_node
[0.458s] -- Up-to-date: /home/trungbao/cyberrunner_ws/install/cyberrunner_cpp/lib/cyberrunner_cpp/marble_node
[0.458s] -- Up-to-date: /home/trungbao/cyberrunner_ws/install/cyberrunner_cpp/lib/cyberrunner_cpp/path_node
[0.458s] -- Up-to-date: /home/trungbao/cyberrunner_ws/install/cyberrunner_cpp/lib/cyberrunner_cpp/path_progress_node
[0.458s] -- Up-to-date: /home/trungbao/cyberrunner_ws/install/cyberrunner_cpp/lib/cyberrunner_cpp/ri_node
[0.459s] -- Up-to-date: /home/trungbao/cyberrunner_ws/install/cyberrunner_cpp/lib/cyberrunner_cpp/controller_node
[0.459s] -- Up-to-date: /home/trungbao/cyberrunner_ws/install/cyberrunner_cpp/lib/cyberrunner_cpp/hiwonder_node
[0.459s] -- Up-to-date: /home/trungbao/cyberrunner_ws/install/cyberrunner_cpp/lib/cyberrunner_cpp/tuner_node
[0.459s] -- Up-to-date: /home/trungbao/cyberrunner_ws/install/cyberrunner_cpp/share/cyberrunner_cpp/launch
[0.459s] -- Up-to-date: /home/trungbao/cyberrunner_ws/install/cyberrunner_cpp/share/cyberrunner_cpp/launch/cyberrunner.launch.py
[0.459s] -- Up-to-date: /home/trungbao/cyberrunner_ws/install/cyberrunner_cpp/share/cyberrunner_cpp/launch/cyberrunner.launch_fixed.py
[0.459s] -- Up-to-date: /home/trungbao/cyberrunner_ws/install/cyberrunner_cpp/include
[0.459s] -- Up-to-date: /home/trungbao/cyberrunner_ws/install/cyberrunner_cpp/include/cyberrunner
[0.459s] -- Up-to-date: /home/trungbao/cyberrunner_ws/install/cyberrunner_cpp/include/cyberrunner/linear_path.hpp
[0.459s] -- Up-to-date: /home/trungbao/cyberrunner_ws/install/cyberrunner_cpp/include/cyberrunner/ocam_model.hpp
[0.459s] -- Installing: /home/trungbao/cyberrunner_ws/install/cyberrunner_cpp/lib/cyberrunner_cpp/rl_policy_node.py
[0.459s] -- Up-to-date: /home/trungbao/cyberrunner_ws/install/cyberrunner_cpp/share/ament_index/resource_index/package_run_dependencies/cyberrunner_cpp
[0.459s] -- Up-to-date: /home/trungbao/cyberrunner_ws/install/cyberrunner_cpp/share/ament_index/resource_index/parent_prefix_path/cyberrunner_cpp
[0.459s] -- Up-to-date: /home/trungbao/cyberrunner_ws/install/cyberrunner_cpp/share/cyberrunner_cpp/environment/ament_prefix_path.sh
[0.459s] -- Installing: /home/trungbao/cyberrunner_ws/install/cyberrunner_cpp/share/cyberrunner_cpp/environment/ament_prefix_path.dsv
[0.459s] -- Up-to-date: /home/trungbao/cyberrunner_ws/install/cyberrunner_cpp/share/cyberrunner_cpp/environment/path.sh
[0.460s] -- Installing: /home/trungbao/cyberrunner_ws/install/cyberrunner_cpp/share/cyberrunner_cpp/environment/path.dsv
[0.460s] -- Up-to-date: /home/trungbao/cyberrunner_ws/install/cyberrunner_cpp/share/cyberrunner_cpp/local_setup.bash
[0.460s] -- Up-to-date: /home/trungbao/cyberrunner_ws/install/cyberrunner_cpp/share/cyberrunner_cpp/local_setup.sh
[0.460s] -- Up-to-date: /home/trungbao/cyberrunner_ws/install/cyberrunner_cpp/share/cyberrunner_cpp/local_setup.zsh
[0.460s] -- Installing: /home/trungbao/cyberrunner_ws/install/cyberrunner_cpp/share/cyberrunner_cpp/local_setup.dsv
[0.460s] -- Installing: /home/trungbao/cyberrunner_ws/install/cyberrunner_cpp/share/cyberrunner_cpp/package.dsv
[0.460s] -- Up-to-date: /home/trungbao/cyberrunner_ws/install/cyberrunner_cpp/share/ament_index/resource_index/packages/cyberrunner_cpp
[0.460s] -- Up-to-date: /home/trungbao/cyberrunner_ws/install/cyberrunner_cpp/share/cyberrunner_cpp/cmake/cyberrunner_cppConfig.cmake
[0.460s] -- Up-to-date: /home/trungbao/cyberrunner_ws/install/cyberrunner_cpp/share/cyberrunner_cpp/cmake/cyberrunner_cppConfig-version.cmake
[0.460s] -- Up-to-date: /home/trungbao/cyberrunner_ws/install/cyberrunner_cpp/share/cyberrunner_cpp/package.xml
[0.461s] Invoked command in '/home/trungbao/cyberrunner_ws/build/cyberrunner_cpp' returned '0': CMAKE_PREFIX_PATH=${CMAKE_PREFIX_PATH}:/home/trungbao/cyberrunner_ws/install/cyberrunner_vision:/home/trungbao/cyberrunner_ws/install/cyberrunner_state_estimation:/home/trungbao/cyberrunner_ws/install/cyberrunner_pid:/home/trungbao/cyberrunner_ws/install/cyberrunner_dreamer:/home/trungbao/cyberrunner_ws/install/cyberrunner_hiwonder:/opt/ros/humble /usr/bin/cmake --install /home/trungbao/cyberrunner_ws/build/cyberrunner_cpp
