-- Found ament_cmake: 1.3.12 (/opt/ros/humble/share/ament_cmake/cmake)
-- Found rclcpp: 16.0.17 (/opt/ros/humble/share/rclcpp/cmake)
-- Found rosidl_generator_c: 3.1.8 (/opt/ros/humble/share/rosidl_generator_c/cmake)
-- Found rosidl_adapter: 3.1.8 (/opt/ros/humble/share/rosidl_adapter/cmake)
-- Found rosidl_generator_cpp: 3.1.8 (/opt/ros/humble/share/rosidl_generator_cpp/cmake)
-- Using all available rosidl_typesupport_c: rosidl_typesupport_fastrtps_c;rosidl_typesupport_introspection_c
-- Using all available rosidl_typesupport_cpp: rosidl_typesupport_fastrtps_cpp;rosidl_typesupport_introspection_cpp
-- Found rmw_implementation_cmake: 6.1.2 (/opt/ros/humble/share/rmw_implementation_cmake/cmake)
-- Found rmw_fastrtps_cpp: 6.2.9 (/opt/ros/humble/share/rmw_fastrtps_cpp/cmake)
-- Using RMW implementation 'rmw_fastrtps_cpp' as default
-- Found std_srvs: 4.9.0 (/opt/ros/humble/share/std_srvs/cmake)
-- Found sensor_msgs: 4.9.0 (/opt/ros/humble/share/sensor_msgs/cmake)
-- Found cv_bridge: 3.2.1 (/opt/ros/humble/share/cv_bridge/cmake)
-- Configuring done
-- Generating done
-- Build files have been written to: /home/trungbao/cyberrunner_ws/build/cyberrunner_cpp
Consolidate compiler generated dependencies of target camera_node
Consolidate compiler generated dependencies of target controller_node
Consolidate compiler generated dependencies of target marble_node
Consolidate compiler generated dependencies of target hiwonder_node
Consolidate compiler generated dependencies of target path_node
Consolidate compiler generated dependencies of target tuner_node
Consolidate compiler generated dependencies of target estimator_node
[  6%] Building CXX object CMakeFiles/path_progress_node.dir/src/path_progress_node.cpp.o
[ 18%] Building CXX object CMakeFiles/hiwonder_node.dir/src/hiwonder_node.cpp.o
[ 18%] Building CXX object CMakeFiles/tuner_node.dir/src/tuner_node.cpp.o
[ 25%] Building CXX object CMakeFiles/camera_node.dir/src/camera_node.cpp.o
[ 31%] Building CXX object CMakeFiles/marble_node.dir/src/marble_node.cpp.o
[ 37%] Building CXX object CMakeFiles/controller_node.dir/src/controller_node.cpp.o
[ 43%] Building CXX object CMakeFiles/estimator_node.dir/src/estimator_node.cpp.o
[ 50%] Building CXX object CMakeFiles/path_node.dir/src/path_node.cpp.o
[ 56%] Linking CXX executable camera_node
[ 56%] Built target camera_node
[ 62%] Linking CXX executable tuner_node
[ 62%] Built target tuner_node
[ 68%] Linking CXX executable hiwonder_node
[ 68%] Built target hiwonder_node
[ 75%] Linking CXX executable marble_node
[ 75%] Built target marble_node
[ 81%] Linking CXX executable controller_node
[ 81%] Built target controller_node
[ 87%] Linking CXX executable estimator_node
[ 87%] Built target estimator_node
[ 93%] Linking CXX executable path_node
[ 93%] Built target path_node
