-- Found ament_cmake: 1.3.12 (/opt/ros/humble/share/ament_cmake/cmake)
-- Found rclcpp: 16.0.17 (/opt/ros/humble/share/rclcpp/cmake)
-- Found rosidl_generator_c: 3.1.8 (/opt/ros/humble/share/rosidl_generator_c/cmake)
-- Found rosidl_adapter: 3.1.8 (/opt/ros/humble/share/rosidl_adapter/cmake)
-- Found rosidl_generator_cpp: 3.1.8 (/opt/ros/humble/share/rosidl_generator_cpp/cmake)
-- Using all available rosidl_typesupport_c: rosidl_typesupport_fastrtps_c;rosidl_typesupport_introspection_c
-- Using all available rosidl_typesupport_cpp: rosidl_typesupport_fastrtps_cpp;rosidl_typesupport_introspection_cpp
-- Found rmw_implementation_cmake: 6.1.2 (/opt/ros/humble/share/rmw_implementation_cmake/cmake)
-- Found rmw_fastrtps_cpp: 6.2.9 (/opt/ros/humble/share/rmw_fastrtps_cpp/cmake)
-- Using RMW implementation 'rmw_fastrtps_cpp' as default
-- Found std_srvs: 4.9.0 (/opt/ros/humble/share/std_srvs/cmake)
-- Found sensor_msgs: 4.9.0 (/opt/ros/humble/share/sensor_msgs/cmake)
-- Found cv_bridge: 3.2.1 (/opt/ros/humble/share/cv_bridge/cmake)
-- Configuring done
-- Generating done
-- Build files have been written to: /home/trungbao/cyberrunner_ws/build/cyberrunner_cpp
Consolidate compiler generated dependencies of target camera_node
Consolidate compiler generated dependencies of target controller_node
Consolidate compiler generated dependencies of target marble_node
Consolidate compiler generated dependencies of target hiwonder_node
Consolidate compiler generated dependencies of target path_node
Consolidate compiler generated dependencies of target tuner_node
Consolidate compiler generated dependencies of target estimator_node
[  6%] Building CXX object CMakeFiles/path_progress_node.dir/src/path_progress_node.cpp.o
[ 18%] Building CXX object CMakeFiles/hiwonder_node.dir/src/hiwonder_node.cpp.o
[ 18%] Building CXX object CMakeFiles/tuner_node.dir/src/tuner_node.cpp.o
[ 25%] Building CXX object CMakeFiles/camera_node.dir/src/camera_node.cpp.o
[ 31%] Building CXX object CMakeFiles/marble_node.dir/src/marble_node.cpp.o
[ 37%] Building CXX object CMakeFiles/controller_node.dir/src/controller_node.cpp.o
[ 43%] Building CXX object CMakeFiles/estimator_node.dir/src/estimator_node.cpp.o
[ 50%] Building CXX object CMakeFiles/path_node.dir/src/path_node.cpp.o
/home/trungbao/cyberrunner_ws/src/cyberrunner_cpp/src/path_progress_node.cpp: In member function ‘void PathProgressNode::loadParams()’:
/home/trungbao/cyberrunner_ws/src/cyberrunner_cpp/src/path_progress_node.cpp:59:35: error: no matching function for call to ‘max(int64_t, int)’
   59 |         rel_path_count_ = std::max(this->get_parameter("rel_path_count").as_int(), 1);
      |                           ~~~~~~~~^~~~~~~~~~~~~~~~~~~~~~~~~~~~~~~~~~~~~~~~~~~~~~~~~~~
In file included from /usr/include/c++/11/memory:63,
                 from /opt/ros/humble/include/rclcpp/rclcpp/rclcpp.hpp:153,
                 from /home/trungbao/cyberrunner_ws/src/cyberrunner_cpp/src/path_progress_node.cpp:14:
/usr/include/c++/11/bits/stl_algobase.h:254:5: note: candidate: ‘template<class _Tp> constexpr const _Tp& std::max(const _Tp&, const _Tp&)’
  254 |     max(const _Tp& __a, const _Tp& __b)
      |     ^~~
/usr/include/c++/11/bits/stl_algobase.h:254:5: note:   template argument deduction/substitution failed:
/home/trungbao/cyberrunner_ws/src/cyberrunner_cpp/src/path_progress_node.cpp:59:35: note:   deduced conflicting types for parameter ‘const _Tp’ (‘long int’ and ‘int’)
   59 |         rel_path_count_ = std::max(this->get_parameter("rel_path_count").as_int(), 1);
      |                           ~~~~~~~~^~~~~~~~~~~~~~~~~~~~~~~~~~~~~~~~~~~~~~~~~~~~~~~~~~~
In file included from /usr/include/c++/11/memory:63,
                 from /opt/ros/humble/include/rclcpp/rclcpp/rclcpp.hpp:153,
                 from /home/trungbao/cyberrunner_ws/src/cyberrunner_cpp/src/path_progress_node.cpp:14:
/usr/include/c++/11/bits/stl_algobase.h:300:5: note: candidate: ‘template<class _Tp, class _Compare> constexpr const _Tp& std::max(const _Tp&, const _Tp&, _Compare)’
  300 |     max(const _Tp& __a, const _Tp& __b, _Compare __comp)
      |     ^~~
/usr/include/c++/11/bits/stl_algobase.h:300:5: note:   template argument deduction/substitution failed:
/home/trungbao/cyberrunner_ws/src/cyberrunner_cpp/src/path_progress_node.cpp:59:35: note:   deduced conflicting types for parameter ‘const _Tp’ (‘long int’ and ‘int’)
   59 |         rel_path_count_ = std::max(this->get_parameter("rel_path_count").as_int(), 1);
      |                           ~~~~~~~~^~~~~~~~~~~~~~~~~~~~~~~~~~~~~~~~~~~~~~~~~~~~~~~~~~~
In file included from /usr/include/c++/11/algorithm:62,
                 from /opt/ros/humble/include/rclcpp/rclcpp/executor.hpp:18,
                 from /opt/ros/humble/include/rclcpp/rclcpp/executors/multi_threaded_executor.hpp:25,
                 from /opt/ros/humble/include/rclcpp/rclcpp/executors.hpp:21,
                 from /opt/ros/humble/include/rclcpp/rclcpp/rclcpp.hpp:155,
                 from /home/trungbao/cyberrunner_ws/src/cyberrunner_cpp/src/path_progress_node.cpp:14:
/usr/include/c++/11/bits/stl_algo.h:3461:5: note: candidate: ‘template<class _Tp> constexpr _Tp std::max(std::initializer_list<_Tp>)’
 3461 |     max(initializer_list<_Tp> __l)
      |     ^~~
/usr/include/c++/11/bits/stl_algo.h:3461:5: note:   template argument deduction/substitution failed:
/home/trungbao/cyberrunner_ws/src/cyberrunner_cpp/src/path_progress_node.cpp:59:35: note:   mismatched types ‘std::initializer_list<_Tp>’ and ‘long int’
   59 |         rel_path_count_ = std::max(this->get_parameter("rel_path_count").as_int(), 1);
      |                           ~~~~~~~~^~~~~~~~~~~~~~~~~~~~~~~~~~~~~~~~~~~~~~~~~~~~~~~~~~~
In file included from /usr/include/c++/11/algorithm:62,
                 from /opt/ros/humble/include/rclcpp/rclcpp/executor.hpp:18,
                 from /opt/ros/humble/include/rclcpp/rclcpp/executors/multi_threaded_executor.hpp:25,
                 from /opt/ros/humble/include/rclcpp/rclcpp/executors.hpp:21,
                 from /opt/ros/humble/include/rclcpp/rclcpp/rclcpp.hpp:155,
                 from /home/trungbao/cyberrunner_ws/src/cyberrunner_cpp/src/path_progress_node.cpp:14:
/usr/include/c++/11/bits/stl_algo.h:3467:5: note: candidate: ‘template<class _Tp, class _Compare> constexpr _Tp std::max(std::initializer_list<_Tp>, _Compare)’
 3467 |     max(initializer_list<_Tp> __l, _Compare __comp)
      |     ^~~
/usr/include/c++/11/bits/stl_algo.h:3467:5: note:   template argument deduction/substitution failed:
/home/trungbao/cyberrunner_ws/src/cyberrunner_cpp/src/path_progress_node.cpp:59:35: note:   mismatched types ‘std::initializer_list<_Tp>’ and ‘long int’
   59 |         rel_path_count_ = std::max(this->get_parameter("rel_path_count").as_int(), 1);
      |                           ~~~~~~~~^~~~~~~~~~~~~~~~~~~~~~~~~~~~~~~~~~~~~~~~~~~~~~~~~~~
/home/trungbao/cyberrunner_ws/src/cyberrunner_cpp/src/path_progress_node.cpp:60:34: error: no matching function for call to ‘max(int64_t, int)’
   60 |         rel_path_step_ = std::max(this->get_parameter("rel_path_step").as_int(), 1);
      |                          ~~~~~~~~^~~~~~~~~~~~~~~~~~~~~~~~~~~~~~~~~~~~~~~~~~~~~~~~~~
In file included from /usr/include/c++/11/memory:63,
                 from /opt/ros/humble/include/rclcpp/rclcpp/rclcpp.hpp:153,
                 from /home/trungbao/cyberrunner_ws/src/cyberrunner_cpp/src/path_progress_node.cpp:14:
/usr/include/c++/11/bits/stl_algobase.h:254:5: note: candidate: ‘template<class _Tp> constexpr const _Tp& std::max(const _Tp&, const _Tp&)’
  254 |     max(const _Tp& __a, const _Tp& __b)
      |     ^~~
/usr/include/c++/11/bits/stl_algobase.h:254:5: note:   template argument deduction/substitution failed:
/home/trungbao/cyberrunner_ws/src/cyberrunner_cpp/src/path_progress_node.cpp:60:34: note:   deduced conflicting types for parameter ‘const _Tp’ (‘long int’ and ‘int’)
   60 |         rel_path_step_ = std::max(this->get_parameter("rel_path_step").as_int(), 1);
      |                          ~~~~~~~~^~~~~~~~~~~~~~~~~~~~~~~~~~~~~~~~~~~~~~~~~~~~~~~~~~
In file included from /usr/include/c++/11/memory:63,
                 from /opt/ros/humble/include/rclcpp/rclcpp/rclcpp.hpp:153,
                 from /home/trungbao/cyberrunner_ws/src/cyberrunner_cpp/src/path_progress_node.cpp:14:
/usr/include/c++/11/bits/stl_algobase.h:300:5: note: candidate: ‘template<class _Tp, class _Compare> constexpr const _Tp& std::max(const _Tp&, const _Tp&, _Compare)’
  300 |     max(const _Tp& __a, const _Tp& __b, _Compare __comp)
      |     ^~~
/usr/include/c++/11/bits/stl_algobase.h:300:5: note:   template argument deduction/substitution failed:
/home/trungbao/cyberrunner_ws/src/cyberrunner_cpp/src/path_progress_node.cpp:60:34: note:   deduced conflicting types for parameter ‘const _Tp’ (‘long int’ and ‘int’)
   60 |         rel_path_step_ = std::max(this->get_parameter("rel_path_step").as_int(), 1);
      |                          ~~~~~~~~^~~~~~~~~~~~~~~~~~~~~~~~~~~~~~~~~~~~~~~~~~~~~~~~~~
In file included from /usr/include/c++/11/algorithm:62,
                 from /opt/ros/humble/include/rclcpp/rclcpp/executor.hpp:18,
                 from /opt/ros/humble/include/rclcpp/rclcpp/executors/multi_threaded_executor.hpp:25,
                 from /opt/ros/humble/include/rclcpp/rclcpp/executors.hpp:21,
                 from /opt/ros/humble/include/rclcpp/rclcpp/rclcpp.hpp:155,
                 from /home/trungbao/cyberrunner_ws/src/cyberrunner_cpp/src/path_progress_node.cpp:14:
/usr/include/c++/11/bits/stl_algo.h:3461:5: note: candidate: ‘template<class _Tp> constexpr _Tp std::max(std::initializer_list<_Tp>)’
 3461 |     max(initializer_list<_Tp> __l)
      |     ^~~
/usr/include/c++/11/bits/stl_algo.h:3461:5: note:   template argument deduction/substitution failed:
/home/trungbao/cyberrunner_ws/src/cyberrunner_cpp/src/path_progress_node.cpp:60:34: note:   mismatched types ‘std::initializer_list<_Tp>’ and ‘long int’
   60 |         rel_path_step_ = std::max(this->get_parameter("rel_path_step").as_int(), 1);
      |                          ~~~~~~~~^~~~~~~~~~~~~~~~~~~~~~~~~~~~~~~~~~~~~~~~~~~~~~~~~~
In file included from /usr/include/c++/11/algorithm:62,
                 from /opt/ros/humble/include/rclcpp/rclcpp/executor.hpp:18,
                 from /opt/ros/humble/include/rclcpp/rclcpp/executors/multi_threaded_executor.hpp:25,
                 from /opt/ros/humble/include/rclcpp/rclcpp/executors.hpp:21,
                 from /opt/ros/humble/include/rclcpp/rclcpp/rclcpp.hpp:155,
                 from /home/trungbao/cyberrunner_ws/src/cyberrunner_cpp/src/path_progress_node.cpp:14:
/usr/include/c++/11/bits/stl_algo.h:3467:5: note: candidate: ‘template<class _Tp, class _Compare> constexpr _Tp std::max(std::initializer_list<_Tp>, _Compare)’
 3467 |     max(initializer_list<_Tp> __l, _Compare __comp)
      |     ^~~
/usr/include/c++/11/bits/stl_algo.h:3467:5: note:   template argument deduction/substitution failed:
/home/trungbao/cyberrunner_ws/src/cyberrunner_cpp/src/path_progress_node.cpp:60:34: note:   mismatched types ‘std::initializer_list<_Tp>’ and ‘long int’
   60 |         rel_path_step_ = std::max(this->get_parameter("rel_path_step").as_int(), 1);
      |                          ~~~~~~~~^~~~~~~~~~~~~~~~~~~~~~~~~~~~~~~~~~~~~~~~~~~~~~~~~~
gmake[2]: *** [CMakeFiles/path_progress_node.dir/build.make:76: CMakeFiles/path_progress_node.dir/src/path_progress_node.cpp.o] Error 1
gmake[1]: *** [CMakeFiles/Makefile2:255: CMakeFiles/path_progress_node.dir/all] Error 2
gmake[1]: *** Waiting for unfinished jobs....
[ 56%] Linking CXX executable camera_node
[ 56%] Built target camera_node
[ 62%] Linking CXX executable tuner_node
[ 62%] Built target tuner_node
[ 68%] Linking CXX executable hiwonder_node
[ 68%] Built target hiwonder_node
[ 75%] Linking CXX executable marble_node
[ 75%] Built target marble_node
[ 81%] Linking CXX executable controller_node
[ 81%] Built target controller_node
[ 87%] Linking CXX executable estimator_node
[ 87%] Built target estimator_node
[ 93%] Linking CXX executable path_node
[ 93%] Built target path_node
gmake: *** [Makefile:146: all] Error 2
