[0.008s] Invoking command in '/home/trungbao/cyberrunner_ws/build/cyberrunner_cpp': CMAKE_PREFIX_PATH=${CMAKE_PREFIX_PATH}:/home/trungbao/cyberrunner_ws/install/cyberrunner_vision:/home/trungbao/cyberrunner_ws/install/cyberrunner_state_estimation:/home/trungbao/cyberrunner_ws/install/cyberrunner_pid:/home/trungbao/cyberrunner_ws/install/cyberrunner_dreamer:/home/trungbao/cyberrunner_ws/install/cyberrunner_hiwonder:/opt/ros/humble /usr/bin/cmake --build /home/trungbao/cyberrunner_ws/build/cyberrunner_cpp -- -j24 -l24
[0.049s] -- Found ament_cmake: 1.3.12 (/opt/ros/humble/share/ament_cmake/cmake)
[0.142s] -- Found rclcpp: 16.0.17 (/opt/ros/humble/share/rclcpp/cmake)
[0.167s] -- Found rosidl_generator_c: 3.1.8 (/opt/ros/humble/share/rosidl_generator_c/cmake)
[0.168s] -- Found rosidl_adapter: 3.1.8 (/opt/ros/humble/share/rosidl_adapter/cmake)
[0.174s] -- Found rosidl_generator_cpp: 3.1.8 (/opt/ros/humble/share/rosidl_generator_cpp/cmake)
[0.181s] -- Using all available rosidl_typesupport_c: rosidl_typesupport_fastrtps_c;rosidl_typesupport_introspection_c
[0.190s] -- Using all available rosidl_typesupport_cpp: rosidl_typesupport_fastrtps_cpp;rosidl_typesupport_introspection_cpp
[0.215s] -- Found rmw_implementation_cmake: 6.1.2 (/opt/ros/humble/share/rmw_implementation_cmake/cmake)
[0.217s] -- Found rmw_fastrtps_cpp: 6.2.9 (/opt/ros/humble/share/rmw_fastrtps_cpp/cmake)
[0.281s] -- Using RMW implementation 'rmw_fastrtps_cpp' as default
[0.327s] -- Found std_srvs: 4.9.0 (/opt/ros/humble/share/std_srvs/cmake)
[0.334s] -- Found sensor_msgs: 4.9.0 (/opt/ros/humble/share/sensor_msgs/cmake)
[0.356s] -- Found cv_bridge: 3.2.1 (/opt/ros/humble/share/cv_bridge/cmake)
[0.436s] -- Configuring done
[0.465s] -- Generating done
[0.475s] -- Build files have been written to: /home/trungbao/cyberrunner_ws/build/cyberrunner_cpp
[0.495s] Consolidate compiler generated dependencies of target camera_node
[0.495s] Consolidate compiler generated dependencies of target controller_node
[0.497s] Consolidate compiler generated dependencies of target marble_node
[0.497s] Consolidate compiler generated dependencies of target hiwonder_node
[0.498s] Consolidate compiler generated dependencies of target path_node
[0.498s] Consolidate compiler generated dependencies of target tuner_node
[0.499s] Consolidate compiler generated dependencies of target estimator_node
[0.500s] [  6%] Building CXX object CMakeFiles/path_progress_node.dir/src/path_progress_node.cpp.o
[0.512s] [ 18%] Building CXX object CMakeFiles/hiwonder_node.dir/src/hiwonder_node.cpp.o
[0.512s] [ 18%] Building CXX object CMakeFiles/tuner_node.dir/src/tuner_node.cpp.o
[0.512s] [ 25%] Building CXX object CMakeFiles/camera_node.dir/src/camera_node.cpp.o
[0.512s] [ 31%] Building CXX object CMakeFiles/marble_node.dir/src/marble_node.cpp.o
[0.513s] [ 37%] Building CXX object CMakeFiles/controller_node.dir/src/controller_node.cpp.o
[0.514s] [ 43%] Building CXX object CMakeFiles/estimator_node.dir/src/estimator_node.cpp.o
[0.514s] [ 50%] Building CXX object CMakeFiles/path_node.dir/src/path_node.cpp.o
[2.242s] /home/trungbao/cyberrunner_ws/src/cyberrunner_cpp/src/path_progress_node.cpp: In member function ‘void PathProgressNode::loadParams()’:
[2.243s] /home/trungbao/cyberrunner_ws/src/cyberrunner_cpp/src/path_progress_node.cpp:59:35: error: no matching function for call to ‘max(int64_t, int)’
[2.243s]    59 |         rel_path_count_ = std::max(this->get_parameter("rel_path_count").as_int(), 1);
[2.243s]       |                           ~~~~~~~~^~~~~~~~~~~~~~~~~~~~~~~~~~~~~~~~~~~~~~~~~~~~~~~~~~~
[2.245s] In file included from /usr/include/c++/11/memory:63,
[2.245s]                  from /opt/ros/humble/include/rclcpp/rclcpp/rclcpp.hpp:153,
[2.245s]                  from /home/trungbao/cyberrunner_ws/src/cyberrunner_cpp/src/path_progress_node.cpp:14:
[2.245s] /usr/include/c++/11/bits/stl_algobase.h:254:5: note: candidate: ‘template<class _Tp> constexpr const _Tp& std::max(const _Tp&, const _Tp&)’
[2.245s]   254 |     max(const _Tp& __a, const _Tp& __b)
[2.245s]       |     ^~~
[2.245s] /usr/include/c++/11/bits/stl_algobase.h:254:5: note:   template argument deduction/substitution failed:
[2.245s] /home/trungbao/cyberrunner_ws/src/cyberrunner_cpp/src/path_progress_node.cpp:59:35: note:   deduced conflicting types for parameter ‘const _Tp’ (‘long int’ and ‘int’)
[2.245s]    59 |         rel_path_count_ = std::max(this->get_parameter("rel_path_count").as_int(), 1);
[2.246s]       |                           ~~~~~~~~^~~~~~~~~~~~~~~~~~~~~~~~~~~~~~~~~~~~~~~~~~~~~~~~~~~
[2.246s] In file included from /usr/include/c++/11/memory:63,
[2.246s]                  from /opt/ros/humble/include/rclcpp/rclcpp/rclcpp.hpp:153,
[2.246s]                  from /home/trungbao/cyberrunner_ws/src/cyberrunner_cpp/src/path_progress_node.cpp:14:
[2.246s] /usr/include/c++/11/bits/stl_algobase.h:300:5: note: candidate: ‘template<class _Tp, class _Compare> constexpr const _Tp& std::max(const _Tp&, const _Tp&, _Compare)’
[2.246s]   300 |     max(const _Tp& __a, const _Tp& __b, _Compare __comp)
[2.246s]       |     ^~~
[2.246s] /usr/include/c++/11/bits/stl_algobase.h:300:5: note:   template argument deduction/substitution failed:
[2.246s] /home/trungbao/cyberrunner_ws/src/cyberrunner_cpp/src/path_progress_node.cpp:59:35: note:   deduced conflicting types for parameter ‘const _Tp’ (‘long int’ and ‘int’)
[2.246s]    59 |         rel_path_count_ = std::max(this->get_parameter("rel_path_count").as_int(), 1);
[2.246s]       |                           ~~~~~~~~^~~~~~~~~~~~~~~~~~~~~~~~~~~~~~~~~~~~~~~~~~~~~~~~~~~
[2.246s] In file included from /usr/include/c++/11/algorithm:62,
[2.246s]                  from /opt/ros/humble/include/rclcpp/rclcpp/executor.hpp:18,
[2.247s]                  from /opt/ros/humble/include/rclcpp/rclcpp/executors/multi_threaded_executor.hpp:25,
[2.247s]                  from /opt/ros/humble/include/rclcpp/rclcpp/executors.hpp:21,
[2.247s]                  from /opt/ros/humble/include/rclcpp/rclcpp/rclcpp.hpp:155,
[2.247s]                  from /home/trungbao/cyberrunner_ws/src/cyberrunner_cpp/src/path_progress_node.cpp:14:
[2.247s] /usr/include/c++/11/bits/stl_algo.h:3461:5: note: candidate: ‘template<class _Tp> constexpr _Tp std::max(std::initializer_list<_Tp>)’
[2.247s]  3461 |     max(initializer_list<_Tp> __l)
[2.247s]       |     ^~~
[2.247s] /usr/include/c++/11/bits/stl_algo.h:3461:5: note:   template argument deduction/substitution failed:
[2.247s] /home/trungbao/cyberrunner_ws/src/cyberrunner_cpp/src/path_progress_node.cpp:59:35: note:   mismatched types ‘std::initializer_list<_Tp>’ and ‘long int’
[2.247s]    59 |         rel_path_count_ = std::max(this->get_parameter("rel_path_count").as_int(), 1);
[2.247s]       |                           ~~~~~~~~^~~~~~~~~~~~~~~~~~~~~~~~~~~~~~~~~~~~~~~~~~~~~~~~~~~
[2.247s] In file included from /usr/include/c++/11/algorithm:62,
[2.247s]                  from /opt/ros/humble/include/rclcpp/rclcpp/executor.hpp:18,
[2.247s]                  from /opt/ros/humble/include/rclcpp/rclcpp/executors/multi_threaded_executor.hpp:25,
[2.248s]                  from /opt/ros/humble/include/rclcpp/rclcpp/executors.hpp:21,
[2.248s]                  from /opt/ros/humble/include/rclcpp/rclcpp/rclcpp.hpp:155,
[2.248s]                  from /home/trungbao/cyberrunner_ws/src/cyberrunner_cpp/src/path_progress_node.cpp:14:
[2.248s] /usr/include/c++/11/bits/stl_algo.h:3467:5: note: candidate: ‘template<class _Tp, class _Compare> constexpr _Tp std::max(std::initializer_list<_Tp>, _Compare)’
[2.248s]  3467 |     max(initializer_list<_Tp> __l, _Compare __comp)
[2.248s]       |     ^~~
[2.248s] /usr/include/c++/11/bits/stl_algo.h:3467:5: note:   template argument deduction/substitution failed:
[2.248s] /home/trungbao/cyberrunner_ws/src/cyberrunner_cpp/src/path_progress_node.cpp:59:35: note:   mismatched types ‘std::initializer_list<_Tp>’ and ‘long int’
[2.248s]    59 |         rel_path_count_ = std::max(this->get_parameter("rel_path_count").as_int(), 1);
[2.248s]       |                           ~~~~~~~~^~~~~~~~~~~~~~~~~~~~~~~~~~~~~~~~~~~~~~~~~~~~~~~~~~~
[2.248s] /home/trungbao/cyberrunner_ws/src/cyberrunner_cpp/src/path_progress_node.cpp:60:34: error: no matching function for call to ‘max(int64_t, int)’
[2.248s]    60 |         rel_path_step_ = std::max(this->get_parameter("rel_path_step").as_int(), 1);
[2.248s]       |                          ~~~~~~~~^~~~~~~~~~~~~~~~~~~~~~~~~~~~~~~~~~~~~~~~~~~~~~~~~~
[2.249s] In file included from /usr/include/c++/11/memory:63,
[2.249s]                  from /opt/ros/humble/include/rclcpp/rclcpp/rclcpp.hpp:153,
[2.249s]                  from /home/trungbao/cyberrunner_ws/src/cyberrunner_cpp/src/path_progress_node.cpp:14:
[2.249s] /usr/include/c++/11/bits/stl_algobase.h:254:5: note: candidate: ‘template<class _Tp> constexpr const _Tp& std::max(const _Tp&, const _Tp&)’
[2.249s]   254 |     max(const _Tp& __a, const _Tp& __b)
[2.249s]       |     ^~~
[2.249s] /usr/include/c++/11/bits/stl_algobase.h:254:5: note:   template argument deduction/substitution failed:
[2.249s] /home/trungbao/cyberrunner_ws/src/cyberrunner_cpp/src/path_progress_node.cpp:60:34: note:   deduced conflicting types for parameter ‘const _Tp’ (‘long int’ and ‘int’)
[2.249s]    60 |         rel_path_step_ = std::max(this->get_parameter("rel_path_step").as_int(), 1);
[2.249s]       |                          ~~~~~~~~^~~~~~~~~~~~~~~~~~~~~~~~~~~~~~~~~~~~~~~~~~~~~~~~~~
[2.249s] In file included from /usr/include/c++/11/memory:63,
[2.249s]                  from /opt/ros/humble/include/rclcpp/rclcpp/rclcpp.hpp:153,
[2.249s]                  from /home/trungbao/cyberrunner_ws/src/cyberrunner_cpp/src/path_progress_node.cpp:14:
[2.250s] /usr/include/c++/11/bits/stl_algobase.h:300:5: note: candidate: ‘template<class _Tp, class _Compare> constexpr const _Tp& std::max(const _Tp&, const _Tp&, _Compare)’
[2.250s]   300 |     max(const _Tp& __a, const _Tp& __b, _Compare __comp)
[2.250s]       |     ^~~
[2.250s] /usr/include/c++/11/bits/stl_algobase.h:300:5: note:   template argument deduction/substitution failed:
[2.250s] /home/trungbao/cyberrunner_ws/src/cyberrunner_cpp/src/path_progress_node.cpp:60:34: note:   deduced conflicting types for parameter ‘const _Tp’ (‘long int’ and ‘int’)
[2.250s]    60 |         rel_path_step_ = std::max(this->get_parameter("rel_path_step").as_int(), 1);
[2.250s]       |                          ~~~~~~~~^~~~~~~~~~~~~~~~~~~~~~~~~~~~~~~~~~~~~~~~~~~~~~~~~~
[2.250s] In file included from /usr/include/c++/11/algorithm:62,
[2.250s]                  from /opt/ros/humble/include/rclcpp/rclcpp/executor.hpp:18,
[2.250s]                  from /opt/ros/humble/include/rclcpp/rclcpp/executors/multi_threaded_executor.hpp:25,
[2.250s]                  from /opt/ros/humble/include/rclcpp/rclcpp/executors.hpp:21,
[2.250s]                  from /opt/ros/humble/include/rclcpp/rclcpp/rclcpp.hpp:155,
[2.250s]                  from /home/trungbao/cyberrunner_ws/src/cyberrunner_cpp/src/path_progress_node.cpp:14:
[2.250s] /usr/include/c++/11/bits/stl_algo.h:3461:5: note: candidate: ‘template<class _Tp> constexpr _Tp std::max(std::initializer_list<_Tp>)’
[2.251s]  3461 |     max(initializer_list<_Tp> __l)
[2.251s]       |     ^~~
[2.251s] /usr/include/c++/11/bits/stl_algo.h:3461:5: note:   template argument deduction/substitution failed:
[2.251s] /home/trungbao/cyberrunner_ws/src/cyberrunner_cpp/src/path_progress_node.cpp:60:34: note:   mismatched types ‘std::initializer_list<_Tp>’ and ‘long int’
[2.251s]    60 |         rel_path_step_ = std::max(this->get_parameter("rel_path_step").as_int(), 1);
[2.251s]       |                          ~~~~~~~~^~~~~~~~~~~~~~~~~~~~~~~~~~~~~~~~~~~~~~~~~~~~~~~~~~
[2.251s] In file included from /usr/include/c++/11/algorithm:62,
[2.251s]                  from /opt/ros/humble/include/rclcpp/rclcpp/executor.hpp:18,
[2.251s]                  from /opt/ros/humble/include/rclcpp/rclcpp/executors/multi_threaded_executor.hpp:25,
[2.251s]                  from /opt/ros/humble/include/rclcpp/rclcpp/executors.hpp:21,
[2.251s]                  from /opt/ros/humble/include/rclcpp/rclcpp/rclcpp.hpp:155,
[2.251s]                  from /home/trungbao/cyberrunner_ws/src/cyberrunner_cpp/src/path_progress_node.cpp:14:
[2.251s] /usr/include/c++/11/bits/stl_algo.h:3467:5: note: candidate: ‘template<class _Tp, class _Compare> constexpr _Tp std::max(std::initializer_list<_Tp>, _Compare)’
[2.252s]  3467 |     max(initializer_list<_Tp> __l, _Compare __comp)
[2.252s]       |     ^~~
[2.252s] /usr/include/c++/11/bits/stl_algo.h:3467:5: note:   template argument deduction/substitution failed:
[2.252s] /home/trungbao/cyberrunner_ws/src/cyberrunner_cpp/src/path_progress_node.cpp:60:34: note:   mismatched types ‘std::initializer_list<_Tp>’ and ‘long int’
[2.252s]    60 |         rel_path_step_ = std::max(this->get_parameter("rel_path_step").as_int(), 1);
[2.252s]       |                          ~~~~~~~~^~~~~~~~~~~~~~~~~~~~~~~~~~~~~~~~~~~~~~~~~~~~~~~~~~
[4.724s] gmake[2]: *** [CMakeFiles/path_progress_node.dir/build.make:76: CMakeFiles/path_progress_node.dir/src/path_progress_node.cpp.o] Error 1
[4.724s] gmake[1]: *** [CMakeFiles/Makefile2:255: CMakeFiles/path_progress_node.dir/all] Error 2
[4.724s] gmake[1]: *** Waiting for unfinished jobs....
[6.038s] [ 56%] Linking CXX executable camera_node
[6.434s] [ 56%] Built target camera_node
[7.855s] [ 62%] Linking CXX executable tuner_node
[8.152s] [ 62%] Built target tuner_node
[8.750s] [ 68%] Linking CXX executable hiwonder_node
[8.859s] [ 68%] Built target hiwonder_node
[9.218s] [ 75%] Linking CXX executable marble_node
[9.495s] [ 75%] Built target marble_node
[11.687s] [ 81%] Linking CXX executable controller_node
[11.825s] [ 81%] Built target controller_node
[13.015s] [ 87%] Linking CXX executable estimator_node
[13.269s] [ 87%] Built target estimator_node
[16.356s] [ 93%] Linking CXX executable path_node
[16.629s] [ 93%] Built target path_node
[16.630s] gmake: *** [Makefile:146: all] Error 2
[16.631s] Invoked command in '/home/trungbao/cyberrunner_ws/build/cyberrunner_cpp' returned '2': CMAKE_PREFIX_PATH=${CMAKE_PREFIX_PATH}:/home/trungbao/cyberrunner_ws/install/cyberrunner_vision:/home/trungbao/cyberrunner_ws/install/cyberrunner_state_estimation:/home/trungbao/cyberrunner_ws/install/cyberrunner_pid:/home/trungbao/cyberrunner_ws/install/cyberrunner_dreamer:/home/trungbao/cyberrunner_ws/install/cyberrunner_hiwonder:/opt/ros/humble /usr/bin/cmake --build /home/trungbao/cyberrunner_ws/build/cyberrunner_cpp -- -j24 -l24
