[  1%] Built target cyberrunner_interfaces__cpp
[ 12%] Built target cyberrunner_interfaces__rosidl_generator_c
[ 12%] Built target ament_cmake_python_symlink_cyberrunner_interfaces
[ 14%] Building CXX object CMakeFiles/cyberrunner_interfaces__rosidl_typesupport_cpp.dir/rosidl_typesupport_cpp/cyberrunner_interfaces/msg/dynamixel_vel__type_support.cpp.o
[ 16%] Building CXX object CMakeFiles/cyberrunner_interfaces__rosidl_typesupport_cpp.dir/rosidl_typesupport_cpp/cyberrunner_interfaces/msg/state_estimate__type_support.cpp.o
[ 27%] Built target cyberrunner_interfaces__rosidl_typesupport_c
[ 38%] Building CXX object CMakeFiles/cyberrunner_interfaces__rosidl_typesupport_fastrtps_c.dir/rosidl_typesupport_fastrtps_c/cyberrunner_interfaces/msg/detail/state_estimate_sub__type_support_c.cpp.o
[ 40%] Built target cyberrunner_interfaces__rosidl_typesupport_introspection_c
[ 43%] Building CXX object CMakeFiles/cyberrunner_interfaces__rosidl_typesupport_fastrtps_c.dir/rosidl_typesupport_fastrtps_c/cyberrunner_interfaces/msg/detail/state_estimate__type_support_c.cpp.o
[ 41%] Building CXX object CMakeFiles/cyberrunner_interfaces__rosidl_typesupport_fastrtps_cpp.dir/rosidl_typesupport_fastrtps_cpp/cyberrunner_interfaces/msg/detail/dds_fastrtps/state_estimate__type_support.cpp.o
[ 47%] Building CXX object CMakeFiles/cyberrunner_interfaces__rosidl_typesupport_cpp.dir/rosidl_typesupport_cpp/cyberrunner_interfaces/msg/state_estimate_sub__type_support.cpp.o
[ 47%] Building CXX object CMakeFiles/cyberrunner_interfaces__rosidl_typesupport_fastrtps_c.dir/rosidl_typesupport_fastrtps_c/cyberrunner_interfaces/msg/detail/dynamixel_vel__type_support_c.cpp.o
[ 49%] Building CXX object CMakeFiles/cyberrunner_interfaces__rosidl_typesupport_introspection_cpp.dir/rosidl_typesupport_introspection_cpp/cyberrunner_interfaces/msg/detail/dynamixel_vel__type_support.cpp.o
[ 50%] Building CXX object CMakeFiles/cyberrunner_interfaces__rosidl_typesupport_fastrtps_c.dir/rosidl_typesupport_fastrtps_c/cyberrunner_interfaces/srv/detail/dynamixel_reset__type_support_c.cpp.o
[ 54%] Building CXX object CMakeFiles/cyberrunner_interfaces__rosidl_typesupport_fastrtps_cpp.dir/rosidl_typesupport_fastrtps_cpp/cyberrunner_interfaces/srv/detail/dds_fastrtps/dynamixel_reset__type_support.cpp.o
[ 54%] Building CXX object CMakeFiles/cyberrunner_interfaces__rosidl_typesupport_cpp.dir/rosidl_typesupport_cpp/cyberrunner_interfaces/srv/dynamixel_reset__type_support.cpp.o
[ 56%] Building CXX object CMakeFiles/cyberrunner_interfaces__rosidl_typesupport_fastrtps_cpp.dir/rosidl_typesupport_fastrtps_cpp/cyberrunner_interfaces/msg/detail/dds_fastrtps/dynamixel_vel__type_support.cpp.o
[ 58%] Building CXX object CMakeFiles/cyberrunner_interfaces__rosidl_typesupport_introspection_cpp.dir/rosidl_typesupport_introspection_cpp/cyberrunner_interfaces/msg/detail/state_estimate__type_support.cpp.o
[ 60%] Building CXX object CMakeFiles/cyberrunner_interfaces__rosidl_typesupport_fastrtps_cpp.dir/rosidl_typesupport_fastrtps_cpp/cyberrunner_interfaces/msg/detail/dds_fastrtps/state_estimate_sub__type_support.cpp.o
[ 61%] Building CXX object CMakeFiles/cyberrunner_interfaces__rosidl_typesupport_introspection_cpp.dir/rosidl_typesupport_introspection_cpp/cyberrunner_interfaces/msg/detail/state_estimate_sub__type_support.cpp.o
[ 63%] Building CXX object CMakeFiles/cyberrunner_interfaces__rosidl_typesupport_introspection_cpp.dir/rosidl_typesupport_introspection_cpp/cyberrunner_interfaces/srv/detail/dynamixel_reset__type_support.cpp.o
running egg_info
writing cyberrunner_interfaces.egg-info/PKG-INFO
writing dependency_links to cyberrunner_interfaces.egg-info/dependency_links.txt
writing top-level names to cyberrunner_interfaces.egg-info/top_level.txt
[ 65%] Linking CXX shared library libcyberrunner_interfaces__rosidl_typesupport_cpp.so
reading manifest file 'cyberrunner_interfaces.egg-info/SOURCES.txt'
writing manifest file 'cyberrunner_interfaces.egg-info/SOURCES.txt'
[ 65%] Built target ament_cmake_python_build_cyberrunner_interfaces_egg
[ 67%] Built target cyberrunner_interfaces__rosidl_typesupport_cpp
[ 69%] Linking CXX shared library libcyberrunner_interfaces__rosidl_typesupport_fastrtps_c.so
[ 70%] Linking CXX shared library libcyberrunner_interfaces__rosidl_typesupport_introspection_cpp.so
[ 72%] Linking CXX shared library libcyberrunner_interfaces__rosidl_typesupport_fastrtps_cpp.so
[ 74%] Built target cyberrunner_interfaces__rosidl_typesupport_fastrtps_c
[ 76%] Built target cyberrunner_interfaces__rosidl_typesupport_introspection_cpp
[ 78%] Built target cyberrunner_interfaces__rosidl_typesupport_fastrtps_cpp
[ 78%] Built target cyberrunner_interfaces
[ 80%] Built target cyberrunner_interfaces__py
[ 81%] Building C object CMakeFiles/cyberrunner_interfaces__rosidl_generator_py.dir/rosidl_generator_py/cyberrunner_interfaces/msg/_state_estimate_sub_s.c.o
[ 83%] Building C object CMakeFiles/cyberrunner_interfaces__rosidl_generator_py.dir/rosidl_generator_py/cyberrunner_interfaces/msg/_dynamixel_vel_s.c.o
[ 85%] Building C object CMakeFiles/cyberrunner_interfaces__rosidl_generator_py.dir/rosidl_generator_py/cyberrunner_interfaces/msg/_state_estimate_s.c.o
[ 87%] Building C object CMakeFiles/cyberrunner_interfaces__rosidl_generator_py.dir/rosidl_generator_py/cyberrunner_interfaces/srv/_dynamixel_reset_s.c.o
[ 89%] Linking C shared library rosidl_generator_py/cyberrunner_interfaces/libcyberrunner_interfaces__rosidl_generator_py.so
[ 89%] Built target cyberrunner_interfaces__rosidl_generator_py
[ 92%] Building C object CMakeFiles/cyberrunner_interfaces__rosidl_typesupport_c__pyext.dir/rosidl_generator_py/cyberrunner_interfaces/_cyberrunner_interfaces_s.ep.rosidl_typesupport_c.c.o
[ 92%] Building C object CMakeFiles/cyberrunner_interfaces__rosidl_typesupport_introspection_c__pyext.dir/rosidl_generator_py/cyberrunner_interfaces/_cyberrunner_interfaces_s.ep.rosidl_typesupport_introspection_c.c.o
[ 94%] Building C object CMakeFiles/cyberrunner_interfaces__rosidl_typesupport_fastrtps_c__pyext.dir/rosidl_generator_py/cyberrunner_interfaces/_cyberrunner_interfaces_s.ep.rosidl_typesupport_fastrtps_c.c.o
[ 96%] Linking C shared library rosidl_generator_py/cyberrunner_interfaces/cyberrunner_interfaces_s__rosidl_typesupport_fastrtps_c.cpython-310-x86_64-linux-gnu.so
[ 98%] Linking C shared library rosidl_generator_py/cyberrunner_interfaces/cyberrunner_interfaces_s__rosidl_typesupport_introspection_c.cpython-310-x86_64-linux-gnu.so
[100%] Linking C shared library rosidl_generator_py/cyberrunner_interfaces/cyberrunner_interfaces_s__rosidl_typesupport_c.cpython-310-x86_64-linux-gnu.so
[100%] Built target cyberrunner_interfaces__rosidl_typesupport_introspection_c__pyext
[100%] Built target cyberrunner_interfaces__rosidl_typesupport_c__pyext
[100%] Built target cyberrunner_interfaces__rosidl_typesupport_fastrtps_c__pyext
-- Install configuration: ""
-- Execute custom install script
-- Up-to-date symlink: /home/trungbao/cyberrunner_ws/install/cyberrunner_interfaces/share/ament_index/resource_index/rosidl_interfaces/cyberrunner_interfaces
-- Up-to-date symlink: /home/trungbao/cyberrunner_ws/install/cyberrunner_interfaces/include/cyberrunner_interfaces/cyberrunner_interfaces/msg/detail/dynamixel_vel__functions.h
-- Up-to-date symlink: /home/trungbao/cyberrunner_ws/install/cyberrunner_interfaces/include/cyberrunner_interfaces/cyberrunner_interfaces/msg/detail/dynamixel_vel__struct.h
-- Up-to-date symlink: /home/trungbao/cyberrunner_ws/install/cyberrunner_interfaces/include/cyberrunner_interfaces/cyberrunner_interfaces/msg/detail/dynamixel_vel__type_support.h
-- Up-to-date symlink: /home/trungbao/cyberrunner_ws/install/cyberrunner_interfaces/include/cyberrunner_interfaces/cyberrunner_interfaces/msg/detail/state_estimate__functions.h
-- Up-to-date symlink: /home/trungbao/cyberrunner_ws/install/cyberrunner_interfaces/include/cyberrunner_interfaces/cyberrunner_interfaces/msg/detail/state_estimate__struct.h
-- Up-to-date symlink: /home/trungbao/cyberrunner_ws/install/cyberrunner_interfaces/include/cyberrunner_interfaces/cyberrunner_interfaces/msg/detail/state_estimate__type_support.h
-- Up-to-date symlink: /home/trungbao/cyberrunner_ws/install/cyberrunner_interfaces/include/cyberrunner_interfaces/cyberrunner_interfaces/msg/detail/state_estimate_sub__functions.h
-- Up-to-date symlink: /home/trungbao/cyberrunner_ws/install/cyberrunner_interfaces/include/cyberrunner_interfaces/cyberrunner_interfaces/msg/detail/state_estimate_sub__struct.h
-- Up-to-date symlink: /home/trungbao/cyberrunner_ws/install/cyberrunner_interfaces/include/cyberrunner_interfaces/cyberrunner_interfaces/msg/detail/state_estimate_sub__type_support.h
-- Up-to-date symlink: /home/trungbao/cyberrunner_ws/install/cyberrunner_interfaces/include/cyberrunner_interfaces/cyberrunner_interfaces/msg/dynamixel_vel.h
-- Up-to-date symlink: /home/trungbao/cyberrunner_ws/install/cyberrunner_interfaces/include/cyberrunner_interfaces/cyberrunner_interfaces/msg/rosidl_generator_c__visibility_control.h
-- Up-to-date symlink: /home/trungbao/cyberrunner_ws/install/cyberrunner_interfaces/include/cyberrunner_interfaces/cyberrunner_interfaces/msg/state_estimate.h
-- Up-to-date symlink: /home/trungbao/cyberrunner_ws/install/cyberrunner_interfaces/include/cyberrunner_interfaces/cyberrunner_interfaces/msg/state_estimate_sub.h
-- Up-to-date symlink: /home/trungbao/cyberrunner_ws/install/cyberrunner_interfaces/include/cyberrunner_interfaces/cyberrunner_interfaces/srv/detail/dynamixel_reset__functions.h
-- Up-to-date symlink: /home/trungbao/cyberrunner_ws/install/cyberrunner_interfaces/include/cyberrunner_interfaces/cyberrunner_interfaces/srv/detail/dynamixel_reset__struct.h
-- Up-to-date symlink: /home/trungbao/cyberrunner_ws/install/cyberrunner_interfaces/include/cyberrunner_interfaces/cyberrunner_interfaces/srv/detail/dynamixel_reset__type_support.h
-- Up-to-date symlink: /home/trungbao/cyberrunner_ws/install/cyberrunner_interfaces/include/cyberrunner_interfaces/cyberrunner_interfaces/srv/dynamixel_reset.h
-- Up-to-date symlink: /home/trungbao/cyberrunner_ws/install/cyberrunner_interfaces/share/cyberrunner_interfaces/environment/library_path.sh
-- Up-to-date symlink: /home/trungbao/cyberrunner_ws/install/cyberrunner_interfaces/share/cyberrunner_interfaces/environment/library_path.dsv
-- Up-to-date symlink: /home/trungbao/cyberrunner_ws/install/cyberrunner_interfaces/include/cyberrunner_interfaces/cyberrunner_interfaces/msg/detail/dynamixel_vel__rosidl_typesupport_fastrtps_c.h
-- Up-to-date symlink: /home/trungbao/cyberrunner_ws/install/cyberrunner_interfaces/include/cyberrunner_interfaces/cyberrunner_interfaces/msg/detail/state_estimate__rosidl_typesupport_fastrtps_c.h
-- Up-to-date symlink: /home/trungbao/cyberrunner_ws/install/cyberrunner_interfaces/include/cyberrunner_interfaces/cyberrunner_interfaces/msg/detail/state_estimate_sub__rosidl_typesupport_fastrtps_c.h
-- Up-to-date symlink: /home/trungbao/cyberrunner_ws/install/cyberrunner_interfaces/include/cyberrunner_interfaces/cyberrunner_interfaces/msg/rosidl_typesupport_fastrtps_c__visibility_control.h
-- Up-to-date symlink: /home/trungbao/cyberrunner_ws/install/cyberrunner_interfaces/include/cyberrunner_interfaces/cyberrunner_interfaces/srv/detail/dynamixel_reset__rosidl_typesupport_fastrtps_c.h
-- Up-to-date symlink: /home/trungbao/cyberrunner_ws/install/cyberrunner_interfaces/include/cyberrunner_interfaces/cyberrunner_interfaces/msg/detail/dynamixel_vel__rosidl_typesupport_introspection_c.h
-- Up-to-date symlink: /home/trungbao/cyberrunner_ws/install/cyberrunner_interfaces/include/cyberrunner_interfaces/cyberrunner_interfaces/msg/detail/state_estimate__rosidl_typesupport_introspection_c.h
-- Up-to-date symlink: /home/trungbao/cyberrunner_ws/install/cyberrunner_interfaces/include/cyberrunner_interfaces/cyberrunner_interfaces/msg/detail/state_estimate_sub__rosidl_typesupport_introspection_c.h
-- Up-to-date symlink: /home/trungbao/cyberrunner_ws/install/cyberrunner_interfaces/include/cyberrunner_interfaces/cyberrunner_interfaces/msg/rosidl_typesupport_introspection_c__visibility_control.h
-- Up-to-date symlink: /home/trungbao/cyberrunner_ws/install/cyberrunner_interfaces/include/cyberrunner_interfaces/cyberrunner_interfaces/srv/detail/dynamixel_reset__rosidl_typesupport_introspection_c.h
-- Up-to-date symlink: /home/trungbao/cyberrunner_ws/install/cyberrunner_interfaces/include/cyberrunner_interfaces/cyberrunner_interfaces/msg/detail/dynamixel_vel__builder.hpp
-- Up-to-date symlink: /home/trungbao/cyberrunner_ws/install/cyberrunner_interfaces/include/cyberrunner_interfaces/cyberrunner_interfaces/msg/detail/dynamixel_vel__struct.hpp
-- Up-to-date symlink: /home/trungbao/cyberrunner_ws/install/cyberrunner_interfaces/include/cyberrunner_interfaces/cyberrunner_interfaces/msg/detail/dynamixel_vel__traits.hpp
-- Up-to-date symlink: /home/trungbao/cyberrunner_ws/install/cyberrunner_interfaces/include/cyberrunner_interfaces/cyberrunner_interfaces/msg/detail/dynamixel_vel__type_support.hpp
-- Up-to-date symlink: /home/trungbao/cyberrunner_ws/install/cyberrunner_interfaces/include/cyberrunner_interfaces/cyberrunner_interfaces/msg/detail/state_estimate__builder.hpp
-- Up-to-date symlink: /home/trungbao/cyberrunner_ws/install/cyberrunner_interfaces/include/cyberrunner_interfaces/cyberrunner_interfaces/msg/detail/state_estimate__struct.hpp
-- Up-to-date symlink: /home/trungbao/cyberrunner_ws/install/cyberrunner_interfaces/include/cyberrunner_interfaces/cyberrunner_interfaces/msg/detail/state_estimate__traits.hpp
-- Up-to-date symlink: /home/trungbao/cyberrunner_ws/install/cyberrunner_interfaces/include/cyberrunner_interfaces/cyberrunner_interfaces/msg/detail/state_estimate__type_support.hpp
-- Up-to-date symlink: /home/trungbao/cyberrunner_ws/install/cyberrunner_interfaces/include/cyberrunner_interfaces/cyberrunner_interfaces/msg/detail/state_estimate_sub__builder.hpp
-- Up-to-date symlink: /home/trungbao/cyberrunner_ws/install/cyberrunner_interfaces/include/cyberrunner_interfaces/cyberrunner_interfaces/msg/detail/state_estimate_sub__struct.hpp
-- Up-to-date symlink: /home/trungbao/cyberrunner_ws/install/cyberrunner_interfaces/include/cyberrunner_interfaces/cyberrunner_interfaces/msg/detail/state_estimate_sub__traits.hpp
-- Up-to-date symlink: /home/trungbao/cyberrunner_ws/install/cyberrunner_interfaces/include/cyberrunner_interfaces/cyberrunner_interfaces/msg/detail/state_estimate_sub__type_support.hpp
-- Up-to-date symlink: /home/trungbao/cyberrunner_ws/install/cyberrunner_interfaces/include/cyberrunner_interfaces/cyberrunner_interfaces/msg/dynamixel_vel.hpp
-- Up-to-date symlink: /home/trungbao/cyberrunner_ws/install/cyberrunner_interfaces/include/cyberrunner_interfaces/cyberrunner_interfaces/msg/rosidl_generator_cpp__visibility_control.hpp
-- Up-to-date symlink: /home/trungbao/cyberrunner_ws/install/cyberrunner_interfaces/include/cyberrunner_interfaces/cyberrunner_interfaces/msg/state_estimate.hpp
-- Up-to-date symlink: /home/trungbao/cyberrunner_ws/install/cyberrunner_interfaces/include/cyberrunner_interfaces/cyberrunner_interfaces/msg/state_estimate_sub.hpp
-- Up-to-date symlink: /home/trungbao/cyberrunner_ws/install/cyberrunner_interfaces/include/cyberrunner_interfaces/cyberrunner_interfaces/srv/detail/dynamixel_reset__builder.hpp
-- Up-to-date symlink: /home/trungbao/cyberrunner_ws/install/cyberrunner_interfaces/include/cyberrunner_interfaces/cyberrunner_interfaces/srv/detail/dynamixel_reset__struct.hpp
-- Up-to-date symlink: /home/trungbao/cyberrunner_ws/install/cyberrunner_interfaces/include/cyberrunner_interfaces/cyberrunner_interfaces/srv/detail/dynamixel_reset__traits.hpp
-- Up-to-date symlink: /home/trungbao/cyberrunner_ws/install/cyberrunner_interfaces/include/cyberrunner_interfaces/cyberrunner_interfaces/srv/detail/dynamixel_reset__type_support.hpp
-- Up-to-date symlink: /home/trungbao/cyberrunner_ws/install/cyberrunner_interfaces/include/cyberrunner_interfaces/cyberrunner_interfaces/srv/dynamixel_reset.hpp
-- Up-to-date symlink: /home/trungbao/cyberrunner_ws/install/cyberrunner_interfaces/include/cyberrunner_interfaces/cyberrunner_interfaces/msg/detail/dynamixel_vel__rosidl_typesupport_fastrtps_cpp.hpp
-- Up-to-date symlink: /home/trungbao/cyberrunner_ws/install/cyberrunner_interfaces/include/cyberrunner_interfaces/cyberrunner_interfaces/msg/detail/state_estimate__rosidl_typesupport_fastrtps_cpp.hpp
-- Up-to-date symlink: /home/trungbao/cyberrunner_ws/install/cyberrunner_interfaces/include/cyberrunner_interfaces/cyberrunner_interfaces/msg/detail/state_estimate_sub__rosidl_typesupport_fastrtps_cpp.hpp
-- Up-to-date symlink: /home/trungbao/cyberrunner_ws/install/cyberrunner_interfaces/include/cyberrunner_interfaces/cyberrunner_interfaces/msg/rosidl_typesupport_fastrtps_cpp__visibility_control.h
-- Up-to-date symlink: /home/trungbao/cyberrunner_ws/install/cyberrunner_interfaces/include/cyberrunner_interfaces/cyberrunner_interfaces/srv/detail/dynamixel_reset__rosidl_typesupport_fastrtps_cpp.hpp
-- Up-to-date symlink: /home/trungbao/cyberrunner_ws/install/cyberrunner_interfaces/include/cyberrunner_interfaces/cyberrunner_interfaces/msg/detail/dynamixel_vel__rosidl_typesupport_introspection_cpp.hpp
-- Up-to-date symlink: /home/trungbao/cyberrunner_ws/install/cyberrunner_interfaces/include/cyberrunner_interfaces/cyberrunner_interfaces/msg/detail/state_estimate__rosidl_typesupport_introspection_cpp.hpp
-- Up-to-date symlink: /home/trungbao/cyberrunner_ws/install/cyberrunner_interfaces/include/cyberrunner_interfaces/cyberrunner_interfaces/msg/detail/state_estimate_sub__rosidl_typesupport_introspection_cpp.hpp
-- Up-to-date symlink: /home/trungbao/cyberrunner_ws/install/cyberrunner_interfaces/include/cyberrunner_interfaces/cyberrunner_interfaces/srv/detail/dynamixel_reset__rosidl_typesupport_introspection_cpp.hpp
-- Up-to-date symlink: /home/trungbao/cyberrunner_ws/install/cyberrunner_interfaces/share/cyberrunner_interfaces/environment/pythonpath.sh
-- Up-to-date symlink: /home/trungbao/cyberrunner_ws/install/cyberrunner_interfaces/share/cyberrunner_interfaces/environment/pythonpath.dsv
-- Up-to-date symlink: /home/trungbao/cyberrunner_ws/install/cyberrunner_interfaces/local/lib/python3.10/dist-packages/cyberrunner_interfaces-0.0.0-py3.10.egg-info/PKG-INFO
-- Up-to-date symlink: /home/trungbao/cyberrunner_ws/install/cyberrunner_interfaces/local/lib/python3.10/dist-packages/cyberrunner_interfaces-0.0.0-py3.10.egg-info/SOURCES.txt
-- Up-to-date symlink: /home/trungbao/cyberrunner_ws/install/cyberrunner_interfaces/local/lib/python3.10/dist-packages/cyberrunner_interfaces-0.0.0-py3.10.egg-info/dependency_links.txt
-- Up-to-date symlink: /home/trungbao/cyberrunner_ws/install/cyberrunner_interfaces/local/lib/python3.10/dist-packages/cyberrunner_interfaces-0.0.0-py3.10.egg-info/top_level.txt
-- Up-to-date symlink: /home/trungbao/cyberrunner_ws/install/cyberrunner_interfaces/local/lib/python3.10/dist-packages/cyberrunner_interfaces/__init__.py
-- Up-to-date symlink: /home/trungbao/cyberrunner_ws/install/cyberrunner_interfaces/local/lib/python3.10/dist-packages/cyberrunner_interfaces/_cyberrunner_interfaces_s.ep.rosidl_typesupport_c.c
-- Up-to-date symlink: /home/trungbao/cyberrunner_ws/install/cyberrunner_interfaces/local/lib/python3.10/dist-packages/cyberrunner_interfaces/_cyberrunner_interfaces_s.ep.rosidl_typesupport_fastrtps_c.c
-- Up-to-date symlink: /home/trungbao/cyberrunner_ws/install/cyberrunner_interfaces/local/lib/python3.10/dist-packages/cyberrunner_interfaces/_cyberrunner_interfaces_s.ep.rosidl_typesupport_introspection_c.c
-- Up-to-date symlink: /home/trungbao/cyberrunner_ws/install/cyberrunner_interfaces/local/lib/python3.10/dist-packages/cyberrunner_interfaces/cyberrunner_interfaces_s__rosidl_typesupport_c.cpython-310-x86_64-linux-gnu.so
-- Up-to-date symlink: /home/trungbao/cyberrunner_ws/install/cyberrunner_interfaces/local/lib/python3.10/dist-packages/cyberrunner_interfaces/cyberrunner_interfaces_s__rosidl_typesupport_fastrtps_c.cpython-310-x86_64-linux-gnu.so
-- Up-to-date symlink: /home/trungbao/cyberrunner_ws/install/cyberrunner_interfaces/local/lib/python3.10/dist-packages/cyberrunner_interfaces/cyberrunner_interfaces_s__rosidl_typesupport_introspection_c.cpython-310-x86_64-linux-gnu.so
-- Up-to-date symlink: /home/trungbao/cyberrunner_ws/install/cyberrunner_interfaces/local/lib/python3.10/dist-packages/cyberrunner_interfaces/libcyberrunner_interfaces__rosidl_generator_py.so
-- Up-to-date symlink: /home/trungbao/cyberrunner_ws/install/cyberrunner_interfaces/local/lib/python3.10/dist-packages/cyberrunner_interfaces/msg/__init__.py
-- Up-to-date symlink: /home/trungbao/cyberrunner_ws/install/cyberrunner_interfaces/local/lib/python3.10/dist-packages/cyberrunner_interfaces/msg/_dynamixel_vel.py
-- Up-to-date symlink: /home/trungbao/cyberrunner_ws/install/cyberrunner_interfaces/local/lib/python3.10/dist-packages/cyberrunner_interfaces/msg/_dynamixel_vel_s.c
-- Up-to-date symlink: /home/trungbao/cyberrunner_ws/install/cyberrunner_interfaces/local/lib/python3.10/dist-packages/cyberrunner_interfaces/msg/_state_estimate.py
-- Up-to-date symlink: /home/trungbao/cyberrunner_ws/install/cyberrunner_interfaces/local/lib/python3.10/dist-packages/cyberrunner_interfaces/msg/_state_estimate_s.c
-- Up-to-date symlink: /home/trungbao/cyberrunner_ws/install/cyberrunner_interfaces/local/lib/python3.10/dist-packages/cyberrunner_interfaces/msg/_state_estimate_sub.py
-- Up-to-date symlink: /home/trungbao/cyberrunner_ws/install/cyberrunner_interfaces/local/lib/python3.10/dist-packages/cyberrunner_interfaces/msg/_state_estimate_sub_s.c
-- Up-to-date symlink: /home/trungbao/cyberrunner_ws/install/cyberrunner_interfaces/local/lib/python3.10/dist-packages/cyberrunner_interfaces/srv/__init__.py
-- Up-to-date symlink: /home/trungbao/cyberrunner_ws/install/cyberrunner_interfaces/local/lib/python3.10/dist-packages/cyberrunner_interfaces/srv/_dynamixel_reset.py
-- Up-to-date symlink: /home/trungbao/cyberrunner_ws/install/cyberrunner_interfaces/local/lib/python3.10/dist-packages/cyberrunner_interfaces/srv/_dynamixel_reset_s.c
-- Up-to-date symlink: /home/trungbao/cyberrunner_ws/install/cyberrunner_interfaces/local/lib/python3.10/dist-packages/cyberrunner_interfaces/cyberrunner_interfaces_s__rosidl_typesupport_fastrtps_c.cpython-310-x86_64-linux-gnu.so
-- Up-to-date symlink: /home/trungbao/cyberrunner_ws/install/cyberrunner_interfaces/local/lib/python3.10/dist-packages/cyberrunner_interfaces/cyberrunner_interfaces_s__rosidl_typesupport_introspection_c.cpython-310-x86_64-linux-gnu.so
-- Up-to-date symlink: /home/trungbao/cyberrunner_ws/install/cyberrunner_interfaces/local/lib/python3.10/dist-packages/cyberrunner_interfaces/cyberrunner_interfaces_s__rosidl_typesupport_c.cpython-310-x86_64-linux-gnu.so
-- Up-to-date symlink: /home/trungbao/cyberrunner_ws/install/cyberrunner_interfaces/share/cyberrunner_interfaces/msg/DynamixelVel.idl
-- Up-to-date symlink: /home/trungbao/cyberrunner_ws/install/cyberrunner_interfaces/share/cyberrunner_interfaces/msg/StateEstimate.idl
-- Up-to-date symlink: /home/trungbao/cyberrunner_ws/install/cyberrunner_interfaces/share/cyberrunner_interfaces/msg/StateEstimateSub.idl
-- Up-to-date symlink: /home/trungbao/cyberrunner_ws/install/cyberrunner_interfaces/share/cyberrunner_interfaces/srv/DynamixelReset.idl
-- Up-to-date symlink: /home/trungbao/cyberrunner_ws/install/cyberrunner_interfaces/share/cyberrunner_interfaces/msg/DynamixelVel.msg
-- Up-to-date symlink: /home/trungbao/cyberrunner_ws/install/cyberrunner_interfaces/share/cyberrunner_interfaces/msg/StateEstimate.msg
-- Up-to-date symlink: /home/trungbao/cyberrunner_ws/install/cyberrunner_interfaces/share/cyberrunner_interfaces/msg/StateEstimateSub.msg
-- Up-to-date symlink: /home/trungbao/cyberrunner_ws/install/cyberrunner_interfaces/share/cyberrunner_interfaces/srv/DynamixelReset.srv
-- Up-to-date symlink: /home/trungbao/cyberrunner_ws/install/cyberrunner_interfaces/share/cyberrunner_interfaces/srv/DynamixelReset_Request.msg
-- Up-to-date symlink: /home/trungbao/cyberrunner_ws/install/cyberrunner_interfaces/share/cyberrunner_interfaces/srv/DynamixelReset_Response.msg
-- Up-to-date symlink: /home/trungbao/cyberrunner_ws/install/cyberrunner_interfaces/share/ament_index/resource_index/package_run_dependencies/cyberrunner_interfaces
-- Up-to-date symlink: /home/trungbao/cyberrunner_ws/install/cyberrunner_interfaces/share/ament_index/resource_index/parent_prefix_path/cyberrunner_interfaces
-- Up-to-date symlink: /home/trungbao/cyberrunner_ws/install/cyberrunner_interfaces/share/cyberrunner_interfaces/environment/ament_prefix_path.sh
-- Up-to-date symlink: /home/trungbao/cyberrunner_ws/install/cyberrunner_interfaces/share/cyberrunner_interfaces/environment/ament_prefix_path.dsv
-- Up-to-date symlink: /home/trungbao/cyberrunner_ws/install/cyberrunner_interfaces/share/cyberrunner_interfaces/environment/path.sh
-- Up-to-date symlink: /home/trungbao/cyberrunner_ws/install/cyberrunner_interfaces/share/cyberrunner_interfaces/environment/path.dsv
-- Up-to-date symlink: /home/trungbao/cyberrunner_ws/install/cyberrunner_interfaces/share/cyberrunner_interfaces/local_setup.bash
-- Up-to-date symlink: /home/trungbao/cyberrunner_ws/install/cyberrunner_interfaces/share/cyberrunner_interfaces/local_setup.sh
-- Up-to-date symlink: /home/trungbao/cyberrunner_ws/install/cyberrunner_interfaces/share/cyberrunner_interfaces/local_setup.zsh
-- Up-to-date symlink: /home/trungbao/cyberrunner_ws/install/cyberrunner_interfaces/share/cyberrunner_interfaces/local_setup.dsv
-- Symlinking: /home/trungbao/cyberrunner_ws/install/cyberrunner_interfaces/share/cyberrunner_interfaces/package.dsv
-- Up-to-date symlink: /home/trungbao/cyberrunner_ws/install/cyberrunner_interfaces/share/ament_index/resource_index/packages/cyberrunner_interfaces
-- Up-to-date symlink: /home/trungbao/cyberrunner_ws/install/cyberrunner_interfaces/share/cyberrunner_interfaces/cmake/rosidl_cmake-extras.cmake
-- Up-to-date symlink: /home/trungbao/cyberrunner_ws/install/cyberrunner_interfaces/share/cyberrunner_interfaces/cmake/ament_cmake_export_dependencies-extras.cmake
-- Up-to-date symlink: /home/trungbao/cyberrunner_ws/install/cyberrunner_interfaces/share/cyberrunner_interfaces/cmake/ament_cmake_export_include_directories-extras.cmake
-- Up-to-date symlink: /home/trungbao/cyberrunner_ws/install/cyberrunner_interfaces/share/cyberrunner_interfaces/cmake/ament_cmake_export_libraries-extras.cmake
-- Up-to-date symlink: /home/trungbao/cyberrunner_ws/install/cyberrunner_interfaces/share/cyberrunner_interfaces/cmake/ament_cmake_export_targets-extras.cmake
-- Up-to-date symlink: /home/trungbao/cyberrunner_ws/install/cyberrunner_interfaces/share/cyberrunner_interfaces/cmake/rosidl_cmake_export_typesupport_targets-extras.cmake
-- Up-to-date symlink: /home/trungbao/cyberrunner_ws/install/cyberrunner_interfaces/share/cyberrunner_interfaces/cmake/rosidl_cmake_export_typesupport_libraries-extras.cmake
-- Up-to-date symlink: /home/trungbao/cyberrunner_ws/install/cyberrunner_interfaces/share/cyberrunner_interfaces/cmake/cyberrunner_interfacesConfig.cmake
-- Up-to-date symlink: /home/trungbao/cyberrunner_ws/install/cyberrunner_interfaces/share/cyberrunner_interfaces/cmake/cyberrunner_interfacesConfig-version.cmake
-- Up-to-date symlink: /home/trungbao/cyberrunner_ws/install/cyberrunner_interfaces/share/cyberrunner_interfaces/package.xml
-- Up-to-date: /home/trungbao/cyberrunner_ws/install/cyberrunner_interfaces/lib/libcyberrunner_interfaces__rosidl_generator_c.so
-- Installing: /home/trungbao/cyberrunner_ws/install/cyberrunner_interfaces/lib/libcyberrunner_interfaces__rosidl_typesupport_fastrtps_c.so
-- Set runtime path of "/home/trungbao/cyberrunner_ws/install/cyberrunner_interfaces/lib/libcyberrunner_interfaces__rosidl_typesupport_fastrtps_c.so" to ""
-- Up-to-date: /home/trungbao/cyberrunner_ws/install/cyberrunner_interfaces/lib/libcyberrunner_interfaces__rosidl_typesupport_introspection_c.so
-- Up-to-date: /home/trungbao/cyberrunner_ws/install/cyberrunner_interfaces/lib/libcyberrunner_interfaces__rosidl_typesupport_c.so
-- Installing: /home/trungbao/cyberrunner_ws/install/cyberrunner_interfaces/lib/libcyberrunner_interfaces__rosidl_typesupport_fastrtps_cpp.so
-- Set runtime path of "/home/trungbao/cyberrunner_ws/install/cyberrunner_interfaces/lib/libcyberrunner_interfaces__rosidl_typesupport_fastrtps_cpp.so" to ""
-- Installing: /home/trungbao/cyberrunner_ws/install/cyberrunner_interfaces/lib/libcyberrunner_interfaces__rosidl_typesupport_introspection_cpp.so
-- Set runtime path of "/home/trungbao/cyberrunner_ws/install/cyberrunner_interfaces/lib/libcyberrunner_interfaces__rosidl_typesupport_introspection_cpp.so" to ""
-- Installing: /home/trungbao/cyberrunner_ws/install/cyberrunner_interfaces/lib/libcyberrunner_interfaces__rosidl_typesupport_cpp.so
-- Set runtime path of "/home/trungbao/cyberrunner_ws/install/cyberrunner_interfaces/lib/libcyberrunner_interfaces__rosidl_typesupport_cpp.so" to ""
Listing '/home/trungbao/cyberrunner_ws/install/cyberrunner_interfaces/local/lib/python3.10/dist-packages/cyberrunner_interfaces'...
Listing '/home/trungbao/cyberrunner_ws/install/cyberrunner_interfaces/local/lib/python3.10/dist-packages/cyberrunner_interfaces/msg'...
Listing '/home/trungbao/cyberrunner_ws/install/cyberrunner_interfaces/local/lib/python3.10/dist-packages/cyberrunner_interfaces/srv'...
-- Installing: /home/trungbao/cyberrunner_ws/install/cyberrunner_interfaces/lib/libcyberrunner_interfaces__rosidl_generator_py.so
-- Set runtime path of "/home/trungbao/cyberrunner_ws/install/cyberrunner_interfaces/lib/libcyberrunner_interfaces__rosidl_generator_py.so" to ""
-- Up-to-date: /home/trungbao/cyberrunner_ws/install/cyberrunner_interfaces/share/cyberrunner_interfaces/cmake/export_cyberrunner_interfaces__rosidl_generator_cExport.cmake
-- Up-to-date: /home/trungbao/cyberrunner_ws/install/cyberrunner_interfaces/share/cyberrunner_interfaces/cmake/export_cyberrunner_interfaces__rosidl_generator_cExport-noconfig.cmake
-- Up-to-date: /home/trungbao/cyberrunner_ws/install/cyberrunner_interfaces/share/cyberrunner_interfaces/cmake/export_cyberrunner_interfaces__rosidl_typesupport_fastrtps_cExport.cmake
-- Up-to-date: /home/trungbao/cyberrunner_ws/install/cyberrunner_interfaces/share/cyberrunner_interfaces/cmake/export_cyberrunner_interfaces__rosidl_typesupport_fastrtps_cExport-noconfig.cmake
-- Up-to-date: /home/trungbao/cyberrunner_ws/install/cyberrunner_interfaces/share/cyberrunner_interfaces/cmake/cyberrunner_interfaces__rosidl_typesupport_introspection_cExport.cmake
-- Up-to-date: /home/trungbao/cyberrunner_ws/install/cyberrunner_interfaces/share/cyberrunner_interfaces/cmake/cyberrunner_interfaces__rosidl_typesupport_introspection_cExport-noconfig.cmake
-- Up-to-date: /home/trungbao/cyberrunner_ws/install/cyberrunner_interfaces/share/cyberrunner_interfaces/cmake/cyberrunner_interfaces__rosidl_typesupport_cExport.cmake
-- Up-to-date: /home/trungbao/cyberrunner_ws/install/cyberrunner_interfaces/share/cyberrunner_interfaces/cmake/cyberrunner_interfaces__rosidl_typesupport_cExport-noconfig.cmake
-- Up-to-date: /home/trungbao/cyberrunner_ws/install/cyberrunner_interfaces/share/cyberrunner_interfaces/cmake/export_cyberrunner_interfaces__rosidl_generator_cppExport.cmake
-- Up-to-date: /home/trungbao/cyberrunner_ws/install/cyberrunner_interfaces/share/cyberrunner_interfaces/cmake/export_cyberrunner_interfaces__rosidl_typesupport_fastrtps_cppExport.cmake
-- Up-to-date: /home/trungbao/cyberrunner_ws/install/cyberrunner_interfaces/share/cyberrunner_interfaces/cmake/export_cyberrunner_interfaces__rosidl_typesupport_fastrtps_cppExport-noconfig.cmake
-- Up-to-date: /home/trungbao/cyberrunner_ws/install/cyberrunner_interfaces/share/cyberrunner_interfaces/cmake/cyberrunner_interfaces__rosidl_typesupport_introspection_cppExport.cmake
-- Up-to-date: /home/trungbao/cyberrunner_ws/install/cyberrunner_interfaces/share/cyberrunner_interfaces/cmake/cyberrunner_interfaces__rosidl_typesupport_introspection_cppExport-noconfig.cmake
-- Up-to-date: /home/trungbao/cyberrunner_ws/install/cyberrunner_interfaces/share/cyberrunner_interfaces/cmake/cyberrunner_interfaces__rosidl_typesupport_cppExport.cmake
-- Up-to-date: /home/trungbao/cyberrunner_ws/install/cyberrunner_interfaces/share/cyberrunner_interfaces/cmake/cyberrunner_interfaces__rosidl_typesupport_cppExport-noconfig.cmake
-- Up-to-date: /home/trungbao/cyberrunner_ws/install/cyberrunner_interfaces/share/cyberrunner_interfaces/cmake/export_cyberrunner_interfaces__rosidl_generator_pyExport.cmake
-- Up-to-date: /home/trungbao/cyberrunner_ws/install/cyberrunner_interfaces/share/cyberrunner_interfaces/cmake/export_cyberrunner_interfaces__rosidl_generator_pyExport-noconfig.cmake
