[0.014s] Invoking command in '/home/trungbao/cyberrunner_ws/build/cyberrunner_interfaces': CMAKE_PREFIX_PATH=${CMAKE_PREFIX_PATH}:/home/trungbao/cyberrunner_ws/install/cyberrunner_vision:/home/trungbao/cyberrunner_ws/install/cyberrunner_state_estimation:/home/trungbao/cyberrunner_ws/install/cyberrunner_pid:/home/trungbao/cyberrunner_ws/install/cyberrunner_dreamer:/home/trungbao/cyberrunner_ws/install/cyberrunner_hiwonder:/opt/ros/humble /usr/bin/cmake --build /home/trungbao/cyberrunner_ws/build/cyberrunner_interfaces -- -j24 -l24
[0.194s] [  1%] Built target cyberrunner_interfaces__cpp
[0.194s] [ 12%] Built target cyberrunner_interfaces__rosidl_generator_c
[0.195s] [ 12%] Built target ament_cmake_python_symlink_cyberrunner_interfaces
[0.195s] [ 14%] Building CXX object CMakeFiles/cyberrunner_interfaces__rosidl_typesupport_cpp.dir/rosidl_typesupport_cpp/cyberrunner_interfaces/msg/dynamixel_vel__type_support.cpp.o
[0.195s] [ 16%] Building CXX object CMakeFiles/cyberrunner_interfaces__rosidl_typesupport_cpp.dir/rosidl_typesupport_cpp/cyberrunner_interfaces/msg/state_estimate__type_support.cpp.o
[0.195s] [ 27%] Built target cyberrunner_interfaces__rosidl_typesupport_c
[0.195s] [ 38%] Building CXX object CMakeFiles/cyberrunner_interfaces__rosidl_typesupport_fastrtps_c.dir/rosidl_typesupport_fastrtps_c/cyberrunner_interfaces/msg/detail/state_estimate_sub__type_support_c.cpp.o
[0.195s] [ 40%] Built target cyberrunner_interfaces__rosidl_typesupport_introspection_c
[0.195s] [ 43%] Building CXX object CMakeFiles/cyberrunner_interfaces__rosidl_typesupport_fastrtps_c.dir/rosidl_typesupport_fastrtps_c/cyberrunner_interfaces/msg/detail/state_estimate__type_support_c.cpp.o
[0.195s] [ 41%] Building CXX object CMakeFiles/cyberrunner_interfaces__rosidl_typesupport_fastrtps_cpp.dir/rosidl_typesupport_fastrtps_cpp/cyberrunner_interfaces/msg/detail/dds_fastrtps/state_estimate__type_support.cpp.o
[0.195s] [ 47%] Building CXX object CMakeFiles/cyberrunner_interfaces__rosidl_typesupport_cpp.dir/rosidl_typesupport_cpp/cyberrunner_interfaces/msg/state_estimate_sub__type_support.cpp.o
[0.195s] [ 47%] Building CXX object CMakeFiles/cyberrunner_interfaces__rosidl_typesupport_fastrtps_c.dir/rosidl_typesupport_fastrtps_c/cyberrunner_interfaces/msg/detail/dynamixel_vel__type_support_c.cpp.o
[0.195s] [ 49%] Building CXX object CMakeFiles/cyberrunner_interfaces__rosidl_typesupport_introspection_cpp.dir/rosidl_typesupport_introspection_cpp/cyberrunner_interfaces/msg/detail/dynamixel_vel__type_support.cpp.o
[0.195s] [ 50%] Building CXX object CMakeFiles/cyberrunner_interfaces__rosidl_typesupport_fastrtps_c.dir/rosidl_typesupport_fastrtps_c/cyberrunner_interfaces/srv/detail/dynamixel_reset__type_support_c.cpp.o
[0.195s] [ 54%] Building CXX object CMakeFiles/cyberrunner_interfaces__rosidl_typesupport_fastrtps_cpp.dir/rosidl_typesupport_fastrtps_cpp/cyberrunner_interfaces/srv/detail/dds_fastrtps/dynamixel_reset__type_support.cpp.o
[0.195s] [ 54%] Building CXX object CMakeFiles/cyberrunner_interfaces__rosidl_typesupport_cpp.dir/rosidl_typesupport_cpp/cyberrunner_interfaces/srv/dynamixel_reset__type_support.cpp.o
[0.196s] [ 56%] Building CXX object CMakeFiles/cyberrunner_interfaces__rosidl_typesupport_fastrtps_cpp.dir/rosidl_typesupport_fastrtps_cpp/cyberrunner_interfaces/msg/detail/dds_fastrtps/dynamixel_vel__type_support.cpp.o
[0.196s] [ 58%] Building CXX object CMakeFiles/cyberrunner_interfaces__rosidl_typesupport_introspection_cpp.dir/rosidl_typesupport_introspection_cpp/cyberrunner_interfaces/msg/detail/state_estimate__type_support.cpp.o
[0.196s] [ 60%] Building CXX object CMakeFiles/cyberrunner_interfaces__rosidl_typesupport_fastrtps_cpp.dir/rosidl_typesupport_fastrtps_cpp/cyberrunner_interfaces/msg/detail/dds_fastrtps/state_estimate_sub__type_support.cpp.o
[0.196s] [ 61%] Building CXX object CMakeFiles/cyberrunner_interfaces__rosidl_typesupport_introspection_cpp.dir/rosidl_typesupport_introspection_cpp/cyberrunner_interfaces/msg/detail/state_estimate_sub__type_support.cpp.o
[0.196s] [ 63%] Building CXX object CMakeFiles/cyberrunner_interfaces__rosidl_typesupport_introspection_cpp.dir/rosidl_typesupport_introspection_cpp/cyberrunner_interfaces/srv/detail/dynamixel_reset__type_support.cpp.o
[0.422s] running egg_info
[0.422s] writing cyberrunner_interfaces.egg-info/PKG-INFO
[0.422s] writing dependency_links to cyberrunner_interfaces.egg-info/dependency_links.txt
[0.422s] writing top-level names to cyberrunner_interfaces.egg-info/top_level.txt
[0.422s] [ 65%] Linking CXX shared library libcyberrunner_interfaces__rosidl_typesupport_cpp.so
[0.423s] reading manifest file 'cyberrunner_interfaces.egg-info/SOURCES.txt'
[0.423s] writing manifest file 'cyberrunner_interfaces.egg-info/SOURCES.txt'
[0.457s] [ 65%] Built target ament_cmake_python_build_cyberrunner_interfaces_egg
[0.457s] [ 67%] Built target cyberrunner_interfaces__rosidl_typesupport_cpp
[0.505s] [ 69%] Linking CXX shared library libcyberrunner_interfaces__rosidl_typesupport_fastrtps_c.so
[0.540s] [ 70%] Linking CXX shared library libcyberrunner_interfaces__rosidl_typesupport_introspection_cpp.so
[0.544s] [ 72%] Linking CXX shared library libcyberrunner_interfaces__rosidl_typesupport_fastrtps_cpp.so
[0.569s] [ 74%] Built target cyberrunner_interfaces__rosidl_typesupport_fastrtps_c
[0.592s] [ 76%] Built target cyberrunner_interfaces__rosidl_typesupport_introspection_cpp
[0.602s] [ 78%] Built target cyberrunner_interfaces__rosidl_typesupport_fastrtps_cpp
[0.622s] [ 78%] Built target cyberrunner_interfaces
[0.641s] [ 80%] Built target cyberrunner_interfaces__py
[0.659s] [ 81%] Building C object CMakeFiles/cyberrunner_interfaces__rosidl_generator_py.dir/rosidl_generator_py/cyberrunner_interfaces/msg/_state_estimate_sub_s.c.o
[0.659s] [ 83%] Building C object CMakeFiles/cyberrunner_interfaces__rosidl_generator_py.dir/rosidl_generator_py/cyberrunner_interfaces/msg/_dynamixel_vel_s.c.o
[0.660s] [ 85%] Building C object CMakeFiles/cyberrunner_interfaces__rosidl_generator_py.dir/rosidl_generator_py/cyberrunner_interfaces/msg/_state_estimate_s.c.o
[0.660s] [ 87%] Building C object CMakeFiles/cyberrunner_interfaces__rosidl_generator_py.dir/rosidl_generator_py/cyberrunner_interfaces/srv/_dynamixel_reset_s.c.o
[0.747s] [ 89%] Linking C shared library rosidl_generator_py/cyberrunner_interfaces/libcyberrunner_interfaces__rosidl_generator_py.so
[0.782s] [ 89%] Built target cyberrunner_interfaces__rosidl_generator_py
[0.799s] [ 92%] Building C object CMakeFiles/cyberrunner_interfaces__rosidl_typesupport_c__pyext.dir/rosidl_generator_py/cyberrunner_interfaces/_cyberrunner_interfaces_s.ep.rosidl_typesupport_c.c.o
[0.799s] [ 92%] Building C object CMakeFiles/cyberrunner_interfaces__rosidl_typesupport_introspection_c__pyext.dir/rosidl_generator_py/cyberrunner_interfaces/_cyberrunner_interfaces_s.ep.rosidl_typesupport_introspection_c.c.o
[0.799s] [ 94%] Building C object CMakeFiles/cyberrunner_interfaces__rosidl_typesupport_fastrtps_c__pyext.dir/rosidl_generator_py/cyberrunner_interfaces/_cyberrunner_interfaces_s.ep.rosidl_typesupport_fastrtps_c.c.o
[0.873s] [ 96%] Linking C shared library rosidl_generator_py/cyberrunner_interfaces/cyberrunner_interfaces_s__rosidl_typesupport_fastrtps_c.cpython-310-x86_64-linux-gnu.so
[0.873s] [ 98%] Linking C shared library rosidl_generator_py/cyberrunner_interfaces/cyberrunner_interfaces_s__rosidl_typesupport_introspection_c.cpython-310-x86_64-linux-gnu.so
[0.874s] [100%] Linking C shared library rosidl_generator_py/cyberrunner_interfaces/cyberrunner_interfaces_s__rosidl_typesupport_c.cpython-310-x86_64-linux-gnu.so
[0.906s] [100%] Built target cyberrunner_interfaces__rosidl_typesupport_introspection_c__pyext
[0.907s] [100%] Built target cyberrunner_interfaces__rosidl_typesupport_c__pyext
[0.910s] [100%] Built target cyberrunner_interfaces__rosidl_typesupport_fastrtps_c__pyext
[0.919s] Invoked command in '/home/trungbao/cyberrunner_ws/build/cyberrunner_interfaces' returned '0': CMAKE_PREFIX_PATH=${CMAKE_PREFIX_PATH}:/home/trungbao/cyberrunner_ws/install/cyberrunner_vision:/home/trungbao/cyberrunner_ws/install/cyberrunner_state_estimation:/home/trungbao/cyberrunner_ws/install/cyberrunner_pid:/home/trungbao/cyberrunner_ws/install/cyberrunner_dreamer:/home/trungbao/cyberrunner_ws/install/cyberrunner_hiwonder:/opt/ros/humble /usr/bin/cmake --build /home/trungbao/cyberrunner_ws/build/cyberrunner_interfaces -- -j24 -l24
[0.920s] Invoking command in '/home/trungbao/cyberrunner_ws/build/cyberrunner_interfaces': CMAKE_PREFIX_PATH=${CMAKE_PREFIX_PATH}:/home/trungbao/cyberrunner_ws/install/cyberrunner_vision:/home/trungbao/cyberrunner_ws/install/cyberrunner_state_estimation:/home/trungbao/cyberrunner_ws/install/cyberrunner_pid:/home/trungbao/cyberrunner_ws/install/cyberrunner_dreamer:/home/trungbao/cyberrunner_ws/install/cyberrunner_hiwonder:/opt/ros/humble /usr/bin/cmake --install /home/trungbao/cyberrunner_ws/build/cyberrunner_interfaces
[0.926s] -- Install configuration: ""
[0.927s] -- Execute custom install script
[0.927s] -- Up-to-date symlink: /home/trungbao/cyberrunner_ws/install/cyberrunner_interfaces/share/ament_index/resource_index/rosidl_interfaces/cyberrunner_interfaces
[0.928s] -- Up-to-date symlink: /home/trungbao/cyberrunner_ws/install/cyberrunner_interfaces/include/cyberrunner_interfaces/cyberrunner_interfaces/msg/detail/dynamixel_vel__functions.h
[0.928s] -- Up-to-date symlink: /home/trungbao/cyberrunner_ws/install/cyberrunner_interfaces/include/cyberrunner_interfaces/cyberrunner_interfaces/msg/detail/dynamixel_vel__struct.h
[0.928s] -- Up-to-date symlink: /home/trungbao/cyberrunner_ws/install/cyberrunner_interfaces/include/cyberrunner_interfaces/cyberrunner_interfaces/msg/detail/dynamixel_vel__type_support.h
[0.928s] -- Up-to-date symlink: /home/trungbao/cyberrunner_ws/install/cyberrunner_interfaces/include/cyberrunner_interfaces/cyberrunner_interfaces/msg/detail/state_estimate__functions.h
[0.928s] -- Up-to-date symlink: /home/trungbao/cyberrunner_ws/install/cyberrunner_interfaces/include/cyberrunner_interfaces/cyberrunner_interfaces/msg/detail/state_estimate__struct.h
[0.928s] -- Up-to-date symlink: /home/trungbao/cyberrunner_ws/install/cyberrunner_interfaces/include/cyberrunner_interfaces/cyberrunner_interfaces/msg/detail/state_estimate__type_support.h
[0.928s] -- Up-to-date symlink: /home/trungbao/cyberrunner_ws/install/cyberrunner_interfaces/include/cyberrunner_interfaces/cyberrunner_interfaces/msg/detail/state_estimate_sub__functions.h
[0.929s] -- Up-to-date symlink: /home/trungbao/cyberrunner_ws/install/cyberrunner_interfaces/include/cyberrunner_interfaces/cyberrunner_interfaces/msg/detail/state_estimate_sub__struct.h
[0.929s] -- Up-to-date symlink: /home/trungbao/cyberrunner_ws/install/cyberrunner_interfaces/include/cyberrunner_interfaces/cyberrunner_interfaces/msg/detail/state_estimate_sub__type_support.h
[0.929s] -- Up-to-date symlink: /home/trungbao/cyberrunner_ws/install/cyberrunner_interfaces/include/cyberrunner_interfaces/cyberrunner_interfaces/msg/dynamixel_vel.h
[0.929s] -- Up-to-date symlink: /home/trungbao/cyberrunner_ws/install/cyberrunner_interfaces/include/cyberrunner_interfaces/cyberrunner_interfaces/msg/rosidl_generator_c__visibility_control.h
[0.929s] -- Up-to-date symlink: /home/trungbao/cyberrunner_ws/install/cyberrunner_interfaces/include/cyberrunner_interfaces/cyberrunner_interfaces/msg/state_estimate.h
[0.929s] -- Up-to-date symlink: /home/trungbao/cyberrunner_ws/install/cyberrunner_interfaces/include/cyberrunner_interfaces/cyberrunner_interfaces/msg/state_estimate_sub.h
[0.929s] -- Up-to-date symlink: /home/trungbao/cyberrunner_ws/install/cyberrunner_interfaces/include/cyberrunner_interfaces/cyberrunner_interfaces/srv/detail/dynamixel_reset__functions.h
[0.929s] -- Up-to-date symlink: /home/trungbao/cyberrunner_ws/install/cyberrunner_interfaces/include/cyberrunner_interfaces/cyberrunner_interfaces/srv/detail/dynamixel_reset__struct.h
[0.929s] -- Up-to-date symlink: /home/trungbao/cyberrunner_ws/install/cyberrunner_interfaces/include/cyberrunner_interfaces/cyberrunner_interfaces/srv/detail/dynamixel_reset__type_support.h
[0.929s] -- Up-to-date symlink: /home/trungbao/cyberrunner_ws/install/cyberrunner_interfaces/include/cyberrunner_interfaces/cyberrunner_interfaces/srv/dynamixel_reset.h
[0.929s] -- Up-to-date symlink: /home/trungbao/cyberrunner_ws/install/cyberrunner_interfaces/share/cyberrunner_interfaces/environment/library_path.sh
[0.929s] -- Up-to-date symlink: /home/trungbao/cyberrunner_ws/install/cyberrunner_interfaces/share/cyberrunner_interfaces/environment/library_path.dsv
[0.930s] -- Up-to-date symlink: /home/trungbao/cyberrunner_ws/install/cyberrunner_interfaces/include/cyberrunner_interfaces/cyberrunner_interfaces/msg/detail/dynamixel_vel__rosidl_typesupport_fastrtps_c.h
[0.930s] -- Up-to-date symlink: /home/trungbao/cyberrunner_ws/install/cyberrunner_interfaces/include/cyberrunner_interfaces/cyberrunner_interfaces/msg/detail/state_estimate__rosidl_typesupport_fastrtps_c.h
[0.930s] -- Up-to-date symlink: /home/trungbao/cyberrunner_ws/install/cyberrunner_interfaces/include/cyberrunner_interfaces/cyberrunner_interfaces/msg/detail/state_estimate_sub__rosidl_typesupport_fastrtps_c.h
[0.930s] -- Up-to-date symlink: /home/trungbao/cyberrunner_ws/install/cyberrunner_interfaces/include/cyberrunner_interfaces/cyberrunner_interfaces/msg/rosidl_typesupport_fastrtps_c__visibility_control.h
[0.930s] -- Up-to-date symlink: /home/trungbao/cyberrunner_ws/install/cyberrunner_interfaces/include/cyberrunner_interfaces/cyberrunner_interfaces/srv/detail/dynamixel_reset__rosidl_typesupport_fastrtps_c.h
[0.931s] -- Up-to-date symlink: /home/trungbao/cyberrunner_ws/install/cyberrunner_interfaces/include/cyberrunner_interfaces/cyberrunner_interfaces/msg/detail/dynamixel_vel__rosidl_typesupport_introspection_c.h
[0.931s] -- Up-to-date symlink: /home/trungbao/cyberrunner_ws/install/cyberrunner_interfaces/include/cyberrunner_interfaces/cyberrunner_interfaces/msg/detail/state_estimate__rosidl_typesupport_introspection_c.h
[0.931s] -- Up-to-date symlink: /home/trungbao/cyberrunner_ws/install/cyberrunner_interfaces/include/cyberrunner_interfaces/cyberrunner_interfaces/msg/detail/state_estimate_sub__rosidl_typesupport_introspection_c.h
[0.931s] -- Up-to-date symlink: /home/trungbao/cyberrunner_ws/install/cyberrunner_interfaces/include/cyberrunner_interfaces/cyberrunner_interfaces/msg/rosidl_typesupport_introspection_c__visibility_control.h
[0.931s] -- Up-to-date symlink: /home/trungbao/cyberrunner_ws/install/cyberrunner_interfaces/include/cyberrunner_interfaces/cyberrunner_interfaces/srv/detail/dynamixel_reset__rosidl_typesupport_introspection_c.h
[0.931s] -- Up-to-date symlink: /home/trungbao/cyberrunner_ws/install/cyberrunner_interfaces/include/cyberrunner_interfaces/cyberrunner_interfaces/msg/detail/dynamixel_vel__builder.hpp
[0.932s] -- Up-to-date symlink: /home/trungbao/cyberrunner_ws/install/cyberrunner_interfaces/include/cyberrunner_interfaces/cyberrunner_interfaces/msg/detail/dynamixel_vel__struct.hpp
[0.932s] -- Up-to-date symlink: /home/trungbao/cyberrunner_ws/install/cyberrunner_interfaces/include/cyberrunner_interfaces/cyberrunner_interfaces/msg/detail/dynamixel_vel__traits.hpp
[0.932s] -- Up-to-date symlink: /home/trungbao/cyberrunner_ws/install/cyberrunner_interfaces/include/cyberrunner_interfaces/cyberrunner_interfaces/msg/detail/dynamixel_vel__type_support.hpp
[0.932s] -- Up-to-date symlink: /home/trungbao/cyberrunner_ws/install/cyberrunner_interfaces/include/cyberrunner_interfaces/cyberrunner_interfaces/msg/detail/state_estimate__builder.hpp
[0.932s] -- Up-to-date symlink: /home/trungbao/cyberrunner_ws/install/cyberrunner_interfaces/include/cyberrunner_interfaces/cyberrunner_interfaces/msg/detail/state_estimate__struct.hpp
[0.932s] -- Up-to-date symlink: /home/trungbao/cyberrunner_ws/install/cyberrunner_interfaces/include/cyberrunner_interfaces/cyberrunner_interfaces/msg/detail/state_estimate__traits.hpp
[0.932s] -- Up-to-date symlink: /home/trungbao/cyberrunner_ws/install/cyberrunner_interfaces/include/cyberrunner_interfaces/cyberrunner_interfaces/msg/detail/state_estimate__type_support.hpp
[0.933s] -- Up-to-date symlink: /home/trungbao/cyberrunner_ws/install/cyberrunner_interfaces/include/cyberrunner_interfaces/cyberrunner_interfaces/msg/detail/state_estimate_sub__builder.hpp
[0.933s] -- Up-to-date symlink: /home/trungbao/cyberrunner_ws/install/cyberrunner_interfaces/include/cyberrunner_interfaces/cyberrunner_interfaces/msg/detail/state_estimate_sub__struct.hpp
[0.933s] -- Up-to-date symlink: /home/trungbao/cyberrunner_ws/install/cyberrunner_interfaces/include/cyberrunner_interfaces/cyberrunner_interfaces/msg/detail/state_estimate_sub__traits.hpp
[0.933s] -- Up-to-date symlink: /home/trungbao/cyberrunner_ws/install/cyberrunner_interfaces/include/cyberrunner_interfaces/cyberrunner_interfaces/msg/detail/state_estimate_sub__type_support.hpp
[0.933s] -- Up-to-date symlink: /home/trungbao/cyberrunner_ws/install/cyberrunner_interfaces/include/cyberrunner_interfaces/cyberrunner_interfaces/msg/dynamixel_vel.hpp
[0.933s] -- Up-to-date symlink: /home/trungbao/cyberrunner_ws/install/cyberrunner_interfaces/include/cyberrunner_interfaces/cyberrunner_interfaces/msg/rosidl_generator_cpp__visibility_control.hpp
[0.933s] -- Up-to-date symlink: /home/trungbao/cyberrunner_ws/install/cyberrunner_interfaces/include/cyberrunner_interfaces/cyberrunner_interfaces/msg/state_estimate.hpp
[0.933s] -- Up-to-date symlink: /home/trungbao/cyberrunner_ws/install/cyberrunner_interfaces/include/cyberrunner_interfaces/cyberrunner_interfaces/msg/state_estimate_sub.hpp
[0.934s] -- Up-to-date symlink: /home/trungbao/cyberrunner_ws/install/cyberrunner_interfaces/include/cyberrunner_interfaces/cyberrunner_interfaces/srv/detail/dynamixel_reset__builder.hpp
[0.934s] -- Up-to-date symlink: /home/trungbao/cyberrunner_ws/install/cyberrunner_interfaces/include/cyberrunner_interfaces/cyberrunner_interfaces/srv/detail/dynamixel_reset__struct.hpp
[0.934s] -- Up-to-date symlink: /home/trungbao/cyberrunner_ws/install/cyberrunner_interfaces/include/cyberrunner_interfaces/cyberrunner_interfaces/srv/detail/dynamixel_reset__traits.hpp
[0.934s] -- Up-to-date symlink: /home/trungbao/cyberrunner_ws/install/cyberrunner_interfaces/include/cyberrunner_interfaces/cyberrunner_interfaces/srv/detail/dynamixel_reset__type_support.hpp
[0.934s] -- Up-to-date symlink: /home/trungbao/cyberrunner_ws/install/cyberrunner_interfaces/include/cyberrunner_interfaces/cyberrunner_interfaces/srv/dynamixel_reset.hpp
[0.934s] -- Up-to-date symlink: /home/trungbao/cyberrunner_ws/install/cyberrunner_interfaces/include/cyberrunner_interfaces/cyberrunner_interfaces/msg/detail/dynamixel_vel__rosidl_typesupport_fastrtps_cpp.hpp
[0.934s] -- Up-to-date symlink: /home/trungbao/cyberrunner_ws/install/cyberrunner_interfaces/include/cyberrunner_interfaces/cyberrunner_interfaces/msg/detail/state_estimate__rosidl_typesupport_fastrtps_cpp.hpp
[0.935s] -- Up-to-date symlink: /home/trungbao/cyberrunner_ws/install/cyberrunner_interfaces/include/cyberrunner_interfaces/cyberrunner_interfaces/msg/detail/state_estimate_sub__rosidl_typesupport_fastrtps_cpp.hpp
[0.935s] -- Up-to-date symlink: /home/trungbao/cyberrunner_ws/install/cyberrunner_interfaces/include/cyberrunner_interfaces/cyberrunner_interfaces/msg/rosidl_typesupport_fastrtps_cpp__visibility_control.h
[0.935s] -- Up-to-date symlink: /home/trungbao/cyberrunner_ws/install/cyberrunner_interfaces/include/cyberrunner_interfaces/cyberrunner_interfaces/srv/detail/dynamixel_reset__rosidl_typesupport_fastrtps_cpp.hpp
[0.935s] -- Up-to-date symlink: /home/trungbao/cyberrunner_ws/install/cyberrunner_interfaces/include/cyberrunner_interfaces/cyberrunner_interfaces/msg/detail/dynamixel_vel__rosidl_typesupport_introspection_cpp.hpp
[0.935s] -- Up-to-date symlink: /home/trungbao/cyberrunner_ws/install/cyberrunner_interfaces/include/cyberrunner_interfaces/cyberrunner_interfaces/msg/detail/state_estimate__rosidl_typesupport_introspection_cpp.hpp
[0.935s] -- Up-to-date symlink: /home/trungbao/cyberrunner_ws/install/cyberrunner_interfaces/include/cyberrunner_interfaces/cyberrunner_interfaces/msg/detail/state_estimate_sub__rosidl_typesupport_introspection_cpp.hpp
[0.936s] -- Up-to-date symlink: /home/trungbao/cyberrunner_ws/install/cyberrunner_interfaces/include/cyberrunner_interfaces/cyberrunner_interfaces/srv/detail/dynamixel_reset__rosidl_typesupport_introspection_cpp.hpp
[0.936s] -- Up-to-date symlink: /home/trungbao/cyberrunner_ws/install/cyberrunner_interfaces/share/cyberrunner_interfaces/environment/pythonpath.sh
[0.936s] -- Up-to-date symlink: /home/trungbao/cyberrunner_ws/install/cyberrunner_interfaces/share/cyberrunner_interfaces/environment/pythonpath.dsv
[0.936s] -- Up-to-date symlink: /home/trungbao/cyberrunner_ws/install/cyberrunner_interfaces/local/lib/python3.10/dist-packages/cyberrunner_interfaces-0.0.0-py3.10.egg-info/PKG-INFO
[0.936s] -- Up-to-date symlink: /home/trungbao/cyberrunner_ws/install/cyberrunner_interfaces/local/lib/python3.10/dist-packages/cyberrunner_interfaces-0.0.0-py3.10.egg-info/SOURCES.txt
[0.936s] -- Up-to-date symlink: /home/trungbao/cyberrunner_ws/install/cyberrunner_interfaces/local/lib/python3.10/dist-packages/cyberrunner_interfaces-0.0.0-py3.10.egg-info/dependency_links.txt
[0.936s] -- Up-to-date symlink: /home/trungbao/cyberrunner_ws/install/cyberrunner_interfaces/local/lib/python3.10/dist-packages/cyberrunner_interfaces-0.0.0-py3.10.egg-info/top_level.txt
[0.936s] -- Up-to-date symlink: /home/trungbao/cyberrunner_ws/install/cyberrunner_interfaces/local/lib/python3.10/dist-packages/cyberrunner_interfaces/__init__.py
[0.936s] -- Up-to-date symlink: /home/trungbao/cyberrunner_ws/install/cyberrunner_interfaces/local/lib/python3.10/dist-packages/cyberrunner_interfaces/_cyberrunner_interfaces_s.ep.rosidl_typesupport_c.c
[0.936s] -- Up-to-date symlink: /home/trungbao/cyberrunner_ws/install/cyberrunner_interfaces/local/lib/python3.10/dist-packages/cyberrunner_interfaces/_cyberrunner_interfaces_s.ep.rosidl_typesupport_fastrtps_c.c
[0.937s] -- Up-to-date symlink: /home/trungbao/cyberrunner_ws/install/cyberrunner_interfaces/local/lib/python3.10/dist-packages/cyberrunner_interfaces/_cyberrunner_interfaces_s.ep.rosidl_typesupport_introspection_c.c
[0.937s] -- Up-to-date symlink: /home/trungbao/cyberrunner_ws/install/cyberrunner_interfaces/local/lib/python3.10/dist-packages/cyberrunner_interfaces/cyberrunner_interfaces_s__rosidl_typesupport_c.cpython-310-x86_64-linux-gnu.so
[0.937s] -- Up-to-date symlink: /home/trungbao/cyberrunner_ws/install/cyberrunner_interfaces/local/lib/python3.10/dist-packages/cyberrunner_interfaces/cyberrunner_interfaces_s__rosidl_typesupport_fastrtps_c.cpython-310-x86_64-linux-gnu.so
[0.937s] -- Up-to-date symlink: /home/trungbao/cyberrunner_ws/install/cyberrunner_interfaces/local/lib/python3.10/dist-packages/cyberrunner_interfaces/cyberrunner_interfaces_s__rosidl_typesupport_introspection_c.cpython-310-x86_64-linux-gnu.so
[0.937s] -- Up-to-date symlink: /home/trungbao/cyberrunner_ws/install/cyberrunner_interfaces/local/lib/python3.10/dist-packages/cyberrunner_interfaces/libcyberrunner_interfaces__rosidl_generator_py.so
[0.937s] -- Up-to-date symlink: /home/trungbao/cyberrunner_ws/install/cyberrunner_interfaces/local/lib/python3.10/dist-packages/cyberrunner_interfaces/msg/__init__.py
[0.937s] -- Up-to-date symlink: /home/trungbao/cyberrunner_ws/install/cyberrunner_interfaces/local/lib/python3.10/dist-packages/cyberrunner_interfaces/msg/_dynamixel_vel.py
[0.937s] -- Up-to-date symlink: /home/trungbao/cyberrunner_ws/install/cyberrunner_interfaces/local/lib/python3.10/dist-packages/cyberrunner_interfaces/msg/_dynamixel_vel_s.c
[0.937s] -- Up-to-date symlink: /home/trungbao/cyberrunner_ws/install/cyberrunner_interfaces/local/lib/python3.10/dist-packages/cyberrunner_interfaces/msg/_state_estimate.py
[0.937s] -- Up-to-date symlink: /home/trungbao/cyberrunner_ws/install/cyberrunner_interfaces/local/lib/python3.10/dist-packages/cyberrunner_interfaces/msg/_state_estimate_s.c
[0.937s] -- Up-to-date symlink: /home/trungbao/cyberrunner_ws/install/cyberrunner_interfaces/local/lib/python3.10/dist-packages/cyberrunner_interfaces/msg/_state_estimate_sub.py
[0.937s] -- Up-to-date symlink: /home/trungbao/cyberrunner_ws/install/cyberrunner_interfaces/local/lib/python3.10/dist-packages/cyberrunner_interfaces/msg/_state_estimate_sub_s.c
[0.937s] -- Up-to-date symlink: /home/trungbao/cyberrunner_ws/install/cyberrunner_interfaces/local/lib/python3.10/dist-packages/cyberrunner_interfaces/srv/__init__.py
[0.937s] -- Up-to-date symlink: /home/trungbao/cyberrunner_ws/install/cyberrunner_interfaces/local/lib/python3.10/dist-packages/cyberrunner_interfaces/srv/_dynamixel_reset.py
[0.937s] -- Up-to-date symlink: /home/trungbao/cyberrunner_ws/install/cyberrunner_interfaces/local/lib/python3.10/dist-packages/cyberrunner_interfaces/srv/_dynamixel_reset_s.c
[0.937s] -- Up-to-date symlink: /home/trungbao/cyberrunner_ws/install/cyberrunner_interfaces/local/lib/python3.10/dist-packages/cyberrunner_interfaces/cyberrunner_interfaces_s__rosidl_typesupport_fastrtps_c.cpython-310-x86_64-linux-gnu.so
[0.937s] -- Up-to-date symlink: /home/trungbao/cyberrunner_ws/install/cyberrunner_interfaces/local/lib/python3.10/dist-packages/cyberrunner_interfaces/cyberrunner_interfaces_s__rosidl_typesupport_introspection_c.cpython-310-x86_64-linux-gnu.so
[0.938s] -- Up-to-date symlink: /home/trungbao/cyberrunner_ws/install/cyberrunner_interfaces/local/lib/python3.10/dist-packages/cyberrunner_interfaces/cyberrunner_interfaces_s__rosidl_typesupport_c.cpython-310-x86_64-linux-gnu.so
[0.938s] -- Up-to-date symlink: /home/trungbao/cyberrunner_ws/install/cyberrunner_interfaces/share/cyberrunner_interfaces/msg/DynamixelVel.idl
[0.938s] -- Up-to-date symlink: /home/trungbao/cyberrunner_ws/install/cyberrunner_interfaces/share/cyberrunner_interfaces/msg/StateEstimate.idl
[0.938s] -- Up-to-date symlink: /home/trungbao/cyberrunner_ws/install/cyberrunner_interfaces/share/cyberrunner_interfaces/msg/StateEstimateSub.idl
[0.938s] -- Up-to-date symlink: /home/trungbao/cyberrunner_ws/install/cyberrunner_interfaces/share/cyberrunner_interfaces/srv/DynamixelReset.idl
[0.938s] -- Up-to-date symlink: /home/trungbao/cyberrunner_ws/install/cyberrunner_interfaces/share/cyberrunner_interfaces/msg/DynamixelVel.msg
[0.938s] -- Up-to-date symlink: /home/trungbao/cyberrunner_ws/install/cyberrunner_interfaces/share/cyberrunner_interfaces/msg/StateEstimate.msg
[0.938s] -- Up-to-date symlink: /home/trungbao/cyberrunner_ws/install/cyberrunner_interfaces/share/cyberrunner_interfaces/msg/StateEstimateSub.msg
[0.938s] -- Up-to-date symlink: /home/trungbao/cyberrunner_ws/install/cyberrunner_interfaces/share/cyberrunner_interfaces/srv/DynamixelReset.srv
[0.938s] -- Up-to-date symlink: /home/trungbao/cyberrunner_ws/install/cyberrunner_interfaces/share/cyberrunner_interfaces/srv/DynamixelReset_Request.msg
[0.938s] -- Up-to-date symlink: /home/trungbao/cyberrunner_ws/install/cyberrunner_interfaces/share/cyberrunner_interfaces/srv/DynamixelReset_Response.msg
[0.939s] -- Up-to-date symlink: /home/trungbao/cyberrunner_ws/install/cyberrunner_interfaces/share/ament_index/resource_index/package_run_dependencies/cyberrunner_interfaces
[0.939s] -- Up-to-date symlink: /home/trungbao/cyberrunner_ws/install/cyberrunner_interfaces/share/ament_index/resource_index/parent_prefix_path/cyberrunner_interfaces
[0.939s] -- Up-to-date symlink: /home/trungbao/cyberrunner_ws/install/cyberrunner_interfaces/share/cyberrunner_interfaces/environment/ament_prefix_path.sh
[0.939s] -- Up-to-date symlink: /home/trungbao/cyberrunner_ws/install/cyberrunner_interfaces/share/cyberrunner_interfaces/environment/ament_prefix_path.dsv
[0.939s] -- Up-to-date symlink: /home/trungbao/cyberrunner_ws/install/cyberrunner_interfaces/share/cyberrunner_interfaces/environment/path.sh
[0.939s] -- Up-to-date symlink: /home/trungbao/cyberrunner_ws/install/cyberrunner_interfaces/share/cyberrunner_interfaces/environment/path.dsv
[0.939s] -- Up-to-date symlink: /home/trungbao/cyberrunner_ws/install/cyberrunner_interfaces/share/cyberrunner_interfaces/local_setup.bash
[0.939s] -- Up-to-date symlink: /home/trungbao/cyberrunner_ws/install/cyberrunner_interfaces/share/cyberrunner_interfaces/local_setup.sh
[0.939s] -- Up-to-date symlink: /home/trungbao/cyberrunner_ws/install/cyberrunner_interfaces/share/cyberrunner_interfaces/local_setup.zsh
[0.939s] -- Up-to-date symlink: /home/trungbao/cyberrunner_ws/install/cyberrunner_interfaces/share/cyberrunner_interfaces/local_setup.dsv
[0.939s] -- Symlinking: /home/trungbao/cyberrunner_ws/install/cyberrunner_interfaces/share/cyberrunner_interfaces/package.dsv
[0.945s] -- Up-to-date symlink: /home/trungbao/cyberrunner_ws/install/cyberrunner_interfaces/share/ament_index/resource_index/packages/cyberrunner_interfaces
[0.946s] -- Up-to-date symlink: /home/trungbao/cyberrunner_ws/install/cyberrunner_interfaces/share/cyberrunner_interfaces/cmake/rosidl_cmake-extras.cmake
[0.946s] -- Up-to-date symlink: /home/trungbao/cyberrunner_ws/install/cyberrunner_interfaces/share/cyberrunner_interfaces/cmake/ament_cmake_export_dependencies-extras.cmake
[0.946s] -- Up-to-date symlink: /home/trungbao/cyberrunner_ws/install/cyberrunner_interfaces/share/cyberrunner_interfaces/cmake/ament_cmake_export_include_directories-extras.cmake
[0.946s] -- Up-to-date symlink: /home/trungbao/cyberrunner_ws/install/cyberrunner_interfaces/share/cyberrunner_interfaces/cmake/ament_cmake_export_libraries-extras.cmake
[0.946s] -- Up-to-date symlink: /home/trungbao/cyberrunner_ws/install/cyberrunner_interfaces/share/cyberrunner_interfaces/cmake/ament_cmake_export_targets-extras.cmake
[0.946s] -- Up-to-date symlink: /home/trungbao/cyberrunner_ws/install/cyberrunner_interfaces/share/cyberrunner_interfaces/cmake/rosidl_cmake_export_typesupport_targets-extras.cmake
[0.946s] -- Up-to-date symlink: /home/trungbao/cyberrunner_ws/install/cyberrunner_interfaces/share/cyberrunner_interfaces/cmake/rosidl_cmake_export_typesupport_libraries-extras.cmake
[0.946s] -- Up-to-date symlink: /home/trungbao/cyberrunner_ws/install/cyberrunner_interfaces/share/cyberrunner_interfaces/cmake/cyberrunner_interfacesConfig.cmake
[0.946s] -- Up-to-date symlink: /home/trungbao/cyberrunner_ws/install/cyberrunner_interfaces/share/cyberrunner_interfaces/cmake/cyberrunner_interfacesConfig-version.cmake
[0.946s] -- Up-to-date symlink: /home/trungbao/cyberrunner_ws/install/cyberrunner_interfaces/share/cyberrunner_interfaces/package.xml
[0.947s] -- Up-to-date: /home/trungbao/cyberrunner_ws/install/cyberrunner_interfaces/lib/libcyberrunner_interfaces__rosidl_generator_c.so
[0.947s] -- Installing: /home/trungbao/cyberrunner_ws/install/cyberrunner_interfaces/lib/libcyberrunner_interfaces__rosidl_typesupport_fastrtps_c.so
[0.947s] -- Set runtime path of "/home/trungbao/cyberrunner_ws/install/cyberrunner_interfaces/lib/libcyberrunner_interfaces__rosidl_typesupport_fastrtps_c.so" to ""
[0.948s] -- Up-to-date: /home/trungbao/cyberrunner_ws/install/cyberrunner_interfaces/lib/libcyberrunner_interfaces__rosidl_typesupport_introspection_c.so
[0.948s] -- Up-to-date: /home/trungbao/cyberrunner_ws/install/cyberrunner_interfaces/lib/libcyberrunner_interfaces__rosidl_typesupport_c.so
[0.949s] -- Installing: /home/trungbao/cyberrunner_ws/install/cyberrunner_interfaces/lib/libcyberrunner_interfaces__rosidl_typesupport_fastrtps_cpp.so
[0.949s] -- Set runtime path of "/home/trungbao/cyberrunner_ws/install/cyberrunner_interfaces/lib/libcyberrunner_interfaces__rosidl_typesupport_fastrtps_cpp.so" to ""
[0.949s] -- Installing: /home/trungbao/cyberrunner_ws/install/cyberrunner_interfaces/lib/libcyberrunner_interfaces__rosidl_typesupport_introspection_cpp.so
[0.950s] -- Set runtime path of "/home/trungbao/cyberrunner_ws/install/cyberrunner_interfaces/lib/libcyberrunner_interfaces__rosidl_typesupport_introspection_cpp.so" to ""
[0.950s] -- Installing: /home/trungbao/cyberrunner_ws/install/cyberrunner_interfaces/lib/libcyberrunner_interfaces__rosidl_typesupport_cpp.so
[0.951s] -- Set runtime path of "/home/trungbao/cyberrunner_ws/install/cyberrunner_interfaces/lib/libcyberrunner_interfaces__rosidl_typesupport_cpp.so" to ""
[0.979s] Listing '/home/trungbao/cyberrunner_ws/install/cyberrunner_interfaces/local/lib/python3.10/dist-packages/cyberrunner_interfaces'...
[0.979s] Listing '/home/trungbao/cyberrunner_ws/install/cyberrunner_interfaces/local/lib/python3.10/dist-packages/cyberrunner_interfaces/msg'...
[0.979s] Listing '/home/trungbao/cyberrunner_ws/install/cyberrunner_interfaces/local/lib/python3.10/dist-packages/cyberrunner_interfaces/srv'...
[0.983s] -- Installing: /home/trungbao/cyberrunner_ws/install/cyberrunner_interfaces/lib/libcyberrunner_interfaces__rosidl_generator_py.so
[0.984s] -- Set runtime path of "/home/trungbao/cyberrunner_ws/install/cyberrunner_interfaces/lib/libcyberrunner_interfaces__rosidl_generator_py.so" to ""
[0.984s] -- Up-to-date: /home/trungbao/cyberrunner_ws/install/cyberrunner_interfaces/share/cyberrunner_interfaces/cmake/export_cyberrunner_interfaces__rosidl_generator_cExport.cmake
[0.984s] -- Up-to-date: /home/trungbao/cyberrunner_ws/install/cyberrunner_interfaces/share/cyberrunner_interfaces/cmake/export_cyberrunner_interfaces__rosidl_generator_cExport-noconfig.cmake
[0.984s] -- Up-to-date: /home/trungbao/cyberrunner_ws/install/cyberrunner_interfaces/share/cyberrunner_interfaces/cmake/export_cyberrunner_interfaces__rosidl_typesupport_fastrtps_cExport.cmake
[0.984s] -- Up-to-date: /home/trungbao/cyberrunner_ws/install/cyberrunner_interfaces/share/cyberrunner_interfaces/cmake/export_cyberrunner_interfaces__rosidl_typesupport_fastrtps_cExport-noconfig.cmake
[0.985s] -- Up-to-date: /home/trungbao/cyberrunner_ws/install/cyberrunner_interfaces/share/cyberrunner_interfaces/cmake/cyberrunner_interfaces__rosidl_typesupport_introspection_cExport.cmake
[0.985s] -- Up-to-date: /home/trungbao/cyberrunner_ws/install/cyberrunner_interfaces/share/cyberrunner_interfaces/cmake/cyberrunner_interfaces__rosidl_typesupport_introspection_cExport-noconfig.cmake
[0.985s] -- Up-to-date: /home/trungbao/cyberrunner_ws/install/cyberrunner_interfaces/share/cyberrunner_interfaces/cmake/cyberrunner_interfaces__rosidl_typesupport_cExport.cmake
[0.985s] -- Up-to-date: /home/trungbao/cyberrunner_ws/install/cyberrunner_interfaces/share/cyberrunner_interfaces/cmake/cyberrunner_interfaces__rosidl_typesupport_cExport-noconfig.cmake
[0.985s] -- Up-to-date: /home/trungbao/cyberrunner_ws/install/cyberrunner_interfaces/share/cyberrunner_interfaces/cmake/export_cyberrunner_interfaces__rosidl_generator_cppExport.cmake
[0.986s] -- Up-to-date: /home/trungbao/cyberrunner_ws/install/cyberrunner_interfaces/share/cyberrunner_interfaces/cmake/export_cyberrunner_interfaces__rosidl_typesupport_fastrtps_cppExport.cmake
[0.986s] -- Up-to-date: /home/trungbao/cyberrunner_ws/install/cyberrunner_interfaces/share/cyberrunner_interfaces/cmake/export_cyberrunner_interfaces__rosidl_typesupport_fastrtps_cppExport-noconfig.cmake
[0.986s] -- Up-to-date: /home/trungbao/cyberrunner_ws/install/cyberrunner_interfaces/share/cyberrunner_interfaces/cmake/cyberrunner_interfaces__rosidl_typesupport_introspection_cppExport.cmake
[0.986s] -- Up-to-date: /home/trungbao/cyberrunner_ws/install/cyberrunner_interfaces/share/cyberrunner_interfaces/cmake/cyberrunner_interfaces__rosidl_typesupport_introspection_cppExport-noconfig.cmake
[0.986s] -- Up-to-date: /home/trungbao/cyberrunner_ws/install/cyberrunner_interfaces/share/cyberrunner_interfaces/cmake/cyberrunner_interfaces__rosidl_typesupport_cppExport.cmake
[0.986s] -- Up-to-date: /home/trungbao/cyberrunner_ws/install/cyberrunner_interfaces/share/cyberrunner_interfaces/cmake/cyberrunner_interfaces__rosidl_typesupport_cppExport-noconfig.cmake
[0.986s] -- Up-to-date: /home/trungbao/cyberrunner_ws/install/cyberrunner_interfaces/share/cyberrunner_interfaces/cmake/export_cyberrunner_interfaces__rosidl_generator_pyExport.cmake
[0.986s] -- Up-to-date: /home/trungbao/cyberrunner_ws/install/cyberrunner_interfaces/share/cyberrunner_interfaces/cmake/export_cyberrunner_interfaces__rosidl_generator_pyExport-noconfig.cmake
[0.988s] Invoked command in '/home/trungbao/cyberrunner_ws/build/cyberrunner_interfaces' returned '0': CMAKE_PREFIX_PATH=${CMAKE_PREFIX_PATH}:/home/trungbao/cyberrunner_ws/install/cyberrunner_vision:/home/trungbao/cyberrunner_ws/install/cyberrunner_state_estimation:/home/trungbao/cyberrunner_ws/install/cyberrunner_pid:/home/trungbao/cyberrunner_ws/install/cyberrunner_dreamer:/home/trungbao/cyberrunner_ws/install/cyberrunner_hiwonder:/opt/ros/humble /usr/bin/cmake --install /home/trungbao/cyberrunner_ws/build/cyberrunner_interfaces
