-- Found ament_cmake: 1.3.12 (/opt/ros/humble/share/ament_cmake/cmake)
-- Found rclcpp: 16.0.17 (/opt/ros/humble/share/rclcpp/cmake)
-- Found rosidl_generator_c: 3.1.8 (/opt/ros/humble/share/rosidl_generator_c/cmake)
-- Found rosidl_adapter: 3.1.8 (/opt/ros/humble/share/rosidl_adapter/cmake)
-- Found rosidl_generator_cpp: 3.1.8 (/opt/ros/humble/share/rosidl_generator_cpp/cmake)
-- Using all available rosidl_typesupport_c: rosidl_typesupport_fastrtps_c;rosidl_typesupport_introspection_c
-- Using all available rosidl_typesupport_cpp: rosidl_typesupport_fastrtps_cpp;rosidl_typesupport_introspection_cpp
-- Found rmw_implementation_cmake: 6.1.2 (/opt/ros/humble/share/rmw_implementation_cmake/cmake)
-- Found rmw_fastrtps_cpp: 6.2.9 (/opt/ros/humble/share/rmw_fastrtps_cpp/cmake)
-- Using RMW implementation 'rmw_fastrtps_cpp' as default
-- Found std_srvs: 4.9.0 (/opt/ros/humble/share/std_srvs/cmake)
-- Found sensor_msgs: 4.9.0 (/opt/ros/humble/share/sensor_msgs/cmake)
-- Found cv_bridge: 3.2.1 (/opt/ros/humble/share/cv_bridge/cmake)
-- Configuring done
-- Generating done
-- Build files have been written to: /home/trungbao/cyberrunner_ws/build/cyberrunner_cpp
[35m[1mConsolidate compiler generated dependencies of target camera_node[0m
[35m[1mConsolidate compiler generated dependencies of target marble_node[0m
[35m[1mConsolidate compiler generated dependencies of target estimator_node[0m
[35m[1mConsolidate compiler generated dependencies of target hiwonder_node[0m
[35m[1mConsolidate compiler generated dependencies of target controller_node[0m
[35m[1mConsolidate compiler generated dependencies of target tuner_node[0m
[35m[1mConsolidate compiler generated dependencies of target ri_node[0m
[35m[1mConsolidate compiler generated dependencies of target path_progress_node[0m
[35m[1mConsolidate compiler generated dependencies of target path_node[0m
[ 50%] Built target ri_node
[ 50%] Built target controller_node
[ 50%] [32mBuilding CXX object CMakeFiles/path_progress_node.dir/src/path_progress_node.cpp.o[0m
[ 50%] Built target tuner_node
[ 50%] Built target hiwonder_node
[ 61%] Built target estimator_node
[ 72%] Built target marble_node
[ 83%] Built target camera_node
[ 94%] Built target path_node
[100%] [32m[1mLinking CXX executable path_progress_node[0m
[100%] Built target path_progress_node
-- Install configuration: "Release"
-- Up-to-date: /home/trungbao/cyberrunner_ws/install/cyberrunner_cpp/lib/cyberrunner_cpp/camera_node
-- Up-to-date: /home/trungbao/cyberrunner_ws/install/cyberrunner_cpp/lib/cyberrunner_cpp/estimator_node
-- Up-to-date: /home/trungbao/cyberrunner_ws/install/cyberrunner_cpp/lib/cyberrunner_cpp/marble_node
-- Up-to-date: /home/trungbao/cyberrunner_ws/install/cyberrunner_cpp/lib/cyberrunner_cpp/path_node
-- Installing: /home/trungbao/cyberrunner_ws/install/cyberrunner_cpp/lib/cyberrunner_cpp/path_progress_node
-- Set runtime path of "/home/trungbao/cyberrunner_ws/install/cyberrunner_cpp/lib/cyberrunner_cpp/path_progress_node" to ""
-- Up-to-date: /home/trungbao/cyberrunner_ws/install/cyberrunner_cpp/lib/cyberrunner_cpp/ri_node
-- Up-to-date: /home/trungbao/cyberrunner_ws/install/cyberrunner_cpp/lib/cyberrunner_cpp/controller_node
-- Up-to-date: /home/trungbao/cyberrunner_ws/install/cyberrunner_cpp/lib/cyberrunner_cpp/hiwonder_node
-- Up-to-date: /home/trungbao/cyberrunner_ws/install/cyberrunner_cpp/lib/cyberrunner_cpp/tuner_node
-- Up-to-date: /home/trungbao/cyberrunner_ws/install/cyberrunner_cpp/share/cyberrunner_cpp/launch
-- Up-to-date: /home/trungbao/cyberrunner_ws/install/cyberrunner_cpp/share/cyberrunner_cpp/launch/cyberrunner.launch.py
-- Up-to-date: /home/trungbao/cyberrunner_ws/install/cyberrunner_cpp/include
-- Up-to-date: /home/trungbao/cyberrunner_ws/install/cyberrunner_cpp/include/cyberrunner
-- Up-to-date: /home/trungbao/cyberrunner_ws/install/cyberrunner_cpp/include/cyberrunner/linear_path.hpp
-- Up-to-date: /home/trungbao/cyberrunner_ws/install/cyberrunner_cpp/include/cyberrunner/ocam_model.hpp
-- Up-to-date: /home/trungbao/cyberrunner_ws/install/cyberrunner_cpp/share/ament_index/resource_index/package_run_dependencies/cyberrunner_cpp
-- Up-to-date: /home/trungbao/cyberrunner_ws/install/cyberrunner_cpp/share/ament_index/resource_index/parent_prefix_path/cyberrunner_cpp
-- Up-to-date: /home/trungbao/cyberrunner_ws/install/cyberrunner_cpp/share/cyberrunner_cpp/environment/ament_prefix_path.sh
-- Installing: /home/trungbao/cyberrunner_ws/install/cyberrunner_cpp/share/cyberrunner_cpp/environment/ament_prefix_path.dsv
-- Up-to-date: /home/trungbao/cyberrunner_ws/install/cyberrunner_cpp/share/cyberrunner_cpp/environment/path.sh
-- Installing: /home/trungbao/cyberrunner_ws/install/cyberrunner_cpp/share/cyberrunner_cpp/environment/path.dsv
-- Up-to-date: /home/trungbao/cyberrunner_ws/install/cyberrunner_cpp/share/cyberrunner_cpp/local_setup.bash
-- Up-to-date: /home/trungbao/cyberrunner_ws/install/cyberrunner_cpp/share/cyberrunner_cpp/local_setup.sh
-- Up-to-date: /home/trungbao/cyberrunner_ws/install/cyberrunner_cpp/share/cyberrunner_cpp/local_setup.zsh
-- Installing: /home/trungbao/cyberrunner_ws/install/cyberrunner_cpp/share/cyberrunner_cpp/local_setup.dsv
-- Installing: /home/trungbao/cyberrunner_ws/install/cyberrunner_cpp/share/cyberrunner_cpp/package.dsv
-- Up-to-date: /home/trungbao/cyberrunner_ws/install/cyberrunner_cpp/share/ament_index/resource_index/packages/cyberrunner_cpp
-- Up-to-date: /home/trungbao/cyberrunner_ws/install/cyberrunner_cpp/share/cyberrunner_cpp/cmake/cyberrunner_cppConfig.cmake
-- Up-to-date: /home/trungbao/cyberrunner_ws/install/cyberrunner_cpp/share/cyberrunner_cpp/cmake/cyberrunner_cppConfig-version.cmake
-- Up-to-date: /home/trungbao/cyberrunner_ws/install/cyberrunner_cpp/share/cyberrunner_cpp/package.xml
