[0.005s] Invoking command in '/home/trungbao/cyberrunner_ws/build/cyberrunner_cpp': /usr/bin/cmake /home/trungbao/cyberrunner_ws/src/cyberrunner_cpp -DCMAKE_INSTALL_PREFIX=/home/trungbao/cyberrunner_ws/install/cyberrunner_cpp
[0.063s] -- The C compiler identification is GNU 11.4.0
[0.102s] -- The CXX compiler identification is GNU 11.4.0
[0.109s] -- Detecting C compiler ABI info
[0.159s] -- Detecting C compiler ABI info - done
[0.163s] -- Check for working C compiler: /usr/bin/cc - skipped
[0.165s] -- Detecting C compile features
[0.165s] -- Detecting C compile features - done
[0.167s] -- Detecting CXX compiler ABI info
[0.223s] -- Detecting CXX compiler ABI info - done
[0.226s] -- Check for working CXX compiler: /usr/bin/c++ - skipped
[0.226s] -- Detecting CXX compile features
[0.227s] -- Detecting CXX compile features - done
[0.229s] -- Found ament_cmake: 1.3.12 (/opt/ros/humble/share/ament_cmake/cmake)
[0.439s] -- Found Python3: /usr/bin/python3 (found version "3.10.12") found components: Interpreter 
[0.493s] -- Found rclcpp: 16.0.17 (/opt/ros/humble/share/rclcpp/cmake)
[0.516s] -- Found rosidl_generator_c: 3.1.8 (/opt/ros/humble/share/rosidl_generator_c/cmake)
[0.519s] -- Found rosidl_adapter: 3.1.8 (/opt/ros/humble/share/rosidl_adapter/cmake)
[0.523s] -- Found rosidl_generator_cpp: 3.1.8 (/opt/ros/humble/share/rosidl_generator_cpp/cmake)
[0.529s] -- Using all available rosidl_typesupport_c: rosidl_typesupport_fastrtps_c;rosidl_typesupport_introspection_c
[0.537s] -- Using all available rosidl_typesupport_cpp: rosidl_typesupport_fastrtps_cpp;rosidl_typesupport_introspection_cpp
[0.561s] -- Found rmw_implementation_cmake: 6.1.2 (/opt/ros/humble/share/rmw_implementation_cmake/cmake)
[0.562s] -- Found rmw_fastrtps_cpp: 6.2.9 (/opt/ros/humble/share/rmw_fastrtps_cpp/cmake)
[0.616s] -- Found OpenSSL: /usr/lib/x86_64-linux-gnu/libcrypto.so (found version "3.0.2")  
[0.633s] -- Found FastRTPS: /opt/ros/humble/include  
[0.655s] -- Using RMW implementation 'rmw_fastrtps_cpp' as default
[0.660s] -- Looking for pthread.h
[0.711s] -- Looking for pthread.h - found
[0.711s] -- Performing Test CMAKE_HAVE_LIBC_PTHREAD
[0.761s] -- Performing Test CMAKE_HAVE_LIBC_PTHREAD - Success
[0.762s] -- Found Threads: TRUE  
[0.787s] -- Found std_srvs: 4.9.0 (/opt/ros/humble/share/std_srvs/cmake)
[0.792s] -- Found sensor_msgs: 4.9.0 (/opt/ros/humble/share/sensor_msgs/cmake)
[0.807s] -- Found cv_bridge: 3.2.1 (/opt/ros/humble/share/cv_bridge/cmake)
[0.814s] -- Found OpenCV: /usr (found version "4.5.4") 
[0.817s] -- Found PkgConfig: /usr/bin/pkg-config (found version "0.29.2") 
[0.817s] -- Checking for module 'hidapi-hidraw'
[0.828s] --   Found hidapi-hidraw, version 0.11.2
[0.850s] -- Found nlohmann_json: /usr/lib/cmake/nlohmann_json/nlohmann_jsonConfig.cmake (found version "3.10.5") 
[0.864s] CMake Error: File /home/trungbao/cyberrunner_ws/src/cyberrunner_cpp/package.xml does not exist.
[0.864s] CMake Error at /opt/ros/humble/share/ament_cmake_core/cmake/core/stamp.cmake:24 (configure_file):
[0.864s]   configure_file Problem configuring file
[0.864s] Call Stack (most recent call first):
[0.864s]   /opt/ros/humble/share/ament_cmake_core/cmake/core/ament_package_xml.cmake:73 (stamp)
[0.864s]   /opt/ros/humble/share/ament_cmake_core/cmake/core/ament_package_xml.cmake:49 (_ament_package_xml)
[0.864s]   /opt/ros/humble/share/ament_cmake_core/cmake/core/ament_package.cmake:63 (ament_package_xml)
[0.864s]   CMakeLists.txt:119 (ament_package)
[0.864s] 
[0.865s] 
[0.865s] -- Configuring incomplete, errors occurred!
[0.865s] See also "/home/trungbao/cyberrunner_ws/build/cyberrunner_cpp/CMakeFiles/CMakeOutput.log".
[0.871s] Invoked command in '/home/trungbao/cyberrunner_ws/build/cyberrunner_cpp' returned '1': /usr/bin/cmake /home/trungbao/cyberrunner_ws/src/cyberrunner_cpp -DCMAKE_INSTALL_PREFIX=/home/trungbao/cyberrunner_ws/install/cyberrunner_cpp
